In file included from src/solver.h:7:0,
                 from src/solver.cc:1:
src/det.h:11:17: error: ‘BigSpinDet’ in namespace ‘hci::hci’ does not name a type
 #define SpinDet BigSpinDet
                 ^
src/det.h:31:8: note: in expansion of macro ‘SpinDet’
   hci::SpinDet up;
        ^~~~~~~
src/det.h:11:17: error: ‘BigSpinDet’ in namespace ‘hci::hci’ does not name a type
 #define SpinDet BigSpinDet
                 ^
src/det.h:32:8: note: in expansion of macro ‘SpinDet’
   hci::SpinDet dn;
        ^~~~~~~
src/det.h: In member function ‘void hci::hci::Det::serialize(Archive&, unsigned int)’:
src/det.h:38:9: error: ‘up’ was not declared in this scope
     ar &up;
         ^~
src/det.h:39:9: error: ‘dn’ was not declared in this scope
     ar &dn;
         ^~
In file included from /usr/local/include/boost/functional/hash/detail/hash_float.hpp:17:0,
                 from /usr/local/include/boost/functional/hash/hash.hpp:21,
                 from /usr/local/include/boost/functional/hash.hpp:6,
                 from src/solver.cc:3:
/usr/local/include/boost/integer/static_log2.hpp: At global scope:
/usr/local/include/boost/integer/static_log2.hpp:44:21: error: ‘static_log2_argument_type’ in namespace ‘hci::boost’ does not name a type
      typedef boost::static_log2_argument_type argument_type;
                     ^~~~~~~~~~~~~~~~~~~~~~~~~
/usr/local/include/boost/integer/static_log2.hpp:45:21: error: ‘static_log2_result_type’ in namespace ‘hci::boost’ does not name a type
      typedef boost::static_log2_result_type result_type;
                     ^~~~~~~~~~~~~~~~~~~~~~~
/usr/local/include/boost/integer/static_log2.hpp:47:16: error: ‘result_type’ has not been declared
      template <result_type n>
                ^~~~~~~~~~~
In file included from /usr/local/include/boost/config.hpp:61:0,
                 from /usr/local/include/boost/mpi/config.hpp:21,
                 from /usr/local/include/boost/mpi/allocator.hpp:15,
                 from /usr/local/include/boost/mpi.hpp:22,
                 from src/solver.h:4,
                 from src/solver.cc:1:
/usr/local/include/boost/integer/static_log2.hpp:50:10: error: there are no arguments to ‘argument_type’ that depend on a template parameter, so a declaration of ‘argument_type’ must be available [-fpermissive]
          BOOST_STATIC_CONSTANT(bool, c = (argument_type(1) << n << n) != 0);
          ^
/usr/local/include/boost/integer/static_log2.hpp:50:10: note: (if you use ‘-fpermissive’, G++ will accept your code, but allowing the use of an undeclared name is deprecated)
/usr/local/include/boost/integer/static_log2.hpp:50:10: error: ‘n’ was not declared in this scope
          BOOST_STATIC_CONSTANT(bool, c = (argument_type(1) << n << n) != 0);
          ^
/usr/local/include/boost/integer/static_log2.hpp:50:10: error: ‘n’ was not declared in this scope
          BOOST_STATIC_CONSTANT(bool, c = (argument_type(1) << n << n) != 0);
          ^
/usr/local/include/boost/integer/static_log2.hpp:51:10: error: ‘result_type’ does not name a type
          BOOST_STATIC_CONSTANT(
          ^
In file included from /usr/local/include/boost/functional/hash/detail/hash_float.hpp:17:0,
                 from /usr/local/include/boost/functional/hash/hash.hpp:21,
                 from /usr/local/include/boost/functional/hash.hpp:6,
                 from src/solver.cc:3:
/usr/local/include/boost/integer/static_log2.hpp:66:12: error: ‘result_type’ does not name a type
      const result_type n_zero = 16;
            ^~~~~~~~~~~
/usr/local/include/boost/integer/static_log2.hpp:67:12: error: ‘result_type’ does not name a type
      const result_type initial_n = choose_initial_n<n_zero>::value;
            ^~~~~~~~~~~
/usr/local/include/boost/integer/static_log2.hpp:84:16: error: ‘argument_type’ has not been declared
      template <argument_type x, result_type n = initial_n>
                ^~~~~~~~~~~~~
/usr/local/include/boost/integer/static_log2.hpp:84:33: error: ‘result_type’ has not been declared
      template <argument_type x, result_type n = initial_n>
                                 ^~~~~~~~~~~
/usr/local/include/boost/integer/static_log2.hpp:84:49: error: ‘initial_n’ was not declared in this scope
      template <argument_type x, result_type n = initial_n>
                                                 ^~~~~~~~~
In file included from /usr/local/include/boost/config.hpp:61:0,
                 from /usr/local/include/boost/mpi/config.hpp:21,
                 from /usr/local/include/boost/mpi/allocator.hpp:15,
                 from /usr/local/include/boost/mpi.hpp:22,
                 from src/solver.h:4,
                 from src/solver.cc:1:
/usr/local/include/boost/integer/static_log2.hpp:87:10: error: ‘x’ was not declared in this scope
          BOOST_STATIC_CONSTANT(bool, c = (x >> n) > 0); // x >= 2**n ?
          ^
/usr/local/include/boost/integer/static_log2.hpp:87:10: error: ‘n’ was not declared in this scope
          BOOST_STATIC_CONSTANT(bool, c = (x >> n) > 0); // x >= 2**n ?
          ^
/usr/local/include/boost/integer/static_log2.hpp:88:10: error: ‘result_type’ does not name a type
          BOOST_STATIC_CONSTANT(
          ^
In file included from /usr/local/include/boost/functional/hash/detail/hash_float.hpp:17:0,
                 from /usr/local/include/boost/functional/hash/hash.hpp:21,
                 from /usr/local/include/boost/functional/hash.hpp:6,
                 from src/solver.cc:3:
/usr/local/include/boost/integer/static_log2.hpp:109:12: error: ‘static_log2_argument_type’ has not been declared
  template <static_log2_argument_type x>
            ^~~~~~~~~~~~~~~~~~~~~~~~~
In file included from /usr/local/include/boost/config.hpp:61:0,
                 from /usr/local/include/boost/mpi/config.hpp:21,
                 from /usr/local/include/boost/mpi/allocator.hpp:15,
                 from /usr/local/include/boost/mpi.hpp:22,
                 from src/solver.h:4,
                 from src/solver.cc:1:
/usr/local/include/boost/integer/static_log2.hpp:112:6: error: ‘static_log2_result_type’ does not name a type
      BOOST_STATIC_CONSTANT(
      ^
In file included from /usr/local/include/boost/functional/hash/hash.hpp:21:0,
                 from /usr/local/include/boost/functional/hash.hpp:6,
                 from src/solver.cc:3:
/usr/local/include/boost/functional/hash/detail/hash_float.hpp:105:43: error: ‘enable_if_c’ in namespace ‘hci::boost’ does not name a template type
             BOOST_DEDUCED_TYPENAME boost::enable_if_c<
                                           ^~~~~~~~~~~
/usr/local/include/boost/functional/hash/detail/hash_float.hpp:105:54: error: expected ‘,’ or ‘...’ before ‘<’ token
             BOOST_DEDUCED_TYPENAME boost::enable_if_c<
                                                      ^
/usr/local/include/boost/functional/hash/detail/hash_float.hpp:115:43: error: ‘enable_if_c’ in namespace ‘hci::boost’ does not name a template type
             BOOST_DEDUCED_TYPENAME boost::enable_if_c<
                                           ^~~~~~~~~~~
/usr/local/include/boost/functional/hash/detail/hash_float.hpp:115:54: error: expected ‘,’ or ‘...’ before ‘<’ token
             BOOST_DEDUCED_TYPENAME boost::enable_if_c<
                                                      ^
/usr/local/include/boost/functional/hash/detail/hash_float.hpp:114:28: error: redefinition of ‘template<class Float> std::size_t hci::boost::hash_detail::float_hash_impl(Float, int)’
         inline std::size_t float_hash_impl(Float v,
                            ^~~~~~~~~~~~~~~
/usr/local/include/boost/functional/hash/detail/hash_float.hpp:104:28: note: ‘template<class Float> std::size_t hci::boost::hash_detail::float_hash_impl(Float, int)’ previously declared here
         inline std::size_t float_hash_impl(Float v,
                            ^~~~~~~~~~~~~~~
/usr/local/include/boost/functional/hash/detail/hash_float.hpp:124:43: error: ‘enable_if_c’ in namespace ‘hci::boost’ does not name a template type
             BOOST_DEDUCED_TYPENAME boost::enable_if_c<
                                           ^~~~~~~~~~~
/usr/local/include/boost/functional/hash/detail/hash_float.hpp:124:54: error: expected ‘,’ or ‘...’ before ‘<’ token
             BOOST_DEDUCED_TYPENAME boost::enable_if_c<
                                                      ^
/usr/local/include/boost/functional/hash/detail/hash_float.hpp:123:28: error: redefinition of ‘template<class Float> std::size_t hci::boost::hash_detail::float_hash_impl(Float, int)’
         inline std::size_t float_hash_impl(Float v,
                            ^~~~~~~~~~~~~~~
/usr/local/include/boost/functional/hash/detail/hash_float.hpp:104:28: note: ‘template<class Float> std::size_t hci::boost::hash_detail::float_hash_impl(Float, int)’ previously declared here
         inline std::size_t float_hash_impl(Float v,
                            ^~~~~~~~~~~~~~~
/usr/local/include/boost/functional/hash/detail/hash_float.hpp:133:43: error: ‘enable_if_c’ in namespace ‘hci::boost’ does not name a template type
             BOOST_DEDUCED_TYPENAME boost::enable_if_c<
                                           ^~~~~~~~~~~
/usr/local/include/boost/functional/hash/detail/hash_float.hpp:133:54: error: expected ‘,’ or ‘...’ before ‘<’ token
             BOOST_DEDUCED_TYPENAME boost::enable_if_c<
                                                      ^
/usr/local/include/boost/functional/hash/detail/hash_float.hpp:132:28: error: redefinition of ‘template<class Float> std::size_t hci::boost::hash_detail::float_hash_impl(Float, int)’
         inline std::size_t float_hash_impl(Float v,
                            ^~~~~~~~~~~~~~~
/usr/local/include/boost/functional/hash/detail/hash_float.hpp:104:28: note: ‘template<class Float> std::size_t hci::boost::hash_detail::float_hash_impl(Float, int)’ previously declared here
         inline std::size_t float_hash_impl(Float v,
                            ^~~~~~~~~~~~~~~
In file included from /usr/local/include/boost/functional/hash/hash.hpp:34:0,
                 from /usr/local/include/boost/functional/hash.hpp:6,
                 from src/solver.cc:3:
/usr/include/c++/6/typeindex:54:22: error: ‘type_info’ does not name a type
     type_index(const type_info& __rhs) noexcept
                      ^~~~~~~~~
/usr/include/c++/6/typeindex:90:11: error: ‘type_info’ does not name a type
     const type_info* _M_target;
           ^~~~~~~~~
/usr/include/c++/6/typeindex: In constructor ‘hci::std::type_index::type_index(const int&)’:
/usr/include/c++/6/typeindex:55:7: error: class ‘hci::std::type_index’ does not have any field named ‘_M_target’
     : _M_target(&__rhs) { }
       ^~~~~~~~~
/usr/include/c++/6/typeindex: In member function ‘bool hci::std::type_index::operator==(const hci::std::type_index&) const’:
/usr/include/c++/6/typeindex:59:15: error: ‘_M_target’ was not declared in this scope
     { return *_M_target == *__rhs._M_target; }
               ^~~~~~~~~
/usr/include/c++/6/typeindex:59:35: error: ‘const struct hci::std::type_index’ has no member named ‘_M_target’
     { return *_M_target == *__rhs._M_target; }
                                   ^~~~~~~~~
/usr/include/c++/6/typeindex: In member function ‘bool hci::std::type_index::operator!=(const hci::std::type_index&) const’:
/usr/include/c++/6/typeindex:63:15: error: ‘_M_target’ was not declared in this scope
     { return *_M_target != *__rhs._M_target; }
               ^~~~~~~~~
/usr/include/c++/6/typeindex:63:35: error: ‘const struct hci::std::type_index’ has no member named ‘_M_target’
     { return *_M_target != *__rhs._M_target; }
                                   ^~~~~~~~~
/usr/include/c++/6/typeindex: In member function ‘bool hci::std::type_index::operator<(const hci::std::type_index&) const’:
/usr/include/c++/6/typeindex:67:14: error: ‘_M_target’ was not declared in this scope
     { return _M_target->before(*__rhs._M_target); }
              ^~~~~~~~~
/usr/include/c++/6/typeindex:67:39: error: ‘const struct hci::std::type_index’ has no member named ‘_M_target’
     { return _M_target->before(*__rhs._M_target); }
                                       ^~~~~~~~~
/usr/include/c++/6/typeindex: In member function ‘bool hci::std::type_index::operator<=(const hci::std::type_index&) const’:
/usr/include/c++/6/typeindex:71:21: error: ‘const struct hci::std::type_index’ has no member named ‘_M_target’
     { return !__rhs._M_target->before(*_M_target); }
                     ^~~~~~~~~
/usr/include/c++/6/typeindex:71:40: error: ‘_M_target’ was not declared in this scope
     { return !__rhs._M_target->before(*_M_target); }
                                        ^~~~~~~~~
/usr/include/c++/6/typeindex: In member function ‘bool hci::std::type_index::operator>(const hci::std::type_index&) const’:
/usr/include/c++/6/typeindex:75:20: error: ‘const struct hci::std::type_index’ has no member named ‘_M_target’
     { return __rhs._M_target->before(*_M_target); }
                    ^~~~~~~~~
/usr/include/c++/6/typeindex:75:39: error: ‘_M_target’ was not declared in this scope
     { return __rhs._M_target->before(*_M_target); }
                                       ^~~~~~~~~
/usr/include/c++/6/typeindex: In member function ‘bool hci::std::type_index::operator>=(const hci::std::type_index&) const’:
/usr/include/c++/6/typeindex:79:15: error: ‘_M_target’ was not declared in this scope
     { return !_M_target->before(*__rhs._M_target); }
               ^~~~~~~~~
/usr/include/c++/6/typeindex:79:40: error: ‘const struct hci::std::type_index’ has no member named ‘_M_target’
     { return !_M_target->before(*__rhs._M_target); }
                                        ^~~~~~~~~
/usr/include/c++/6/typeindex: In member function ‘size_t hci::std::type_index::hash_code() const’:
/usr/include/c++/6/typeindex:83:14: error: ‘_M_target’ was not declared in this scope
     { return _M_target->hash_code(); }
              ^~~~~~~~~
/usr/include/c++/6/typeindex: In member function ‘const char* hci::std::type_index::name() const’:
/usr/include/c++/6/typeindex:87:14: error: ‘_M_target’ was not declared in this scope
     { return _M_target->name(); }
              ^~~~~~~~~
In file included from /usr/local/include/boost/functional/hash.hpp:6:0,
                 from src/solver.cc:3:
/usr/local/include/boost/functional/hash/hash.hpp: At global scope:
/usr/local/include/boost/functional/hash/hash.hpp:65:49: error: ‘size_t’ in namespace ‘hci::std’ does not name a type
         struct enable_hash_value { typedef std::size_t type; };
                                                 ^~~~~~
/usr/local/include/boost/functional/hash/hash.hpp:107:41: error: ‘long_long_type’ is not a member of ‘hci::boost’
         template <> struct long_numbers<boost::long_long_type> :
                                         ^~~~~
/usr/local/include/boost/functional/hash/hash.hpp:107:41: note: suggested alternative:
In file included from /usr/local/include/boost/config.hpp:61:0,
                 from /usr/local/include/boost/mpi/config.hpp:21,
                 from /usr/local/include/boost/mpi/allocator.hpp:15,
                 from /usr/local/include/boost/mpi.hpp:22,
                 from src/solver.h:4,
                 from src/solver.cc:1:
/usr/local/include/boost/config/suffix.hpp:486:36: note:   ‘boost::long_long_type’
    __extension__ typedef long long long_long_type;
                                    ^~~~~~~~~~~~~~
In file included from /usr/local/include/boost/functional/hash.hpp:6:0,
                 from src/solver.cc:3:
/usr/local/include/boost/functional/hash/hash.hpp:107:41: error: ‘long_long_type’ is not a member of ‘hci::boost’
         template <> struct long_numbers<boost::long_long_type> :
                                         ^~~~~
/usr/local/include/boost/functional/hash/hash.hpp:107:41: note: suggested alternative:
In file included from /usr/local/include/boost/config.hpp:61:0,
                 from /usr/local/include/boost/mpi/config.hpp:21,
                 from /usr/local/include/boost/mpi/allocator.hpp:15,
                 from /usr/local/include/boost/mpi.hpp:22,
                 from src/solver.h:4,
                 from src/solver.cc:1:
/usr/local/include/boost/config/suffix.hpp:486:36: note:   ‘boost::long_long_type’
    __extension__ typedef long long long_long_type;
                                    ^~~~~~~~~~~~~~
In file included from /usr/local/include/boost/functional/hash.hpp:6:0,
                 from src/solver.cc:3:
/usr/local/include/boost/functional/hash/hash.hpp:107:62: error: template argument 1 is invalid
         template <> struct long_numbers<boost::long_long_type> :
                                                              ^
/usr/local/include/boost/functional/hash/hash.hpp:109:42: error: ‘ulong_long_type’ is not a member of ‘hci::boost’
         template <> struct ulong_numbers<boost::ulong_long_type> :
                                          ^~~~~
/usr/local/include/boost/functional/hash/hash.hpp:109:42: note: suggested alternative:
In file included from /usr/local/include/boost/config.hpp:61:0,
                 from /usr/local/include/boost/mpi/config.hpp:21,
                 from /usr/local/include/boost/mpi/allocator.hpp:15,
                 from /usr/local/include/boost/mpi.hpp:22,
                 from src/solver.h:4,
                 from src/solver.cc:1:
/usr/local/include/boost/config/suffix.hpp:487:45: note:   ‘boost::ulong_long_type’
    __extension__ typedef unsigned long long ulong_long_type;
                                             ^~~~~~~~~~~~~~~
In file included from /usr/local/include/boost/functional/hash.hpp:6:0,
                 from src/solver.cc:3:
/usr/local/include/boost/functional/hash/hash.hpp:109:42: error: ‘ulong_long_type’ is not a member of ‘hci::boost’
         template <> struct ulong_numbers<boost::ulong_long_type> :
                                          ^~~~~
/usr/local/include/boost/functional/hash/hash.hpp:109:42: note: suggested alternative:
In file included from /usr/local/include/boost/config.hpp:61:0,
                 from /usr/local/include/boost/mpi/config.hpp:21,
                 from /usr/local/include/boost/mpi/allocator.hpp:15,
                 from /usr/local/include/boost/mpi.hpp:22,
                 from src/solver.h:4,
                 from src/solver.cc:1:
/usr/local/include/boost/config/suffix.hpp:487:45: note:   ‘boost::ulong_long_type’
    __extension__ typedef unsigned long long ulong_long_type;
                                             ^~~~~~~~~~~~~~~
In file included from /usr/local/include/boost/functional/hash.hpp:6:0,
                 from src/solver.cc:3:
/usr/local/include/boost/functional/hash/hash.hpp:109:64: error: template argument 1 is invalid
         template <> struct ulong_numbers<boost::ulong_long_type> :
                                                                ^
/usr/local/include/boost/functional/hash/hash.hpp:114:42: error: ‘int128_type’ is not a member of ‘hci::boost’
         template <> struct long_numbers2<boost::int128_type> :
                                          ^~~~~
/usr/local/include/boost/functional/hash/hash.hpp:114:42: note: suggested alternative:
In file included from /usr/local/include/boost/config.hpp:61:0,
                 from /usr/local/include/boost/mpi/config.hpp:21,
                 from /usr/local/include/boost/mpi/allocator.hpp:15,
                 from /usr/local/include/boost/mpi.hpp:22,
                 from src/solver.h:4,
                 from src/solver.cc:1:
/usr/local/include/boost/config/suffix.hpp:498:35: note:   ‘boost::int128_type’
    __extension__ typedef __int128 int128_type;
                                   ^~~~~~~~~~~
In file included from /usr/local/include/boost/functional/hash.hpp:6:0,
                 from src/solver.cc:3:
/usr/local/include/boost/functional/hash/hash.hpp:114:42: error: ‘int128_type’ is not a member of ‘hci::boost’
         template <> struct long_numbers2<boost::int128_type> :
                                          ^~~~~
/usr/local/include/boost/functional/hash/hash.hpp:114:42: note: suggested alternative:
In file included from /usr/local/include/boost/config.hpp:61:0,
                 from /usr/local/include/boost/mpi/config.hpp:21,
                 from /usr/local/include/boost/mpi/allocator.hpp:15,
                 from /usr/local/include/boost/mpi.hpp:22,
                 from src/solver.h:4,
                 from src/solver.cc:1:
/usr/local/include/boost/config/suffix.hpp:498:35: note:   ‘boost::int128_type’
    __extension__ typedef __int128 int128_type;
                                   ^~~~~~~~~~~
In file included from /usr/local/include/boost/functional/hash.hpp:6:0,
                 from src/solver.cc:3:
/usr/local/include/boost/functional/hash/hash.hpp:114:60: error: template argument 1 is invalid
         template <> struct long_numbers2<boost::int128_type> :
                                                            ^
/usr/local/include/boost/functional/hash/hash.hpp:116:43: error: ‘uint128_type’ is not a member of ‘hci::boost’
         template <> struct ulong_numbers2<boost::uint128_type> :
                                           ^~~~~
/usr/local/include/boost/functional/hash/hash.hpp:116:43: note: suggested alternative:
In file included from /usr/local/include/boost/config.hpp:61:0,
                 from /usr/local/include/boost/mpi/config.hpp:21,
                 from /usr/local/include/boost/mpi/allocator.hpp:15,
                 from /usr/local/include/boost/mpi.hpp:22,
                 from src/solver.h:4,
                 from src/solver.cc:1:
/usr/local/include/boost/config/suffix.hpp:499:44: note:   ‘boost::uint128_type’
    __extension__ typedef unsigned __int128 uint128_type;
                                            ^~~~~~~~~~~~
In file included from /usr/local/include/boost/functional/hash.hpp:6:0,
                 from src/solver.cc:3:
/usr/local/include/boost/functional/hash/hash.hpp:116:43: error: ‘uint128_type’ is not a member of ‘hci::boost’
         template <> struct ulong_numbers2<boost::uint128_type> :
                                           ^~~~~
/usr/local/include/boost/functional/hash/hash.hpp:116:43: note: suggested alternative:
In file included from /usr/local/include/boost/config.hpp:61:0,
                 from /usr/local/include/boost/mpi/config.hpp:21,
                 from /usr/local/include/boost/mpi/allocator.hpp:15,
                 from /usr/local/include/boost/mpi.hpp:22,
                 from src/solver.h:4,
                 from src/solver.cc:1:
/usr/local/include/boost/config/suffix.hpp:499:44: note:   ‘boost::uint128_type’
    __extension__ typedef unsigned __int128 uint128_type;
                                            ^~~~~~~~~~~~
In file included from /usr/local/include/boost/functional/hash.hpp:6:0,
                 from src/solver.cc:3:
/usr/local/include/boost/functional/hash/hash.hpp:116:62: error: template argument 1 is invalid
         template <> struct ulong_numbers2<boost::uint128_type> :
                                                              ^
/usr/local/include/boost/functional/hash/hash.hpp:136:21: error: ‘enable_if’ in namespace ‘hci::boost’ does not name a template type
     typename boost::enable_if<boost::is_enum<T>, std::size_t>::type
                     ^~~~~~~~~
/usr/local/include/boost/functional/hash/hash.hpp:136:30: error: expected unqualified-id before ‘<’ token
     typename boost::enable_if<boost::is_enum<T>, std::size_t>::type
                              ^
/usr/local/include/boost/functional/hash/hash.hpp:140:29: error: ‘size_t’ in namespace ‘hci::std’ does not name a type
     template <class T> std::size_t hash_value(T* const&);
                             ^~~~~~
/usr/local/include/boost/functional/hash/hash.hpp:147:10: error: ‘size_t’ in namespace ‘hci::std’ does not name a type
     std::size_t hash_value(const T (&x)[N]);
          ^~~~~~
/usr/local/include/boost/functional/hash/hash.hpp:150:10: error: ‘size_t’ in namespace ‘hci::std’ does not name a type
     std::size_t hash_value(T (&x)[N]);
          ^~~~~~
/usr/local/include/boost/functional/hash/hash.hpp:154:10: error: ‘size_t’ in namespace ‘hci::std’ does not name a type
     std::size_t hash_value(
          ^~~~~~
/usr/local/include/boost/functional/hash/hash.hpp:161:10: error: ‘size_t’ in namespace ‘hci::std’ does not name a type
     std::size_t hash_value(std::type_index);
          ^~~~~~
/usr/local/include/boost/functional/hash/hash.hpp:169:21: error: ‘size_t’ in namespace ‘hci::std’ does not name a type
         inline std::size_t hash_value_signed(T val)
                     ^~~~~~
/usr/local/include/boost/functional/hash/hash.hpp:190:21: error: ‘size_t’ in namespace ‘hci::std’ does not name a type
         inline std::size_t hash_value_unsigned(T val)
                     ^~~~~~
/usr/local/include/boost/functional/hash/hash.hpp:215:46: error: variable or field ‘hash_combine_impl’ declared void
         inline void hash_combine_impl(boost::uint32_t& h1,
                                              ^~~~~~~~
/usr/local/include/boost/functional/hash/hash.hpp:215:39: error: ‘uint32_t’ is not a member of ‘hci::boost’
         inline void hash_combine_impl(boost::uint32_t& h1,
                                       ^~~~~
/usr/local/include/boost/functional/hash/hash.hpp:215:39: note: suggested alternatives:
In file included from /usr/lib/gcc/x86_64-linux-gnu/6/include/stdint.h:9:0,
                 from /usr/include/c++/6/cstdint:41,
                 from /usr/include/mpich/mpi.h:42,
                 from /usr/local/include/boost/mpi/config.hpp:20,
                 from /usr/local/include/boost/mpi/allocator.hpp:15,
                 from /usr/local/include/boost/mpi.hpp:22,
                 from src/solver.h:4,
                 from src/solver.cc:1:
/usr/include/stdint.h:51:23: note:   ‘uint32_t’
 typedef unsigned int  uint32_t;
                       ^~~~~~~~
/usr/include/stdint.h:51:23: note:   ‘uint32_t’
/usr/include/stdint.h:51:23: note:   ‘uint32_t’
In file included from /usr/local/include/boost/functional/hash.hpp:6:0,
                 from src/solver.cc:3:
/usr/local/include/boost/functional/hash/hash.hpp:215:56: error: ‘h1’ was not declared in this scope
         inline void hash_combine_impl(boost::uint32_t& h1,
                                                        ^~
/usr/local/include/boost/functional/hash/hash.hpp:216:17: error: ‘uint32_t’ is not a member of ‘hci::boost’
                 boost::uint32_t k1)
                 ^~~~~
/usr/local/include/boost/functional/hash/hash.hpp:216:17: note: suggested alternatives:
In file included from /usr/lib/gcc/x86_64-linux-gnu/6/include/stdint.h:9:0,
                 from /usr/include/c++/6/cstdint:41,
                 from /usr/include/mpich/mpi.h:42,
                 from /usr/local/include/boost/mpi/config.hpp:20,
                 from /usr/local/include/boost/mpi/allocator.hpp:15,
                 from /usr/local/include/boost/mpi.hpp:22,
                 from src/solver.h:4,
                 from src/solver.cc:1:
/usr/include/stdint.h:51:23: note:   ‘uint32_t’
 typedef unsigned int  uint32_t;
                       ^~~~~~~~
/usr/include/stdint.h:51:23: note:   ‘uint32_t’
/usr/include/stdint.h:51:23: note:   ‘uint32_t’
In file included from /usr/local/include/boost/functional/hash.hpp:6:0,
                 from src/solver.cc:3:
/usr/local/include/boost/functional/hash/hash.hpp:236:46: error: variable or field ‘hash_combine_impl’ declared void
         inline void hash_combine_impl(boost::uint64_t& h,
                                              ^~~~~~~~
/usr/local/include/boost/functional/hash/hash.hpp:236:39: error: ‘uint64_t’ is not a member of ‘hci::boost’
         inline void hash_combine_impl(boost::uint64_t& h,
                                       ^~~~~
/usr/local/include/boost/functional/hash/hash.hpp:236:39: note: suggested alternatives:
In file included from /usr/lib/gcc/x86_64-linux-gnu/6/include/stdint.h:9:0,
                 from /usr/include/c++/6/cstdint:41,
                 from /usr/include/mpich/mpi.h:42,
                 from /usr/local/include/boost/mpi/config.hpp:20,
                 from /usr/local/include/boost/mpi/allocator.hpp:15,
                 from /usr/local/include/boost/mpi.hpp:22,
                 from src/solver.h:4,
                 from src/solver.cc:1:
/usr/include/stdint.h:55:27: note:   ‘uint64_t’
 typedef unsigned long int uint64_t;
                           ^~~~~~~~
/usr/include/stdint.h:55:27: note:   ‘uint64_t’
/usr/include/stdint.h:55:27: note:   ‘uint64_t’
In file included from /usr/local/include/boost/functional/hash.hpp:6:0,
                 from src/solver.cc:3:
/usr/local/include/boost/functional/hash/hash.hpp:236:56: error: ‘h’ was not declared in this scope
         inline void hash_combine_impl(boost::uint64_t& h,
                                                        ^
/usr/local/include/boost/functional/hash/hash.hpp:237:17: error: ‘uint64_t’ is not a member of ‘hci::boost’
                 boost::uint64_t k)
                 ^~~~~
/usr/local/include/boost/functional/hash/hash.hpp:237:17: note: suggested alternatives:
In file included from /usr/lib/gcc/x86_64-linux-gnu/6/include/stdint.h:9:0,
                 from /usr/include/c++/6/cstdint:41,
                 from /usr/include/mpich/mpi.h:42,
                 from /usr/local/include/boost/mpi/config.hpp:20,
                 from /usr/local/include/boost/mpi/allocator.hpp:15,
                 from /usr/local/include/boost/mpi.hpp:22,
                 from src/solver.h:4,
                 from src/solver.cc:1:
/usr/include/stdint.h:55:27: note:   ‘uint64_t’
 typedef unsigned long int uint64_t;
                           ^~~~~~~~
/usr/include/stdint.h:55:27: note:   ‘uint64_t’
/usr/include/stdint.h:55:27: note:   ‘uint64_t’
In file included from /usr/local/include/boost/functional/hash.hpp:6:0,
                 from src/solver.cc:3:
/usr/local/include/boost/functional/hash/hash.hpp: In function ‘typename hci::boost::hash_detail::basic_numbers<T>::type hci::boost::hash_value(T)’:
/usr/local/include/boost/functional/hash/hash.hpp:260:33: error: ‘size_t’ in namespace ‘hci::std’ does not name a type
         return static_cast<std::size_t>(v);
                                 ^~~~~~
/usr/local/include/boost/functional/hash/hash.hpp: In function ‘typename hci::boost::hash_detail::long_numbers<T>::type hci::boost::hash_value(T)’:
/usr/local/include/boost/functional/hash/hash.hpp:266:16: error: ‘hash_value_signed’ is not a member of ‘hci::boost::hash_detail’
         return hash_detail::hash_value_signed(v);
                ^~~~~~~~~~~
/usr/local/include/boost/functional/hash/hash.hpp: In function ‘typename hci::boost::hash_detail::ulong_numbers<T>::type hci::boost::hash_value(T)’:
/usr/local/include/boost/functional/hash/hash.hpp:272:16: error: ‘hash_value_unsigned’ is not a member of ‘hci::boost::hash_detail’
         return hash_detail::hash_value_unsigned(v);
                ^~~~~~~~~~~
/usr/local/include/boost/functional/hash/hash.hpp: At global scope:
/usr/local/include/boost/functional/hash/hash.hpp:276:21: error: ‘enable_if’ in namespace ‘hci::boost’ does not name a template type
     typename boost::enable_if<boost::is_enum<T>, std::size_t>::type
                     ^~~~~~~~~
/usr/local/include/boost/functional/hash/hash.hpp:276:30: error: expected unqualified-id before ‘<’ token
     typename boost::enable_if<boost::is_enum<T>, std::size_t>::type
                              ^
/usr/local/include/boost/functional/hash/hash.hpp:284:29: error: ‘size_t’ in namespace ‘hci::std’ does not name a type
     template <class T> std::size_t hash_value(T* const& v)
                             ^~~~~~
/usr/local/include/boost/functional/hash/hash.hpp:312:35: error: variable or field ‘hash_combine’ declared void
     inline void hash_combine(std::size_t& seed, T const& v)
                                   ^~~~~~
/usr/local/include/boost/functional/hash/hash.hpp:312:30: error: ‘size_t’ is not a member of ‘hci::std’
     inline void hash_combine(std::size_t& seed, T const& v)
                              ^~~
/usr/local/include/boost/functional/hash/hash.hpp:312:30: note: suggested alternatives:
In file included from /usr/include/c++/6/cstddef:50:0,
                 from /usr/local/include/boost/config/compiler/gcc.hpp:165,
                 from /usr/local/include/boost/config.hpp:39,
                 from /usr/local/include/boost/mpi/config.hpp:21,
                 from /usr/local/include/boost/mpi/allocator.hpp:15,
                 from /usr/local/include/boost/mpi.hpp:22,
                 from src/solver.h:4,
                 from src/solver.cc:1:
/usr/lib/gcc/x86_64-linux-gnu/6/include/stddef.h:216:23: note:   ‘size_t’
 typedef __SIZE_TYPE__ size_t;
                       ^~~~~~
In file included from /usr/include/c++/6/cstdint:38:0,
                 from /usr/include/mpich/mpi.h:42,
                 from /usr/local/include/boost/mpi/config.hpp:20,
                 from /usr/local/include/boost/mpi/allocator.hpp:15,
                 from /usr/local/include/boost/mpi.hpp:22,
                 from src/solver.h:4,
                 from src/solver.cc:1:
/usr/include/x86_64-linux-gnu/c++/6/bits/c++config.h:198:26: note:   ‘std::size_t’
   typedef __SIZE_TYPE__  size_t;
                          ^~~~~~
/usr/include/x86_64-linux-gnu/c++/6/bits/c++config.h:198:26: note:   ‘std::size_t’
In file included from /usr/local/include/boost/functional/hash.hpp:6:0,
                 from src/solver.cc:3:
/usr/local/include/boost/functional/hash/hash.hpp:312:43: error: ‘seed’ was not declared in this scope
     inline void hash_combine(std::size_t& seed, T const& v)
                                           ^~~~
/usr/local/include/boost/functional/hash/hash.hpp:312:51: error: expected primary-expression before ‘const’
     inline void hash_combine(std::size_t& seed, T const& v)
                                                   ^~~~~
/usr/local/include/boost/functional/hash/hash.hpp:323:17: error: ‘size_t’ in namespace ‘hci::std’ does not name a type
     inline std::size_t hash_range(It first, It last)
                 ^~~~~~
/usr/local/include/boost/functional/hash/hash.hpp:336:33: error: variable or field ‘hash_range’ declared void
     inline void hash_range(std::size_t& seed, It first, It last)
                                 ^~~~~~
/usr/local/include/boost/functional/hash/hash.hpp:336:28: error: ‘size_t’ is not a member of ‘hci::std’
     inline void hash_range(std::size_t& seed, It first, It last)
                            ^~~
/usr/local/include/boost/functional/hash/hash.hpp:336:28: note: suggested alternatives:
In file included from /usr/include/c++/6/cstddef:50:0,
                 from /usr/local/include/boost/config/compiler/gcc.hpp:165,
                 from /usr/local/include/boost/config.hpp:39,
                 from /usr/local/include/boost/mpi/config.hpp:21,
                 from /usr/local/include/boost/mpi/allocator.hpp:15,
                 from /usr/local/include/boost/mpi.hpp:22,
                 from src/solver.h:4,
                 from src/solver.cc:1:
/usr/lib/gcc/x86_64-linux-gnu/6/include/stddef.h:216:23: note:   ‘size_t’
 typedef __SIZE_TYPE__ size_t;
                       ^~~~~~
In file included from /usr/include/c++/6/cstdint:38:0,
                 from /usr/include/mpich/mpi.h:42,
                 from /usr/local/include/boost/mpi/config.hpp:20,
                 from /usr/local/include/boost/mpi/allocator.hpp:15,
                 from /usr/local/include/boost/mpi.hpp:22,
                 from src/solver.h:4,
                 from src/solver.cc:1:
/usr/include/x86_64-linux-gnu/c++/6/bits/c++config.h:198:26: note:   ‘std::size_t’
   typedef __SIZE_TYPE__  size_t;
                          ^~~~~~
/usr/include/x86_64-linux-gnu/c++/6/bits/c++config.h:198:26: note:   ‘std::size_t’
In file included from /usr/local/include/boost/functional/hash.hpp:6:0,
                 from src/solver.cc:3:
/usr/local/include/boost/functional/hash/hash.hpp:336:41: error: ‘seed’ was not declared in this scope
     inline void hash_range(std::size_t& seed, It first, It last)
                                         ^~~~
/usr/local/include/boost/functional/hash/hash.hpp:336:50: error: expected primary-expression before ‘first’
     inline void hash_range(std::size_t& seed, It first, It last)
                                                  ^~~~~
/usr/local/include/boost/functional/hash/hash.hpp:336:60: error: expected primary-expression before ‘last’
     inline void hash_range(std::size_t& seed, It first, It last)
                                                            ^~~~
/usr/local/include/boost/functional/hash/hash.hpp:372:17: error: ‘size_t’ in namespace ‘hci::std’ does not name a type
     inline std::size_t hash_value(const T (&x)[N])
                 ^~~~~~
/usr/local/include/boost/functional/hash/hash.hpp:378:17: error: ‘size_t’ in namespace ‘hci::std’ does not name a type
     inline std::size_t hash_value(T (&x)[N])
                 ^~~~~~
/usr/local/include/boost/functional/hash/hash.hpp:385:17: error: ‘size_t’ in namespace ‘hci::std’ does not name a type
     inline std::size_t hash_value(
                 ^~~~~~
/usr/local/include/boost/functional/hash/hash.hpp:398:17: error: ‘size_t’ in namespace ‘hci::std’ does not name a type
     inline std::size_t hash_value(std::type_index v)
                 ^~~~~~
/usr/local/include/boost/functional/hash/hash.hpp:440:5: error: ‘hash’ is not a class template
     BOOST_HASH_SPECIALIZE(bool)
     ^
/usr/local/include/boost/functional/hash/hash.hpp:440:5: error: expected template-name before ‘<’ token
     BOOST_HASH_SPECIALIZE(bool)
     ^
/usr/local/include/boost/functional/hash/hash.hpp:440:5: error: expected ‘{’ before ‘<’ token
/usr/local/include/boost/functional/hash/hash.hpp:441:5: error: ‘hash’ is not a class template
     BOOST_HASH_SPECIALIZE(char)
     ^
/usr/local/include/boost/functional/hash/hash.hpp:441:5: error: ‘hci::boost::hash’ is not a template
     BOOST_HASH_SPECIALIZE(char)
     ^
/usr/local/include/boost/functional/hash/hash.hpp:440:5: note: previous declaration here
     BOOST_HASH_SPECIALIZE(bool)
     ^
/usr/local/include/boost/functional/hash/hash.hpp:441:5: error: expected template-name before ‘<’ token
     BOOST_HASH_SPECIALIZE(char)
     ^
/usr/local/include/boost/functional/hash/hash.hpp:442:5: error: ‘hash’ is not a class template
     BOOST_HASH_SPECIALIZE(signed char)
     ^
/usr/local/include/boost/functional/hash/hash.hpp:442:5: error: ‘hci::boost::hash’ is not a template
     BOOST_HASH_SPECIALIZE(signed char)
     ^
/usr/local/include/boost/functional/hash/hash.hpp:440:5: note: previous declaration here
     BOOST_HASH_SPECIALIZE(bool)
     ^
/usr/local/include/boost/functional/hash/hash.hpp:442:5: error: expected template-name before ‘<’ token
     BOOST_HASH_SPECIALIZE(signed char)
     ^
/usr/local/include/boost/functional/hash/hash.hpp:443:5: error: ‘hash’ is not a class template
     BOOST_HASH_SPECIALIZE(unsigned char)
     ^
/usr/local/include/boost/functional/hash/hash.hpp:443:5: error: ‘hci::boost::hash’ is not a template
     BOOST_HASH_SPECIALIZE(unsigned char)
     ^
/usr/local/include/boost/functional/hash/hash.hpp:440:5: note: previous declaration here
     BOOST_HASH_SPECIALIZE(bool)
     ^
/usr/local/include/boost/functional/hash/hash.hpp:443:5: error: expected template-name before ‘<’ token
     BOOST_HASH_SPECIALIZE(unsigned char)
     ^
/usr/local/include/boost/functional/hash/hash.hpp:445:5: error: ‘hash’ is not a class template
     BOOST_HASH_SPECIALIZE(wchar_t)
     ^
/usr/local/include/boost/functional/hash/hash.hpp:445:5: error: ‘hci::boost::hash’ is not a template
     BOOST_HASH_SPECIALIZE(wchar_t)
     ^
/usr/local/include/boost/functional/hash/hash.hpp:440:5: note: previous declaration here
     BOOST_HASH_SPECIALIZE(bool)
     ^
/usr/local/include/boost/functional/hash/hash.hpp:445:5: error: expected template-name before ‘<’ token
     BOOST_HASH_SPECIALIZE(wchar_t)
     ^
/usr/local/include/boost/functional/hash/hash.hpp:447:5: error: ‘hash’ is not a class template
     BOOST_HASH_SPECIALIZE(short)
     ^
/usr/local/include/boost/functional/hash/hash.hpp:447:5: error: ‘hci::boost::hash’ is not a template
     BOOST_HASH_SPECIALIZE(short)
     ^
/usr/local/include/boost/functional/hash/hash.hpp:440:5: note: previous declaration here
     BOOST_HASH_SPECIALIZE(bool)
     ^
/usr/local/include/boost/functional/hash/hash.hpp:447:5: error: expected template-name before ‘<’ token
     BOOST_HASH_SPECIALIZE(short)
     ^
/usr/local/include/boost/functional/hash/hash.hpp:448:5: error: ‘hash’ is not a class template
     BOOST_HASH_SPECIALIZE(unsigned short)
     ^
/usr/local/include/boost/functional/hash/hash.hpp:448:5: error: ‘hci::boost::hash’ is not a template
     BOOST_HASH_SPECIALIZE(unsigned short)
     ^
/usr/local/include/boost/functional/hash/hash.hpp:440:5: note: previous declaration here
     BOOST_HASH_SPECIALIZE(bool)
     ^
/usr/local/include/boost/functional/hash/hash.hpp:448:5: error: expected template-name before ‘<’ token
     BOOST_HASH_SPECIALIZE(unsigned short)
     ^
/usr/local/include/boost/functional/hash/hash.hpp:449:5: error: ‘hash’ is not a class template
     BOOST_HASH_SPECIALIZE(int)
     ^
/usr/local/include/boost/functional/hash/hash.hpp:449:5: error: ‘hci::boost::hash’ is not a template
     BOOST_HASH_SPECIALIZE(int)
     ^
/usr/local/include/boost/functional/hash/hash.hpp:440:5: note: previous declaration here
     BOOST_HASH_SPECIALIZE(bool)
     ^
/usr/local/include/boost/functional/hash/hash.hpp:449:5: error: expected template-name before ‘<’ token
     BOOST_HASH_SPECIALIZE(int)
     ^
/usr/local/include/boost/functional/hash/hash.hpp:450:5: error: ‘hash’ is not a class template
     BOOST_HASH_SPECIALIZE(unsigned int)
     ^
/usr/local/include/boost/functional/hash/hash.hpp:450:5: error: ‘hci::boost::hash’ is not a template
     BOOST_HASH_SPECIALIZE(unsigned int)
     ^
/usr/local/include/boost/functional/hash/hash.hpp:440:5: note: previous declaration here
     BOOST_HASH_SPECIALIZE(bool)
     ^
/usr/local/include/boost/functional/hash/hash.hpp:450:5: error: expected template-name before ‘<’ token
     BOOST_HASH_SPECIALIZE(unsigned int)
     ^
/usr/local/include/boost/functional/hash/hash.hpp:451:5: error: ‘hash’ is not a class template
     BOOST_HASH_SPECIALIZE(long)
     ^
/usr/local/include/boost/functional/hash/hash.hpp:451:5: error: ‘hci::boost::hash’ is not a template
     BOOST_HASH_SPECIALIZE(long)
     ^
/usr/local/include/boost/functional/hash/hash.hpp:440:5: note: previous declaration here
     BOOST_HASH_SPECIALIZE(bool)
     ^
/usr/local/include/boost/functional/hash/hash.hpp:451:5: error: expected template-name before ‘<’ token
     BOOST_HASH_SPECIALIZE(long)
     ^
/usr/local/include/boost/functional/hash/hash.hpp:452:5: error: ‘hash’ is not a class template
     BOOST_HASH_SPECIALIZE(unsigned long)
     ^
/usr/local/include/boost/functional/hash/hash.hpp:452:5: error: ‘hci::boost::hash’ is not a template
     BOOST_HASH_SPECIALIZE(unsigned long)
     ^
/usr/local/include/boost/functional/hash/hash.hpp:440:5: note: previous declaration here
     BOOST_HASH_SPECIALIZE(bool)
     ^
/usr/local/include/boost/functional/hash/hash.hpp:452:5: error: expected template-name before ‘<’ token
     BOOST_HASH_SPECIALIZE(unsigned long)
     ^
/usr/local/include/boost/functional/hash/hash.hpp:454:5: error: ‘hash’ is not a class template
     BOOST_HASH_SPECIALIZE(float)
     ^
/usr/local/include/boost/functional/hash/hash.hpp:454:5: error: ‘hci::boost::hash’ is not a template
     BOOST_HASH_SPECIALIZE(float)
     ^
/usr/local/include/boost/functional/hash/hash.hpp:440:5: note: previous declaration here
     BOOST_HASH_SPECIALIZE(bool)
     ^
/usr/local/include/boost/functional/hash/hash.hpp:454:5: error: expected template-name before ‘<’ token
     BOOST_HASH_SPECIALIZE(float)
     ^
/usr/local/include/boost/functional/hash/hash.hpp:455:5: error: ‘hash’ is not a class template
     BOOST_HASH_SPECIALIZE(double)
     ^
/usr/local/include/boost/functional/hash/hash.hpp:455:5: error: ‘hci::boost::hash’ is not a template
     BOOST_HASH_SPECIALIZE(double)
     ^
/usr/local/include/boost/functional/hash/hash.hpp:440:5: note: previous declaration here
     BOOST_HASH_SPECIALIZE(bool)
     ^
/usr/local/include/boost/functional/hash/hash.hpp:455:5: error: expected template-name before ‘<’ token
     BOOST_HASH_SPECIALIZE(double)
     ^
/usr/local/include/boost/functional/hash/hash.hpp:456:5: error: ‘hash’ is not a class template
     BOOST_HASH_SPECIALIZE(long double)
     ^
/usr/local/include/boost/functional/hash/hash.hpp:456:5: error: ‘hci::boost::hash’ is not a template
     BOOST_HASH_SPECIALIZE(long double)
     ^
/usr/local/include/boost/functional/hash/hash.hpp:440:5: note: previous declaration here
     BOOST_HASH_SPECIALIZE(bool)
     ^
/usr/local/include/boost/functional/hash/hash.hpp:456:5: error: expected template-name before ‘<’ token
     BOOST_HASH_SPECIALIZE(long double)
     ^
/usr/local/include/boost/functional/hash/hash.hpp:458:5: error: ‘hash’ is not a class template
     BOOST_HASH_SPECIALIZE_REF(std::string)
     ^
/usr/local/include/boost/functional/hash/hash.hpp:458:5: error: ‘string’ is not a member of ‘hci::std’
     BOOST_HASH_SPECIALIZE_REF(std::string)
     ^
/usr/local/include/boost/functional/hash/hash.hpp:458:5: note: suggested alternative:
In file included from /usr/include/c++/6/string:39:0,
                 from /usr/local/include/boost/mpi/exception.hpp:18,
                 from /usr/local/include/boost/mpi/allocator.hpp:16,
                 from /usr/local/include/boost/mpi.hpp:22,
                 from src/solver.h:4,
                 from src/solver.cc:1:
/usr/include/c++/6/bits/stringfwd.h:74:33: note:   ‘std::string’
   typedef basic_string<char>    string;
                                 ^~~~~~
In file included from /usr/local/include/boost/functional/hash.hpp:6:0,
                 from src/solver.cc:3:
/usr/local/include/boost/functional/hash/hash.hpp:458:5: error: ‘string’ is not a member of ‘hci::std’
     BOOST_HASH_SPECIALIZE_REF(std::string)
     ^
/usr/local/include/boost/functional/hash/hash.hpp:458:5: note: suggested alternative:
In file included from /usr/include/c++/6/string:39:0,
                 from /usr/local/include/boost/mpi/exception.hpp:18,
                 from /usr/local/include/boost/mpi/allocator.hpp:16,
                 from /usr/local/include/boost/mpi.hpp:22,
                 from src/solver.h:4,
                 from src/solver.cc:1:
/usr/include/c++/6/bits/stringfwd.h:74:33: note:   ‘std::string’
   typedef basic_string<char>    string;
                                 ^~~~~~
In file included from /usr/local/include/boost/functional/hash.hpp:6:0,
                 from src/solver.cc:3:
/usr/local/include/boost/functional/hash/hash.hpp:458:5: error: ‘hci::boost::hash’ is not a template
     BOOST_HASH_SPECIALIZE_REF(std::string)
     ^
/usr/local/include/boost/functional/hash/hash.hpp:440:5: note: previous declaration here
     BOOST_HASH_SPECIALIZE(bool)
     ^
/usr/local/include/boost/functional/hash/hash.hpp:458:5: error: expected template-name before ‘<’ token
     BOOST_HASH_SPECIALIZE_REF(std::string)
     ^
/usr/local/include/boost/functional/hash/hash.hpp:460:5: error: ‘hash’ is not a class template
     BOOST_HASH_SPECIALIZE_REF(std::wstring)
     ^
/usr/local/include/boost/functional/hash/hash.hpp:460:5: error: ‘wstring’ is not a member of ‘hci::std’
     BOOST_HASH_SPECIALIZE_REF(std::wstring)
     ^
/usr/local/include/boost/functional/hash/hash.hpp:460:5: note: suggested alternative:
In file included from /usr/include/c++/6/string:39:0,
                 from /usr/local/include/boost/mpi/exception.hpp:18,
                 from /usr/local/include/boost/mpi/allocator.hpp:16,
                 from /usr/local/include/boost/mpi.hpp:22,
                 from src/solver.h:4,
                 from src/solver.cc:1:
/usr/include/c++/6/bits/stringfwd.h:78:33: note:   ‘std::wstring’
   typedef basic_string<wchar_t> wstring;
                                 ^~~~~~~
In file included from /usr/local/include/boost/functional/hash.hpp:6:0,
                 from src/solver.cc:3:
/usr/local/include/boost/functional/hash/hash.hpp:460:5: error: ‘wstring’ is not a member of ‘hci::std’
     BOOST_HASH_SPECIALIZE_REF(std::wstring)
     ^
/usr/local/include/boost/functional/hash/hash.hpp:460:5: note: suggested alternative:
In file included from /usr/include/c++/6/string:39:0,
                 from /usr/local/include/boost/mpi/exception.hpp:18,
                 from /usr/local/include/boost/mpi/allocator.hpp:16,
                 from /usr/local/include/boost/mpi.hpp:22,
                 from src/solver.h:4,
                 from src/solver.cc:1:
/usr/include/c++/6/bits/stringfwd.h:78:33: note:   ‘std::wstring’
   typedef basic_string<wchar_t> wstring;
                                 ^~~~~~~
In file included from /usr/local/include/boost/functional/hash.hpp:6:0,
                 from src/solver.cc:3:
/usr/local/include/boost/functional/hash/hash.hpp:460:5: error: ‘hci::boost::hash’ is not a template
     BOOST_HASH_SPECIALIZE_REF(std::wstring)
     ^
/usr/local/include/boost/functional/hash/hash.hpp:440:5: note: previous declaration here
     BOOST_HASH_SPECIALIZE(bool)
     ^
/usr/local/include/boost/functional/hash/hash.hpp:460:5: error: expected template-name before ‘<’ token
     BOOST_HASH_SPECIALIZE_REF(std::wstring)
     ^
/usr/local/include/boost/functional/hash/hash.hpp:464:5: error: ‘hash’ is not a class template
     BOOST_HASH_SPECIALIZE(boost::long_long_type)
     ^
/usr/local/include/boost/functional/hash/hash.hpp:464:5: error: ‘long_long_type’ is not a member of ‘hci::boost’
     BOOST_HASH_SPECIALIZE(boost::long_long_type)
     ^
/usr/local/include/boost/functional/hash/hash.hpp:464:5: note: suggested alternative:
In file included from /usr/local/include/boost/config.hpp:61:0,
                 from /usr/local/include/boost/mpi/config.hpp:21,
                 from /usr/local/include/boost/mpi/allocator.hpp:15,
                 from /usr/local/include/boost/mpi.hpp:22,
                 from src/solver.h:4,
                 from src/solver.cc:1:
/usr/local/include/boost/config/suffix.hpp:486:36: note:   ‘boost::long_long_type’
    __extension__ typedef long long long_long_type;
                                    ^~~~~~~~~~~~~~
In file included from /usr/local/include/boost/functional/hash.hpp:6:0,
                 from src/solver.cc:3:
/usr/local/include/boost/functional/hash/hash.hpp:464:5: error: ‘long_long_type’ is not a member of ‘hci::boost’
     BOOST_HASH_SPECIALIZE(boost::long_long_type)
     ^
/usr/local/include/boost/functional/hash/hash.hpp:464:5: note: suggested alternative:
In file included from /usr/local/include/boost/config.hpp:61:0,
                 from /usr/local/include/boost/mpi/config.hpp:21,
                 from /usr/local/include/boost/mpi/allocator.hpp:15,
                 from /usr/local/include/boost/mpi.hpp:22,
                 from src/solver.h:4,
                 from src/solver.cc:1:
/usr/local/include/boost/config/suffix.hpp:486:36: note:   ‘boost::long_long_type’
    __extension__ typedef long long long_long_type;
                                    ^~~~~~~~~~~~~~
In file included from /usr/local/include/boost/functional/hash.hpp:6:0,
                 from src/solver.cc:3:
/usr/local/include/boost/functional/hash/hash.hpp:464:5: error: ‘hci::boost::hash’ is not a template
     BOOST_HASH_SPECIALIZE(boost::long_long_type)
     ^
/usr/local/include/boost/functional/hash/hash.hpp:440:5: note: previous declaration here
     BOOST_HASH_SPECIALIZE(bool)
     ^
/usr/local/include/boost/functional/hash/hash.hpp:464:5: error: expected template-name before ‘<’ token
     BOOST_HASH_SPECIALIZE(boost::long_long_type)
     ^
/usr/local/include/boost/functional/hash/hash.hpp:465:5: error: ‘hash’ is not a class template
     BOOST_HASH_SPECIALIZE(boost::ulong_long_type)
     ^
/usr/local/include/boost/functional/hash/hash.hpp:465:5: error: ‘ulong_long_type’ is not a member of ‘hci::boost’
     BOOST_HASH_SPECIALIZE(boost::ulong_long_type)
     ^
/usr/local/include/boost/functional/hash/hash.hpp:465:5: note: suggested alternative:
In file included from /usr/local/include/boost/config.hpp:61:0,
                 from /usr/local/include/boost/mpi/config.hpp:21,
                 from /usr/local/include/boost/mpi/allocator.hpp:15,
                 from /usr/local/include/boost/mpi.hpp:22,
                 from src/solver.h:4,
                 from src/solver.cc:1:
/usr/local/include/boost/config/suffix.hpp:487:45: note:   ‘boost::ulong_long_type’
    __extension__ typedef unsigned long long ulong_long_type;
                                             ^~~~~~~~~~~~~~~
In file included from /usr/local/include/boost/functional/hash.hpp:6:0,
                 from src/solver.cc:3:
/usr/local/include/boost/functional/hash/hash.hpp:465:5: error: ‘ulong_long_type’ is not a member of ‘hci::boost’
     BOOST_HASH_SPECIALIZE(boost::ulong_long_type)
     ^
/usr/local/include/boost/functional/hash/hash.hpp:465:5: note: suggested alternative:
In file included from /usr/local/include/boost/config.hpp:61:0,
                 from /usr/local/include/boost/mpi/config.hpp:21,
                 from /usr/local/include/boost/mpi/allocator.hpp:15,
                 from /usr/local/include/boost/mpi.hpp:22,
                 from src/solver.h:4,
                 from src/solver.cc:1:
/usr/local/include/boost/config/suffix.hpp:487:45: note:   ‘boost::ulong_long_type’
    __extension__ typedef unsigned long long ulong_long_type;
                                             ^~~~~~~~~~~~~~~
In file included from /usr/local/include/boost/functional/hash.hpp:6:0,
                 from src/solver.cc:3:
/usr/local/include/boost/functional/hash/hash.hpp:465:5: error: ‘hci::boost::hash’ is not a template
     BOOST_HASH_SPECIALIZE(boost::ulong_long_type)
     ^
/usr/local/include/boost/functional/hash/hash.hpp:440:5: note: previous declaration here
     BOOST_HASH_SPECIALIZE(bool)
     ^
/usr/local/include/boost/functional/hash/hash.hpp:465:5: error: expected template-name before ‘<’ token
     BOOST_HASH_SPECIALIZE(boost::ulong_long_type)
     ^
/usr/local/include/boost/functional/hash/hash.hpp:469:5: error: ‘hash’ is not a class template
     BOOST_HASH_SPECIALIZE(boost::int128_type)
     ^
/usr/local/include/boost/functional/hash/hash.hpp:469:5: error: ‘int128_type’ is not a member of ‘hci::boost’
     BOOST_HASH_SPECIALIZE(boost::int128_type)
     ^
/usr/local/include/boost/functional/hash/hash.hpp:469:5: note: suggested alternative:
In file included from /usr/local/include/boost/config.hpp:61:0,
                 from /usr/local/include/boost/mpi/config.hpp:21,
                 from /usr/local/include/boost/mpi/allocator.hpp:15,
                 from /usr/local/include/boost/mpi.hpp:22,
                 from src/solver.h:4,
                 from src/solver.cc:1:
/usr/local/include/boost/config/suffix.hpp:498:35: note:   ‘boost::int128_type’
    __extension__ typedef __int128 int128_type;
                                   ^~~~~~~~~~~
In file included from /usr/local/include/boost/functional/hash.hpp:6:0,
                 from src/solver.cc:3:
/usr/local/include/boost/functional/hash/hash.hpp:469:5: error: ‘int128_type’ is not a member of ‘hci::boost’
     BOOST_HASH_SPECIALIZE(boost::int128_type)
     ^
/usr/local/include/boost/functional/hash/hash.hpp:469:5: note: suggested alternative:
In file included from /usr/local/include/boost/config.hpp:61:0,
                 from /usr/local/include/boost/mpi/config.hpp:21,
                 from /usr/local/include/boost/mpi/allocator.hpp:15,
                 from /usr/local/include/boost/mpi.hpp:22,
                 from src/solver.h:4,
                 from src/solver.cc:1:
/usr/local/include/boost/config/suffix.hpp:498:35: note:   ‘boost::int128_type’
    __extension__ typedef __int128 int128_type;
                                   ^~~~~~~~~~~
In file included from /usr/local/include/boost/functional/hash.hpp:6:0,
                 from src/solver.cc:3:
/usr/local/include/boost/functional/hash/hash.hpp:469:5: error: ‘hci::boost::hash’ is not a template
     BOOST_HASH_SPECIALIZE(boost::int128_type)
     ^
/usr/local/include/boost/functional/hash/hash.hpp:440:5: note: previous declaration here
     BOOST_HASH_SPECIALIZE(bool)
     ^
/usr/local/include/boost/functional/hash/hash.hpp:469:5: error: expected template-name before ‘<’ token
     BOOST_HASH_SPECIALIZE(boost::int128_type)
     ^
/usr/local/include/boost/functional/hash/hash.hpp:470:5: error: ‘hash’ is not a class template
     BOOST_HASH_SPECIALIZE(boost::uint128_type)
     ^
/usr/local/include/boost/functional/hash/hash.hpp:470:5: error: ‘uint128_type’ is not a member of ‘hci::boost’
     BOOST_HASH_SPECIALIZE(boost::uint128_type)
     ^
/usr/local/include/boost/functional/hash/hash.hpp:470:5: note: suggested alternative:
In file included from /usr/local/include/boost/config.hpp:61:0,
                 from /usr/local/include/boost/mpi/config.hpp:21,
                 from /usr/local/include/boost/mpi/allocator.hpp:15,
                 from /usr/local/include/boost/mpi.hpp:22,
                 from src/solver.h:4,
                 from src/solver.cc:1:
/usr/local/include/boost/config/suffix.hpp:499:44: note:   ‘boost::uint128_type’
    __extension__ typedef unsigned __int128 uint128_type;
                                            ^~~~~~~~~~~~
In file included from /usr/local/include/boost/functional/hash.hpp:6:0,
                 from src/solver.cc:3:
/usr/local/include/boost/functional/hash/hash.hpp:470:5: error: ‘uint128_type’ is not a member of ‘hci::boost’
     BOOST_HASH_SPECIALIZE(boost::uint128_type)
     ^
/usr/local/include/boost/functional/hash/hash.hpp:470:5: note: suggested alternative:
In file included from /usr/local/include/boost/config.hpp:61:0,
                 from /usr/local/include/boost/mpi/config.hpp:21,
                 from /usr/local/include/boost/mpi/allocator.hpp:15,
                 from /usr/local/include/boost/mpi.hpp:22,
                 from src/solver.h:4,
                 from src/solver.cc:1:
/usr/local/include/boost/config/suffix.hpp:499:44: note:   ‘boost::uint128_type’
    __extension__ typedef unsigned __int128 uint128_type;
                                            ^~~~~~~~~~~~
In file included from /usr/local/include/boost/functional/hash.hpp:6:0,
                 from src/solver.cc:3:
/usr/local/include/boost/functional/hash/hash.hpp:470:5: error: ‘hci::boost::hash’ is not a template
     BOOST_HASH_SPECIALIZE(boost::uint128_type)
     ^
/usr/local/include/boost/functional/hash/hash.hpp:440:5: note: previous declaration here
     BOOST_HASH_SPECIALIZE(bool)
     ^
/usr/local/include/boost/functional/hash/hash.hpp:470:5: error: expected template-name before ‘<’ token
     BOOST_HASH_SPECIALIZE(boost::uint128_type)
     ^
/usr/local/include/boost/functional/hash/hash.hpp:474:5: error: ‘hash’ is not a class template
     BOOST_HASH_SPECIALIZE(std::type_index)
     ^
/usr/local/include/boost/functional/hash/hash.hpp:474:5: error: ‘hci::boost::hash’ is not a template
     BOOST_HASH_SPECIALIZE(std::type_index)
     ^
/usr/local/include/boost/functional/hash/hash.hpp:440:5: note: previous declaration here
     BOOST_HASH_SPECIALIZE(bool)
     ^
/usr/local/include/boost/functional/hash/hash.hpp:474:5: error: expected template-name before ‘<’ token
     BOOST_HASH_SPECIALIZE(std::type_index)
     ^
/usr/local/include/boost/functional/hash/hash.hpp:485:12: error: ‘hash’ is not a class template
     struct hash<T*>
            ^~~~
/usr/local/include/boost/functional/hash/hash.hpp:485:19: error: ‘hci::boost::hash’ is not a template
     struct hash<T*>
                   ^
/usr/local/include/boost/functional/hash/hash.hpp:440:5: note: previous declaration here
     BOOST_HASH_SPECIALIZE(bool)
     ^
/usr/local/include/boost/functional/hash/hash.hpp:486:37: error: expected template-name before ‘<’ token
         : public std::unary_function<T*, std::size_t>
                                     ^
In file included from /usr/include/c++/6/deque:64:0,
                 from /usr/local/include/boost/detail/container_fwd.hpp:91,
                 from /usr/local/include/boost/functional/hash/extensions.hpp:22,
                 from /usr/local/include/boost/functional/hash/hash.hpp:560,
                 from /usr/local/include/boost/functional/hash.hpp:6,
                 from src/solver.cc:3:
/usr/include/c++/6/bits/stl_deque.h:116:28: error: expected nested-name-specifier before ‘pointer_traits’
  using __ptr_to = typename pointer_traits<_Ptr>::template rebind<_Up>;
                            ^~~~~~~~~~~~~~
/usr/include/c++/6/bits/stl_deque.h:118:46: error: ‘__ptr_to’ was not declared in this scope
  using __iter = _Deque_iterator<_Tp, _CvTp&, __ptr_to<_CvTp>>;
                                              ^~~~~~~~
/usr/include/c++/6/bits/stl_deque.h:118:55: error: template argument 3 is invalid
  using __iter = _Deque_iterator<_Tp, _CvTp&, __ptr_to<_CvTp>>;
                                                       ^~~~~
/usr/include/c++/6/bits/stl_deque.h:120:15: error: ‘__iter’ does not name a type
       typedef __iter<_Tp>  iterator;
               ^~~~~~
/usr/include/c++/6/bits/stl_deque.h:121:15: error: ‘__iter’ does not name a type
       typedef __iter<const _Tp>  const_iterator;
               ^~~~~~
/usr/include/c++/6/bits/stl_deque.h:122:15: error: ‘__ptr_to’ does not name a type
       typedef __ptr_to<_Tp>  _Elt_pointer;
               ^~~~~~~~
/usr/include/c++/6/bits/stl_deque.h:123:15: error: ‘__ptr_to’ does not name a type
       typedef __ptr_to<_Elt_pointer> _Map_pointer;
               ^~~~~~~~
/usr/include/c++/6/bits/stl_deque.h:129:20: error: ‘random_access_iterator_tag’ in namespace ‘hci::std’ does not name a type
       typedef std::random_access_iterator_tag iterator_category;
                    ^~~~~~~~~~~~~~~~~~~~~~~~~~
/usr/include/c++/6/bits/stl_deque.h:137:7: error: ‘_Elt_pointer’ does not name a type
       _Elt_pointer _M_cur;
       ^~~~~~~~~~~~
/usr/include/c++/6/bits/stl_deque.h:138:7: error: ‘_Elt_pointer’ does not name a type
       _Elt_pointer _M_first;
       ^~~~~~~~~~~~
/usr/include/c++/6/bits/stl_deque.h:139:7: error: ‘_Elt_pointer’ does not name a type
       _Elt_pointer _M_last;
       ^~~~~~~~~~~~
/usr/include/c++/6/bits/stl_deque.h:140:7: error: ‘_Map_pointer’ does not name a type
       _Map_pointer _M_node;
       ^~~~~~~~~~~~
/usr/include/c++/6/bits/stl_deque.h:142:36: error: expected ‘)’ before ‘__x’
       _Deque_iterator(_Elt_pointer __x, _Map_pointer __y) _GLIBCXX_NOEXCEPT
                                    ^~~
/usr/include/c++/6/bits/stl_deque.h:149:29: error: ‘iterator’ does not name a type
       _Deque_iterator(const iterator& __x) _GLIBCXX_NOEXCEPT
                             ^~~~~~~~
/usr/include/c++/6/bits/stl_deque.h:153:7: error: ‘iterator’ does not name a type
       iterator
       ^~~~~~~~
/usr/include/c++/6/bits/stl_deque.h:252:19: error: ‘_Map_pointer’ has not been declared
       _M_set_node(_Map_pointer __new_node) _GLIBCXX_NOEXCEPT
                   ^~~~~~~~~~~~
/usr/include/c++/6/bits/stl_deque.h: In constructor ‘hci::std::_Deque_iterator<_Tp, _Ref, _Ptr>::_Deque_iterator()’:
/usr/include/c++/6/bits/stl_deque.h:147:9: error: class ‘hci::std::_Deque_iterator<_Tp, _Ref, _Ptr>’ does not have any field named ‘_M_cur’
       : _M_cur(), _M_first(), _M_last(), _M_node() { }
         ^~~~~~
/usr/include/c++/6/bits/stl_deque.h:147:19: error: class ‘hci::std::_Deque_iterator<_Tp, _Ref, _Ptr>’ does not have any field named ‘_M_first’
       : _M_cur(), _M_first(), _M_last(), _M_node() { }
                   ^~~~~~~~
/usr/include/c++/6/bits/stl_deque.h:147:31: error: class ‘hci::std::_Deque_iterator<_Tp, _Ref, _Ptr>’ does not have any field named ‘_M_last’
       : _M_cur(), _M_first(), _M_last(), _M_node() { }
                               ^~~~~~~
/usr/include/c++/6/bits/stl_deque.h:147:42: error: class ‘hci::std::_Deque_iterator<_Tp, _Ref, _Ptr>’ does not have any field named ‘_M_node’
       : _M_cur(), _M_first(), _M_last(), _M_node() { }
                                          ^~~~~~~
/usr/include/c++/6/bits/stl_deque.h: In constructor ‘hci::std::_Deque_iterator<_Tp, _Ref, _Ptr>::_Deque_iterator(const int&)’:
/usr/include/c++/6/bits/stl_deque.h:150:9: error: class ‘hci::std::_Deque_iterator<_Tp, _Ref, _Ptr>’ does not have any field named ‘_M_cur’
       : _M_cur(__x._M_cur), _M_first(__x._M_first),
         ^~~~~~
/usr/include/c++/6/bits/stl_deque.h:150:20: error: request for member ‘_M_cur’ in ‘__x’, which is of non-class type ‘const int’
       : _M_cur(__x._M_cur), _M_first(__x._M_first),
                    ^~~~~~
/usr/include/c++/6/bits/stl_deque.h:150:29: error: class ‘hci::std::_Deque_iterator<_Tp, _Ref, _Ptr>’ does not have any field named ‘_M_first’
       : _M_cur(__x._M_cur), _M_first(__x._M_first),
                             ^~~~~~~~
/usr/include/c++/6/bits/stl_deque.h:150:42: error: request for member ‘_M_first’ in ‘__x’, which is of non-class type ‘const int’
       : _M_cur(__x._M_cur), _M_first(__x._M_first),
                                          ^~~~~~~~
/usr/include/c++/6/bits/stl_deque.h:151:9: error: class ‘hci::std::_Deque_iterator<_Tp, _Ref, _Ptr>’ does not have any field named ‘_M_last’
         _M_last(__x._M_last), _M_node(__x._M_node) { }
         ^~~~~~~
/usr/include/c++/6/bits/stl_deque.h:151:21: error: request for member ‘_M_last’ in ‘__x’, which is of non-class type ‘const int’
         _M_last(__x._M_last), _M_node(__x._M_node) { }
                     ^~~~~~~
/usr/include/c++/6/bits/stl_deque.h:151:31: error: class ‘hci::std::_Deque_iterator<_Tp, _Ref, _Ptr>’ does not have any field named ‘_M_node’
         _M_last(__x._M_last), _M_node(__x._M_node) { }
                               ^~~~~~~
/usr/include/c++/6/bits/stl_deque.h:151:43: error: request for member ‘_M_node’ in ‘__x’, which is of non-class type ‘const int’
         _M_last(__x._M_last), _M_node(__x._M_node) { }
                                           ^~~~~~~
/usr/include/c++/6/bits/stl_deque.h: In member function ‘hci::std::_Deque_iterator<_Tp, _Ref, _Ptr>::reference hci::std::_Deque_iterator<_Tp, _Ref, _Ptr>::operator*() const’:
/usr/include/c++/6/bits/stl_deque.h:159:17: error: ‘_M_cur’ was not declared in this scope
       { return *_M_cur; }
                 ^~~~~~
/usr/include/c++/6/bits/stl_deque.h: In member function ‘hci::std::_Deque_iterator<_Tp, _Ref, _Ptr>::pointer hci::std::_Deque_iterator<_Tp, _Ref, _Ptr>::operator->() const’:
/usr/include/c++/6/bits/stl_deque.h:163:16: error: ‘_M_cur’ was not declared in this scope
       { return _M_cur; }
                ^~~~~~
/usr/include/c++/6/bits/stl_deque.h: In member function ‘hci::std::_Deque_iterator<_Tp, _Ref, _Ptr>::_Self& hci::std::_Deque_iterator<_Tp, _Ref, _Ptr>::operator++()’:
/usr/include/c++/6/bits/stl_deque.h:168:4: error: ‘_M_cur’ was not declared in this scope
  ++_M_cur;
    ^~~~~~
/usr/include/c++/6/bits/stl_deque.h:169:16: error: ‘_M_last’ was not declared in this scope
  if (_M_cur == _M_last)
                ^~~~~~~
/usr/include/c++/6/bits/stl_deque.h:171:18: error: ‘_M_node’ was not declared in this scope
      _M_set_node(_M_node + 1);
                  ^~~~~~~
/usr/include/c++/6/bits/stl_deque.h:172:15: error: ‘_M_first’ was not declared in this scope
      _M_cur = _M_first;
               ^~~~~~~~
/usr/include/c++/6/bits/stl_deque.h: In member function ‘hci::std::_Deque_iterator<_Tp, _Ref, _Ptr>::_Self& hci::std::_Deque_iterator<_Tp, _Ref, _Ptr>::operator--()’:
/usr/include/c++/6/bits/stl_deque.h:188:6: error: ‘_M_cur’ was not declared in this scope
  if (_M_cur == _M_first)
      ^~~~~~
/usr/include/c++/6/bits/stl_deque.h:188:16: error: ‘_M_first’ was not declared in this scope
  if (_M_cur == _M_first)
                ^~~~~~~~
/usr/include/c++/6/bits/stl_deque.h:190:18: error: ‘_M_node’ was not declared in this scope
      _M_set_node(_M_node - 1);
                  ^~~~~~~
/usr/include/c++/6/bits/stl_deque.h:191:15: error: ‘_M_last’ was not declared in this scope
      _M_cur = _M_last;
               ^~~~~~~
/usr/include/c++/6/bits/stl_deque.h:193:4: error: ‘_M_cur’ was not declared in this scope
  --_M_cur;
    ^~~~~~
/usr/include/c++/6/bits/stl_deque.h: In member function ‘hci::std::_Deque_iterator<_Tp, _Ref, _Ptr>::_Self& hci::std::_Deque_iterator<_Tp, _Ref, _Ptr>::operator+=(hci::std::_Deque_iterator<_Tp, _Ref, _Ptr>::difference_type)’:
/usr/include/c++/6/bits/stl_deque.h:208:42: error: ‘_M_cur’ was not declared in this scope
  const difference_type __offset = __n + (_M_cur - _M_first);
                                          ^~~~~~
/usr/include/c++/6/bits/stl_deque.h:208:51: error: ‘_M_first’ was not declared in this scope
  const difference_type __offset = __n + (_M_cur - _M_first);
                                                   ^~~~~~~~
/usr/include/c++/6/bits/stl_deque.h:217:18: error: ‘_M_node’ was not declared in this scope
      _M_set_node(_M_node + __node_offset);
                  ^~~~~~~
/usr/include/c++/6/bits/stl_deque.h: In member function ‘void hci::std::_Deque_iterator<_Tp, _Ref, _Ptr>::_M_set_node(int)’:
/usr/include/c++/6/bits/stl_deque.h:254:2: error: ‘_M_node’ was not declared in this scope
  _M_node = __new_node;
  ^~~~~~~
/usr/include/c++/6/bits/stl_deque.h:255:2: error: ‘_M_first’ was not declared in this scope
  _M_first = *__new_node;
  ^~~~~~~~
/usr/include/c++/6/bits/stl_deque.h:255:14: error: invalid type argument of unary ‘*’ (have ‘int’)
  _M_first = *__new_node;
              ^~~~~~~~~~
/usr/include/c++/6/bits/stl_deque.h:256:2: error: ‘_M_last’ was not declared in this scope
  _M_last = _M_first + difference_type(_S_buffer_size());
  ^~~~~~~
/usr/include/c++/6/bits/stl_deque.h: At global scope:
/usr/include/c++/6/bits/stl_deque.h:505:38: error: ‘false_type’ has not been declared
       _Deque_base(_Deque_base&& __x, false_type)
                                      ^~~~~~~~~~
/usr/include/c++/6/bits/stl_deque.h:509:38: error: ‘true_type’ has not been declared
       _Deque_base(_Deque_base&& __x, true_type)
                                      ^~~~~~~~~
/usr/include/c++/6/bits/stl_deque.h:509:7: error: ‘hci::std::_Deque_base<_Tp, _Alloc>::_Deque_base(hci::std::_Deque_base<_Tp, _Alloc>&&, int)’ cannot be overloaded
       _Deque_base(_Deque_base&& __x, true_type)
       ^~~~~~~~~~~
/usr/include/c++/6/bits/stl_deque.h:505:7: error: with ‘hci::std::_Deque_base<_Tp, _Alloc>::_Deque_base(hci::std::_Deque_base<_Tp, _Alloc>&&, int)’
       _Deque_base(_Deque_base&& __x, false_type)
       ^~~~~~~~~~~
/usr/include/c++/6/bits/stl_deque.h: In member function ‘void hci::std::_Deque_base<_Tp, _Alloc>::_Deque_impl::_M_swap_data(hci::std::_Deque_base<_Tp, _Alloc>::_Deque_impl&)’:
/usr/include/c++/6/bits/stl_deque.h:576:15: error: ‘hci::std::swap’ has not been declared
    using std::swap;
               ^~~~
/usr/include/c++/6/bits/stl_deque.h: In member function ‘void hci::std::_Deque_base<_Tp, _Alloc>::_M_initialize_map(size_t)’:
/usr/include/c++/6/bits/stl_deque.h:685:35: error: ‘max’ is not a member of ‘hci::std’
       this->_M_impl._M_map_size = std::max((size_t) _S_initial_map_size,
                                   ^~~
/usr/include/c++/6/bits/stl_deque.h:685:35: note: suggested alternative:
In file included from /usr/include/c++/6/algorithm:62:0,
                 from /usr/local/include/boost/core/swap.hpp:25,
                 from /usr/local/include/boost/optional/optional.hpp:27,
                 from /usr/local/include/boost/optional.hpp:15,
                 from /usr/local/include/boost/mpi/communicator.hpp:20,
                 from /usr/local/include/boost/mpi/collectives.hpp:21,
                 from /usr/local/include/boost/mpi.hpp:23,
                 from src/solver.h:4,
                 from src/solver.cc:1:
/usr/include/c++/6/bits/stl_algo.h:3465:5: note:   ‘std::max’
     max(initializer_list<_Tp> __l, _Compare __comp)
     ^~~
In file included from /usr/include/c++/6/deque:64:0,
                 from /usr/local/include/boost/detail/container_fwd.hpp:91,
                 from /usr/local/include/boost/functional/hash/extensions.hpp:22,
                 from /usr/local/include/boost/functional/hash/hash.hpp:560,
                 from /usr/local/include/boost/functional/hash.hpp:6,
                 from src/solver.cc:3:
/usr/include/c++/6/bits/stl_deque.h: At global scope:
/usr/include/c++/6/bits/stl_deque.h:828:49: error: ‘allocator’ in namespace ‘hci::std’ does not name a template type
   template<typename _Tp, typename _Alloc = std::allocator<_Tp> >
                                                 ^~~~~~~~~
/usr/include/c++/6/bits/stl_deque.h:828:58: error: expected ‘>’ before ‘<’ token
   template<typename _Tp, typename _Alloc = std::allocator<_Tp> >
                                                          ^
/usr/include/c++/6/bits/stl_deque.h:851:20: error: ‘reverse_iterator’ in namespace ‘hci::std’ does not name a template type
       typedef std::reverse_iterator<const_iterator>      const_reverse_iterator;
                    ^~~~~~~~~~~~~~~~
/usr/include/c++/6/bits/stl_deque.h:852:20: error: ‘reverse_iterator’ in namespace ‘hci::std’ does not name a template type
       typedef std::reverse_iterator<iterator>            reverse_iterator;
                    ^~~~~~~~~~~~~~~~
/usr/include/c++/6/bits/stl_deque.h:992:29: error: expected ‘)’ before ‘<’ token
       deque(initializer_list<value_type> __l,
                             ^
/usr/include/c++/6/bits/stl_deque.h:1018:25: error: ‘_RequireInputIter’ in namespace ‘hci::std’ does not name a template type
         typename = std::_RequireInputIter<_InputIterator>>
                         ^~~~~~~~~~~~~~~~~
/usr/include/c++/6/bits/stl_deque.h:1018:42: error: expected ‘>’ before ‘<’ token
         typename = std::_RequireInputIter<_InputIterator>>
                                          ^
/usr/include/c++/6/bits/stl_deque.h:1082:17: error: declaration of ‘operator=’ as non-function
       operator=(initializer_list<value_type> __l)
                 ^~~~~~~~~~~~~~~~
/usr/include/c++/6/bits/stl_deque.h:1082:15: error: expected ‘;’ at end of member declaration
       operator=(initializer_list<value_type> __l)
               ^
/usr/include/c++/6/bits/stl_deque.h:1082:33: error: expected ‘)’ before ‘<’ token
       operator=(initializer_list<value_type> __l)
                                 ^
/usr/include/c++/6/bits/stl_deque.h:1117:25: error: ‘_RequireInputIter’ in namespace ‘hci::std’ does not name a template type
         typename = std::_RequireInputIter<_InputIterator>>
                         ^~~~~~~~~~~~~~~~~
/usr/include/c++/6/bits/stl_deque.h:1117:42: error: expected ‘>’ before ‘<’ token
         typename = std::_RequireInputIter<_InputIterator>>
                                          ^
/usr/include/c++/6/bits/stl_deque.h:1144:14: error: ‘initializer_list’ has not been declared
       assign(initializer_list<value_type> __l)
              ^~~~~~~~~~~~~~~~
/usr/include/c++/6/bits/stl_deque.h:1144:30: error: expected ‘,’ or ‘...’ before ‘<’ token
       assign(initializer_list<value_type> __l)
                              ^
/usr/include/c++/6/bits/stl_deque.h:1193:7: error: ‘reverse_iterator’ does not name a type
       reverse_iterator
       ^~~~~~~~~~~~~~~~
/usr/include/c++/6/bits/stl_deque.h:1202:7: error: ‘const_reverse_iterator’ does not name a type
       const_reverse_iterator
       ^~~~~~~~~~~~~~~~~~~~~~
/usr/include/c++/6/bits/stl_deque.h:1211:7: error: ‘reverse_iterator’ does not name a type
       reverse_iterator
       ^~~~~~~~~~~~~~~~
/usr/include/c++/6/bits/stl_deque.h:1220:7: error: ‘const_reverse_iterator’ does not name a type
       const_reverse_iterator
       ^~~~~~~~~~~~~~~~~~~~~~
/usr/include/c++/6/bits/stl_deque.h:1247:7: error: ‘const_reverse_iterator’ does not name a type
       const_reverse_iterator
       ^~~~~~~~~~~~~~~~~~~~~~
/usr/include/c++/6/bits/stl_deque.h:1256:7: error: ‘const_reverse_iterator’ does not name a type
       const_reverse_iterator
       ^~~~~~~~~~~~~~~~~~~~~~
/usr/include/c++/6/bits/stl_deque.h:1647:34: error: ‘initializer_list’ has not been declared
       insert(const_iterator __p, initializer_list<value_type> __l)
                                  ^~~~~~~~~~~~~~~~
/usr/include/c++/6/bits/stl_deque.h:1647:50: error: expected ‘,’ or ‘...’ before ‘<’ token
       insert(const_iterator __p, initializer_list<value_type> __l)
                                                  ^
/usr/include/c++/6/bits/stl_deque.h:1697:25: error: ‘_RequireInputIter’ in namespace ‘hci::std’ does not name a template type
         typename = std::_RequireInputIter<_InputIterator>>
                         ^~~~~~~~~~~~~~~~~
/usr/include/c++/6/bits/stl_deque.h:1697:42: error: expected ‘>’ before ‘<’ token
         typename = std::_RequireInputIter<_InputIterator>>
                                          ^
/usr/include/c++/6/bits/stl_deque.h:1810:60: error: ‘__true_type’ has not been declared
         _M_initialize_dispatch(_Integer __n, _Integer __x, __true_type)
                                                            ^~~~~~~~~~~
/usr/include/c++/6/bits/stl_deque.h:1820:11: error: ‘__false_type’ has not been declared
           __false_type)
           ^~~~~~~~~~~~
/usr/include/c++/6/bits/stl_deque.h:1819:9: error: ‘template<class _Tp, class _Alloc> template<class _InputIterator> void hci::std::deque<_Tp, _Alloc>::_M_initialize_dispatch(_InputIterator, _InputIterator, int)’ cannot be overloaded
         _M_initialize_dispatch(_InputIterator __first, _InputIterator __last,
         ^~~~~~~~~~~~~~~~~~~~~~
/usr/include/c++/6/bits/stl_deque.h:1810:9: error: with ‘template<class _Tp, class _Alloc> template<class _Integer> void hci::std::deque<_Tp, _Alloc>::_M_initialize_dispatch(_Integer, _Integer, int)’
         _M_initialize_dispatch(_Integer __n, _Integer __x, __true_type)
         ^~~~~~~~~~~~~~~~~~~~~~
/usr/include/c++/6/bits/stl_deque.h:1842:13: error: ‘hci::std::input_iterator_tag’ has not been declared
        std::input_iterator_tag);
             ^~~~~~~~~~~~~~~~~~
/usr/include/c++/6/bits/stl_deque.h:1848:13: error: ‘hci::std::forward_iterator_tag’ has not been declared
        std::forward_iterator_tag);
             ^~~~~~~~~~~~~~~~~~~~
/usr/include/c++/6/bits/stl_deque.h:1847:9: error: ‘template<class _Tp, class _Alloc> template<class _ForwardIterator> void hci::std::deque<_Tp, _Alloc>::_M_range_initialize(_ForwardIterator, _ForwardIterator, int)’ cannot be overloaded
         _M_range_initialize(_ForwardIterator __first, _ForwardIterator __last,
         ^~~~~~~~~~~~~~~~~~~
/usr/include/c++/6/bits/stl_deque.h:1841:9: error: with ‘template<class _Tp, class _Alloc> template<class _InputIterator> void hci::std::deque<_Tp, _Alloc>::_M_range_initialize(_InputIterator, _InputIterator, int)’
         _M_range_initialize(_InputIterator __first, _InputIterator __last,
         ^~~~~~~~~~~~~~~~~~~
/usr/include/c++/6/bits/stl_deque.h:1879:58: error: ‘__true_type’ has not been declared
         _M_assign_dispatch(_Integer __n, _Integer __val, __true_type)
                                                          ^~~~~~~~~~~
/usr/include/c++/6/bits/stl_deque.h:1886:7: error: ‘__false_type’ has not been declared
       __false_type)
       ^~~~~~~~~~~~
/usr/include/c++/6/bits/stl_deque.h:1885:9: error: ‘template<class _Tp, class _Alloc> template<class _InputIterator> void hci::std::deque<_Tp, _Alloc>::_M_assign_dispatch(_InputIterator, _InputIterator, int)’ cannot be overloaded
         _M_assign_dispatch(_InputIterator __first, _InputIterator __last,
         ^~~~~~~~~~~~~~~~~~
/usr/include/c++/6/bits/stl_deque.h:1879:9: error: with ‘template<class _Tp, class _Alloc> template<class _Integer> void hci::std::deque<_Tp, _Alloc>::_M_assign_dispatch(_Integer, _Integer, int)’
         _M_assign_dispatch(_Integer __n, _Integer __val, __true_type)
         ^~~~~~~~~~~~~~~~~~
/usr/include/c++/6/bits/stl_deque.h:1897:14: error: ‘hci::std::input_iterator_tag’ has not been declared
         std::input_iterator_tag);
              ^~~~~~~~~~~~~~~~~~
/usr/include/c++/6/bits/stl_deque.h:1903:14: error: ‘hci::std::forward_iterator_tag’ has not been declared
         std::forward_iterator_tag)
              ^~~~~~~~~~~~~~~~~~~~
/usr/include/c++/6/bits/stl_deque.h:1902:9: error: ‘template<class _Tp, class _Alloc> template<class _ForwardIterator> void hci::std::deque<_Tp, _Alloc>::_M_assign_aux(_ForwardIterator, _ForwardIterator, int)’ cannot be overloaded
         _M_assign_aux(_ForwardIterator __first, _ForwardIterator __last,
         ^~~~~~~~~~~~~
/usr/include/c++/6/bits/stl_deque.h:1896:9: error: with ‘template<class _Tp, class _Alloc> template<class _InputIterator> void hci::std::deque<_Tp, _Alloc>::_M_assign_aux(_InputIterator, _InputIterator, int)’
         _M_assign_aux(_InputIterator __first, _InputIterator __last,
         ^~~~~~~~~~~~~
/usr/include/c++/6/bits/stl_deque.h:1963:35: error: ‘__true_type’ has not been declared
       _Integer __n, _Integer __x, __true_type)
                                   ^~~~~~~~~~~
/usr/include/c++/6/bits/stl_deque.h:1971:7: error: ‘__false_type’ has not been declared
       __false_type)
       ^~~~~~~~~~~~
/usr/include/c++/6/bits/stl_deque.h:1969:9: error: ‘template<class _Tp, class _Alloc> template<class _InputIterator> void hci::std::deque<_Tp, _Alloc>::_M_insert_dispatch(hci::std::deque<_Tp, _Alloc>::iterator, _InputIterator, _InputIterator, int)’ cannot be overloaded
         _M_insert_dispatch(iterator __pos,
         ^~~~~~~~~~~~~~~~~~
/usr/include/c++/6/bits/stl_deque.h:1962:9: error: with ‘template<class _Tp, class _Alloc> template<class _Integer> void hci::std::deque<_Tp, _Alloc>::_M_insert_dispatch(hci::std::deque<_Tp, _Alloc>::iterator, _Integer, _Integer, int)’
         _M_insert_dispatch(iterator __pos,
         ^~~~~~~~~~~~~~~~~~
/usr/include/c++/6/bits/stl_deque.h:1982:36: error: ‘hci::std::input_iterator_tag’ has not been declared
        _InputIterator __last, std::input_iterator_tag);
                                    ^~~~~~~~~~~~~~~~~~
/usr/include/c++/6/bits/stl_deque.h:1988:38: error: ‘hci::std::forward_iterator_tag’ has not been declared
        _ForwardIterator __last, std::forward_iterator_tag);
                                      ^~~~~~~~~~~~~~~~~~~~
/usr/include/c++/6/bits/stl_deque.h:1987:9: error: ‘template<class _Tp, class _Alloc> template<class _ForwardIterator> void hci::std::deque<_Tp, _Alloc>::_M_range_insert_aux(hci::std::deque<_Tp, _Alloc>::iterator, _ForwardIterator, _ForwardIterator, int)’ cannot be overloaded
         _M_range_insert_aux(iterator __pos, _ForwardIterator __first,
         ^~~~~~~~~~~~~~~~~~~
/usr/include/c++/6/bits/stl_deque.h:1981:9: error: with ‘template<class _Tp, class _Alloc> template<class _InputIterator> void hci::std::deque<_Tp, _Alloc>::_M_range_insert_aux(hci::std::deque<_Tp, _Alloc>::iterator, _InputIterator, _InputIterator, int)’
         _M_range_insert_aux(iterator __pos, _InputIterator __first,
         ^~~~~~~~~~~~~~~~~~~
/usr/include/c++/6/bits/stl_deque.h:2032:20: error: ‘allocator’ in namespace ‘hci::std’ does not name a template type
         const std::allocator<_Tp>&)
                    ^~~~~~~~~
/usr/include/c++/6/bits/stl_deque.h:2032:29: error: expected ‘,’ or ‘...’ before ‘<’ token
         const std::allocator<_Tp>&)
                             ^
/usr/include/c++/6/bits/stl_deque.h:2135:56: error: ‘true_type’ has not been declared
       _M_move_assign1(deque&& __x, /* always equal: */ true_type) noexcept
                                                        ^~~~~~~~~
/usr/include/c++/6/bits/stl_deque.h:2146:56: error: ‘false_type’ has not been declared
       _M_move_assign1(deque&& __x, /* always equal: */ false_type)
                                                        ^~~~~~~~~~
/usr/include/c++/6/bits/stl_deque.h:2146:7: error: ‘void hci::std::deque<_Tp, _Alloc>::_M_move_assign1(hci::std::deque<_Tp, _Alloc>&&, int)’ cannot be overloaded
       _M_move_assign1(deque&& __x, /* always equal: */ false_type)
       ^~~~~~~~~~~~~~~
/usr/include/c++/6/bits/stl_deque.h:2135:7: error: with ‘void hci::std::deque<_Tp, _Alloc>::_M_move_assign1(hci::std::deque<_Tp, _Alloc>&&, int)’
       _M_move_assign1(deque&& __x, /* always equal: */ true_type) noexcept
       ^~~~~~~~~~~~~~~
/usr/include/c++/6/bits/stl_deque.h:2173:53: error: ‘true_type’ has not been declared
       _M_move_assign2(deque&& __x, /* propagate: */ true_type)
                                                     ^~~~~~~~~
/usr/include/c++/6/bits/stl_deque.h:2187:53: error: ‘false_type’ has not been declared
       _M_move_assign2(deque&& __x, /* propagate: */ false_type)
                                                     ^~~~~~~~~~
/usr/include/c++/6/bits/stl_deque.h:2187:7: error: ‘void hci::std::deque<_Tp, _Alloc>::_M_move_assign2(hci::std::deque<_Tp, _Alloc>&&, int)’ cannot be overloaded
       _M_move_assign2(deque&& __x, /* propagate: */ false_type)
       ^~~~~~~~~~~~~~~
/usr/include/c++/6/bits/stl_deque.h:2173:7: error: with ‘void hci::std::deque<_Tp, _Alloc>::_M_move_assign2(hci::std::deque<_Tp, _Alloc>&&, int)’
       _M_move_assign2(deque&& __x, /* propagate: */ true_type)
       ^~~~~~~~~~~~~~~
/usr/include/c++/6/bits/stl_deque.h: In copy constructor ‘hci::std::deque<_Tp, _Alloc>::deque(const hci::std::deque<_Tp, _Alloc>&)’:
/usr/include/c++/6/bits/stl_deque.h:946:9: error: ‘__uninitialized_copy_a’ is not a member of ‘hci::std’
       { std::__uninitialized_copy_a(__x.begin(), __x.end(),
         ^~~
/usr/include/c++/6/bits/stl_deque.h:946:9: note: suggested alternative:
In file included from /usr/include/c++/6/memory:65:0,
                 from /usr/local/include/boost/mpi/allocator.hpp:18,
                 from /usr/local/include/boost/mpi.hpp:22,
                 from src/solver.h:4,
                 from src/solver.cc:1:
/usr/include/c++/6/bits/stl_uninitialized.h:279:5: note:   ‘std::__uninitialized_copy_a’
     __uninitialized_copy_a(_InputIterator __first, _InputIterator __last,
     ^~~~~~~~~~~~~~~~~~~~~~
In file included from /usr/include/c++/6/deque:64:0,
                 from /usr/local/include/boost/detail/container_fwd.hpp:91,
                 from /usr/local/include/boost/functional/hash/extensions.hpp:22,
                 from /usr/local/include/boost/functional/hash/hash.hpp:560,
                 from /usr/local/include/boost/functional/hash.hpp:6,
                 from src/solver.cc:3:
/usr/include/c++/6/bits/stl_deque.h: In constructor ‘hci::std::deque<_Tp, _Alloc>::deque(const hci::std::deque<_Tp, _Alloc>&, const allocator_type&)’:
/usr/include/c++/6/bits/stl_deque.h:964:9: error: ‘__uninitialized_copy_a’ is not a member of ‘hci::std’
       { std::__uninitialized_copy_a(__x.begin(), __x.end(),
         ^~~
/usr/include/c++/6/bits/stl_deque.h:964:9: note: suggested alternative:
In file included from /usr/include/c++/6/memory:65:0,
                 from /usr/local/include/boost/mpi/allocator.hpp:18,
                 from /usr/local/include/boost/mpi.hpp:22,
                 from src/solver.h:4,
                 from src/solver.cc:1:
/usr/include/c++/6/bits/stl_uninitialized.h:279:5: note:   ‘std::__uninitialized_copy_a’
     __uninitialized_copy_a(_InputIterator __first, _InputIterator __last,
     ^~~~~~~~~~~~~~~~~~~~~~
In file included from /usr/include/c++/6/deque:64:0,
                 from /usr/local/include/boost/detail/container_fwd.hpp:91,
                 from /usr/local/include/boost/functional/hash/extensions.hpp:22,
                 from /usr/local/include/boost/functional/hash/hash.hpp:560,
                 from /usr/local/include/boost/functional/hash.hpp:6,
                 from src/solver.cc:3:
/usr/include/c++/6/bits/stl_deque.h: In constructor ‘hci::std::deque<_Tp, _Alloc>::deque(hci::std::deque<_Tp, _Alloc>&&, const allocator_type&)’:
/usr/include/c++/6/bits/stl_deque.h:974:6: error: ‘__uninitialized_move_a’ is not a member of ‘hci::std’
      std::__uninitialized_move_a(__x.begin(), __x.end(),
      ^~~
/usr/include/c++/6/bits/stl_deque.h:974:6: note: suggested alternative:
In file included from /usr/include/c++/6/memory:65:0,
                 from /usr/local/include/boost/mpi/allocator.hpp:18,
                 from /usr/local/include/boost/mpi.hpp:22,
                 from src/solver.h:4,
                 from src/solver.cc:1:
/usr/include/c++/6/bits/stl_uninitialized.h:286:5: note:   ‘std::__uninitialized_move_a’
     __uninitialized_move_a(_InputIterator __first, _InputIterator __last,
     ^~~~~~~~~~~~~~~~~~~~~~
In file included from /usr/include/c++/6/deque:64:0,
                 from /usr/local/include/boost/detail/container_fwd.hpp:91,
                 from /usr/local/include/boost/functional/hash/extensions.hpp:22,
                 from /usr/local/include/boost/functional/hash/hash.hpp:560,
                 from /usr/local/include/boost/functional/hash.hpp:6,
                 from src/solver.cc:3:
/usr/include/c++/6/bits/stl_deque.h: In constructor ‘hci::std::deque<_Tp, _Alloc>::deque(_InputIterator, _InputIterator, const allocator_type&)’:
/usr/include/c++/6/bits/stl_deque.h:1022:64: error: there are no arguments to ‘__false_type’ that depend on a template parameter, so a declaration of ‘__false_type’ must be available [-fpermissive]
         { _M_initialize_dispatch(__first, __last, __false_type()); }
                                                                ^
/usr/include/c++/6/bits/stl_deque.h: In member function ‘void hci::std::deque<_Tp, _Alloc>::assign(_InputIterator, _InputIterator)’:
/usr/include/c++/6/bits/stl_deque.h:1120:60: error: there are no arguments to ‘__false_type’ that depend on a template parameter, so a declaration of ‘__false_type’ must be available [-fpermissive]
         { _M_assign_dispatch(__first, __last, __false_type()); }
                                                            ^
/usr/include/c++/6/bits/stl_deque.h: In member function ‘void hci::std::deque<_Tp, _Alloc>::assign(int)’:
/usr/include/c++/6/bits/stl_deque.h:1145:22: error: ‘__l’ was not declared in this scope
       { this->assign(__l.begin(), __l.end()); }
                      ^~~
/usr/include/c++/6/bits/stl_deque.h: In member function ‘hci::std::deque<_Tp, _Alloc>::iterator hci::std::deque<_Tp, _Alloc>::insert(hci::std::deque<_Tp, _Alloc>::const_iterator, int)’:
/usr/include/c++/6/bits/stl_deque.h:1648:34: error: ‘__l’ was not declared in this scope
       { return this->insert(__p, __l.begin(), __l.end()); }
                                  ^~~
/usr/include/c++/6/bits/stl_deque.h: In member function ‘hci::std::deque<_Tp, _Alloc>::iterator hci::std::deque<_Tp, _Alloc>::insert(hci::std::deque<_Tp, _Alloc>::const_iterator, _InputIterator, _InputIterator)’:
/usr/include/c++/6/bits/stl_deque.h:1704:39: error: there are no arguments to ‘__false_type’ that depend on a template parameter, so a declaration of ‘__false_type’ must be available [-fpermissive]
         __first, __last, __false_type());
                                       ^
/usr/include/c++/6/bits/stl_deque.h: In member function ‘void hci::std::deque<_Tp, _Alloc>::_M_initialize_dispatch(_InputIterator, _InputIterator, int)’:
/usr/include/c++/6/bits/stl_deque.h:1822:26: error: ‘iterator_traits’ in namespace ‘hci::std’ does not name a template type
    typedef typename std::iterator_traits<_InputIterator>::
                          ^~~~~~~~~~~~~~~
/usr/include/c++/6/bits/stl_deque.h:1822:41: error: expected unqualified-id before ‘<’ token
    typedef typename std::iterator_traits<_InputIterator>::
                                         ^
/usr/include/c++/6/bits/stl_deque.h:1824:55: error: there are no arguments to ‘_IterCategory’ that depend on a template parameter, so a declaration of ‘_IterCategory’ must be available [-fpermissive]
    _M_range_initialize(__first, __last, _IterCategory());
                                                       ^
/usr/include/c++/6/bits/stl_deque.h: In member function ‘void hci::std::deque<_Tp, _Alloc>::_M_assign_dispatch(_InputIterator, _InputIterator, int)’:
/usr/include/c++/6/bits/stl_deque.h:1888:26: error: ‘iterator_traits’ in namespace ‘hci::std’ does not name a template type
    typedef typename std::iterator_traits<_InputIterator>::
                          ^~~~~~~~~~~~~~~
/usr/include/c++/6/bits/stl_deque.h:1888:41: error: expected unqualified-id before ‘<’ token
    typedef typename std::iterator_traits<_InputIterator>::
                                         ^
/usr/include/c++/6/bits/stl_deque.h:1890:49: error: there are no arguments to ‘_IterCategory’ that depend on a template parameter, so a declaration of ‘_IterCategory’ must be available [-fpermissive]
    _M_assign_aux(__first, __last, _IterCategory());
                                                 ^
/usr/include/c++/6/bits/stl_deque.h: In member function ‘void hci::std::deque<_Tp, _Alloc>::_M_assign_aux(_ForwardIterator, _ForwardIterator, int)’:
/usr/include/c++/6/bits/stl_deque.h:1905:28: error: ‘distance’ is not a member of ‘hci::std’
    const size_type __len = std::distance(__first, __last);
                            ^~~
/usr/include/c++/6/bits/stl_deque.h:1905:28: note: suggested alternatives:
In file included from /usr/include/c++/6/bits/stl_algobase.h:66:0,
                 from /usr/include/c++/6/bits/char_traits.h:39,
                 from /usr/include/c++/6/string:40,
                 from /usr/local/include/boost/mpi/exception.hpp:18,
                 from /usr/local/include/boost/mpi/allocator.hpp:16,
                 from /usr/local/include/boost/mpi.hpp:22,
                 from src/solver.h:4,
                 from src/solver.cc:1:
/usr/include/c++/6/bits/stl_iterator_base_funcs.h:135:5: note:   ‘std::distance’
     distance(_InputIterator __first, _InputIterator __last)
     ^~~~~~~~
/usr/include/c++/6/bits/stl_iterator_base_funcs.h:135:5: note:   ‘std::distance’
In file included from /usr/include/c++/6/deque:64:0,
                 from /usr/local/include/boost/detail/container_fwd.hpp:91,
                 from /usr/local/include/boost/functional/hash/extensions.hpp:22,
                 from /usr/local/include/boost/functional/hash/hash.hpp:560,
                 from /usr/local/include/boost/functional/hash.hpp:6,
                 from src/solver.cc:3:
/usr/include/c++/6/bits/stl_deque.h:1909:8: error: ‘advance’ is not a member of ‘hci::std’
        std::advance(__mid, size());
        ^~~
/usr/include/c++/6/bits/stl_deque.h:1909:8: note: suggested alternative:
In file included from /usr/include/c++/6/bits/stl_algobase.h:66:0,
                 from /usr/include/c++/6/bits/char_traits.h:39,
                 from /usr/include/c++/6/string:40,
                 from /usr/local/include/boost/mpi/exception.hpp:18,
                 from /usr/local/include/boost/mpi/allocator.hpp:16,
                 from /usr/local/include/boost/mpi.hpp:22,
                 from src/solver.h:4,
                 from src/solver.cc:1:
/usr/include/c++/6/bits/stl_iterator_base_funcs.h:194:5: note:   ‘std::advance’
     advance(_InputIterator& __i, _Distance __n)
     ^~~~~~~
In file included from /usr/include/c++/6/deque:64:0,
                 from /usr/local/include/boost/detail/container_fwd.hpp:91,
                 from /usr/local/include/boost/functional/hash/extensions.hpp:22,
                 from /usr/local/include/boost/functional/hash/hash.hpp:560,
                 from /usr/local/include/boost/functional/hash.hpp:6,
                 from src/solver.cc:3:
/usr/include/c++/6/bits/stl_deque.h: In member function ‘void hci::std::deque<_Tp, _Alloc>::_M_insert_dispatch(hci::std::deque<_Tp, _Alloc>::iterator, _InputIterator, _InputIterator, int)’:
/usr/include/c++/6/bits/stl_deque.h:1973:26: error: ‘iterator_traits’ in namespace ‘hci::std’ does not name a template type
    typedef typename std::iterator_traits<_InputIterator>::
                          ^~~~~~~~~~~~~~~
/usr/include/c++/6/bits/stl_deque.h:1973:41: error: expected unqualified-id before ‘<’ token
    typedef typename std::iterator_traits<_InputIterator>::
                                         ^
/usr/include/c++/6/bits/stl_deque.h:1975:69: error: there are no arguments to ‘_IterCategory’ that depend on a template parameter, so a declaration of ‘_IterCategory’ must be available [-fpermissive]
           _M_range_insert_aux(__pos, __first, __last, _IterCategory());
                                                                     ^
/usr/include/c++/6/bits/stl_deque.h: In member function ‘void hci::std::deque<_Tp, _Alloc>::_M_move_assign1(hci::std::deque<_Tp, _Alloc>&&, int)’:
/usr/include/c++/6/bits/stl_deque.h:2139:2: error: ‘__alloc_on_move’ is not a member of ‘hci::std’
  std::__alloc_on_move(_M_get_Tp_allocator(), __x._M_get_Tp_allocator());
  ^~~
/usr/include/c++/6/bits/stl_deque.h:2139:2: note: suggested alternative:
In file included from /usr/include/c++/6/ext/alloc_traits.h:36:0,
                 from /usr/include/c++/6/bits/basic_string.h:40,
                 from /usr/include/c++/6/string:52,
                 from /usr/local/include/boost/mpi/exception.hpp:18,
                 from /usr/local/include/boost/mpi/allocator.hpp:16,
                 from /usr/local/include/boost/mpi.hpp:22,
                 from src/solver.h:4,
                 from src/solver.cc:1:
/usr/include/c++/6/bits/alloc_traits.h:523:17: note:   ‘std::__alloc_on_move’
     inline void __alloc_on_move(_Alloc& __one, _Alloc& __two)
                 ^~~~~~~~~~~~~~~
In file included from /usr/include/c++/6/deque:64:0,
                 from /usr/local/include/boost/detail/container_fwd.hpp:91,
                 from /usr/local/include/boost/functional/hash/extensions.hpp:22,
                 from /usr/local/include/boost/functional/hash/hash.hpp:560,
                 from /usr/local/include/boost/functional/hash.hpp:6,
                 from src/solver.cc:3:
/usr/include/c++/6/bits/stl_deque.h: In member function ‘void hci::std::deque<_Tp, _Alloc>::_M_move_assign1(hci::std::deque<_Tp, _Alloc>&&, int)’:
/usr/include/c++/6/bits/stl_deque.h:2150:34: error: ‘__bool_constant’ was not declared in this scope
  _M_move_assign2(std::move(__x), __bool_constant<__move_storage>());
                                  ^~~~~~~~~~~~~~~
/usr/include/c++/6/bits/stl_deque.h:2150:34: note: suggested alternative:
In file included from /usr/include/c++/6/bits/move.h:57:0,
                 from /usr/include/c++/6/bits/nested_exception.h:40,
                 from /usr/include/c++/6/exception:171,
                 from /usr/local/include/boost/mpi/exception.hpp:17,
                 from /usr/local/include/boost/mpi/allocator.hpp:16,
                 from /usr/local/include/boost/mpi.hpp:22,
                 from src/solver.h:4,
                 from src/solver.cc:1:
/usr/include/c++/6/type_traits:93:57: note:   ‘std::__bool_constant’
     using __bool_constant = integral_constant<bool, __v>;
                                                         ^
In file included from /usr/include/c++/6/deque:64:0,
                 from /usr/local/include/boost/detail/container_fwd.hpp:91,
                 from /usr/local/include/boost/functional/hash/extensions.hpp:22,
                 from /usr/local/include/boost/functional/hash/hash.hpp:560,
                 from /usr/local/include/boost/functional/hash.hpp:6,
                 from src/solver.cc:3:
/usr/include/c++/6/bits/stl_deque.h:2150:66: error: expected primary-expression before ‘)’ token
  _M_move_assign2(std::move(__x), __bool_constant<__move_storage>());
                                                                  ^
/usr/include/c++/6/bits/stl_deque.h: In member function ‘void hci::std::deque<_Tp, _Alloc>::_M_replace_map(_Args&& ...)’:
/usr/include/c++/6/bits/stl_deque.h:2160:17: error: ‘forward’ is not a member of ‘hci::std’
  deque __newobj(std::forward<_Args>(__args)...);
                 ^~~
/usr/include/c++/6/bits/stl_deque.h:2160:17: note: suggested alternatives:
In file included from /usr/include/c++/6/bits/nested_exception.h:40:0,
                 from /usr/include/c++/6/exception:171,
                 from /usr/local/include/boost/mpi/exception.hpp:17,
                 from /usr/local/include/boost/mpi/allocator.hpp:16,
                 from /usr/local/include/boost/mpi.hpp:22,
                 from src/solver.h:4,
                 from src/solver.cc:1:
/usr/include/c++/6/bits/move.h:87:5: note:   ‘std::forward’
     forward(typename std::remove_reference<_Tp>::type&& __t) noexcept
     ^~~~~~~
In file included from /usr/local/include/boost/move/utility.hpp:29:0,
                 from /usr/local/include/boost/optional/optional.hpp:46,
                 from /usr/local/include/boost/optional.hpp:15,
                 from /usr/local/include/boost/mpi/communicator.hpp:20,
                 from /usr/local/include/boost/mpi/collectives.hpp:21,
                 from /usr/local/include/boost/mpi.hpp:23,
                 from src/solver.h:4,
                 from src/solver.cc:1:
/usr/local/include/boost/move/utility_core.hpp:252:37: note:   ‘boost::forward’
          BOOST_MOVE_FORCEINLINE T&& forward(typename ::boost::move_detail::remove_reference<T>::type&& t) BOOST_NOEXCEPT
                                     ^~~~~~~
In file included from /usr/include/c++/6/deque:64:0,
                 from /usr/local/include/boost/detail/container_fwd.hpp:91,
                 from /usr/local/include/boost/functional/hash/extensions.hpp:22,
                 from /usr/local/include/boost/functional/hash/hash.hpp:560,
                 from /usr/local/include/boost/functional/hash.hpp:6,
                 from src/solver.cc:3:
/usr/include/c++/6/bits/stl_deque.h:2160:35: error: expected primary-expression before ‘>’ token
  deque __newobj(std::forward<_Args>(__args)...);
                                   ^
/usr/include/c++/6/bits/stl_deque.h: In member function ‘void hci::std::deque<_Tp, _Alloc>::_M_move_assign2(hci::std::deque<_Tp, _Alloc>&&, int)’:
/usr/include/c++/6/bits/stl_deque.h:2199:19: error: ‘__make_move_if_noexcept_iterator’ is not a member of ‘hci::std’
      this->assign(std::__make_move_if_noexcept_iterator(__x.begin()),
                   ^~~
/usr/include/c++/6/bits/stl_deque.h:2199:19: note: suggested alternative:
In file included from /usr/include/c++/6/bits/stl_algobase.h:67:0,
                 from /usr/include/c++/6/bits/char_traits.h:39,
                 from /usr/include/c++/6/string:40,
                 from /usr/local/include/boost/mpi/exception.hpp:18,
                 from /usr/local/include/boost/mpi/allocator.hpp:16,
                 from /usr/local/include/boost/mpi.hpp:22,
                 from src/solver.h:4,
                 from src/solver.cc:1:
/usr/include/c++/6/bits/stl_iterator.h:1223:5: note:   ‘std::__make_move_if_noexcept_iterator’
     __make_move_if_noexcept_iterator(_Tp* __i)
     ^~~~~~~~~~~~~~~~~~~~~~~~~~~~~~~~
In file included from /usr/include/c++/6/deque:64:0,
                 from /usr/local/include/boost/detail/container_fwd.hpp:91,
                 from /usr/local/include/boost/functional/hash/extensions.hpp:22,
                 from /usr/local/include/boost/functional/hash/hash.hpp:560,
                 from /usr/local/include/boost/functional/hash.hpp:6,
                 from src/solver.cc:3:
/usr/include/c++/6/bits/stl_deque.h:2200:5: error: ‘__make_move_if_noexcept_iterator’ is not a member of ‘hci::std’
     std::__make_move_if_noexcept_iterator(__x.end()));
     ^~~
/usr/include/c++/6/bits/stl_deque.h:2200:5: note: suggested alternative:
In file included from /usr/include/c++/6/bits/stl_algobase.h:67:0,
                 from /usr/include/c++/6/bits/char_traits.h:39,
                 from /usr/include/c++/6/string:40,
                 from /usr/local/include/boost/mpi/exception.hpp:18,
                 from /usr/local/include/boost/mpi/allocator.hpp:16,
                 from /usr/local/include/boost/mpi.hpp:22,
                 from src/solver.h:4,
                 from src/solver.cc:1:
/usr/include/c++/6/bits/stl_iterator.h:1223:5: note:   ‘std::__make_move_if_noexcept_iterator’
     __make_move_if_noexcept_iterator(_Tp* __i)
     ^~~~~~~~~~~~~~~~~~~~~~~~~~~~~~~~
In file included from /usr/include/c++/6/deque:64:0,
                 from /usr/local/include/boost/detail/container_fwd.hpp:91,
                 from /usr/local/include/boost/functional/hash/extensions.hpp:22,
                 from /usr/local/include/boost/functional/hash/hash.hpp:560,
                 from /usr/local/include/boost/functional/hash.hpp:6,
                 from src/solver.cc:3:
/usr/include/c++/6/bits/stl_deque.h: In function ‘bool hci::std::operator==(const hci::std::deque<_Tp, _Alloc>&, const hci::std::deque<_Tp, _Alloc>&)’:
/usr/include/c++/6/bits/stl_deque.h:2223:17: error: ‘equal’ is not a member of ‘hci::std’
              && std::equal(__x.begin(), __x.end(), __y.begin()); }
                 ^~~
/usr/include/c++/6/bits/stl_deque.h:2223:17: note: suggested alternative:
In file included from /usr/include/c++/6/bits/char_traits.h:39:0,
                 from /usr/include/c++/6/string:40,
                 from /usr/local/include/boost/mpi/exception.hpp:18,
                 from /usr/local/include/boost/mpi/allocator.hpp:16,
                 from /usr/local/include/boost/mpi.hpp:22,
                 from src/solver.h:4,
                 from src/solver.cc:1:
/usr/include/c++/6/bits/stl_algobase.h:1073:5: note:   ‘std::equal’
     equal(_IIter1 __first1, _IIter1 __last1,
     ^~~~~
In file included from /usr/include/c++/6/deque:64:0,
                 from /usr/local/include/boost/detail/container_fwd.hpp:91,
                 from /usr/local/include/boost/functional/hash/extensions.hpp:22,
                 from /usr/local/include/boost/functional/hash/hash.hpp:560,
                 from /usr/local/include/boost/functional/hash.hpp:6,
                 from src/solver.cc:3:
/usr/include/c++/6/bits/stl_deque.h: In function ‘bool hci::std::operator<(const hci::std::deque<_Tp, _Alloc>&, const hci::std::deque<_Tp, _Alloc>&)’:
/usr/include/c++/6/bits/stl_deque.h:2240:14: error: ‘lexicographical_compare’ is not a member of ‘hci::std’
     { return std::lexicographical_compare(__x.begin(), __x.end(),
              ^~~
/usr/include/c++/6/bits/stl_deque.h:2240:14: note: suggested alternative:
In file included from /usr/include/c++/6/bits/char_traits.h:39:0,
                 from /usr/include/c++/6/string:40,
                 from /usr/local/include/boost/mpi/exception.hpp:18,
                 from /usr/local/include/boost/mpi/allocator.hpp:16,
                 from /usr/local/include/boost/mpi.hpp:22,
                 from src/solver.h:4,
                 from src/solver.cc:1:
/usr/include/c++/6/bits/stl_algobase.h:1239:5: note:   ‘std::lexicographical_compare’
     lexicographical_compare(_II1 __first1, _II1 __last1,
     ^~~~~~~~~~~~~~~~~~~~~~~
In file included from /usr/include/c++/6/deque:66:0,
                 from /usr/local/include/boost/detail/container_fwd.hpp:91,
                 from /usr/local/include/boost/functional/hash/extensions.hpp:22,
                 from /usr/local/include/boost/functional/hash/hash.hpp:560,
                 from /usr/local/include/boost/functional/hash.hpp:6,
                 from src/solver.cc:3:
/usr/include/c++/6/bits/deque.tcc: In member function ‘void hci::std::deque<_Tp, _Alloc>::_M_default_initialize()’:
/usr/include/c++/6/bits/deque.tcc:75:13: error: ‘__uninitialized_default_a’ is not a member of ‘hci::std’
             std::__uninitialized_default_a(*__cur, *__cur + _S_buffer_size(),
             ^~~
/usr/include/c++/6/bits/deque.tcc:75:13: note: suggested alternative:
In file included from /usr/include/c++/6/memory:65:0,
                 from /usr/local/include/boost/mpi/allocator.hpp:18,
                 from /usr/local/include/boost/mpi.hpp:22,
                 from src/solver.h:4,
                 from src/solver.cc:1:
/usr/include/c++/6/bits/stl_uninitialized.h:604:5: note:   ‘std::__uninitialized_default_a’
     __uninitialized_default_a(_ForwardIterator __first,
     ^~~~~~~~~~~~~~~~~~~~~~~~~
In file included from /usr/include/c++/6/deque:66:0,
                 from /usr/local/include/boost/detail/container_fwd.hpp:91,
                 from /usr/local/include/boost/functional/hash/extensions.hpp:22,
                 from /usr/local/include/boost/functional/hash/hash.hpp:560,
                 from /usr/local/include/boost/functional/hash.hpp:6,
                 from src/solver.cc:3:
/usr/include/c++/6/bits/deque.tcc:77:11: error: ‘__uninitialized_default_a’ is not a member of ‘hci::std’
           std::__uninitialized_default_a(this->_M_impl._M_finish._M_first,
           ^~~
/usr/include/c++/6/bits/deque.tcc:77:11: note: suggested alternative:
In file included from /usr/include/c++/6/memory:65:0,
                 from /usr/local/include/boost/mpi/allocator.hpp:18,
                 from /usr/local/include/boost/mpi.hpp:22,
                 from src/solver.h:4,
                 from src/solver.cc:1:
/usr/include/c++/6/bits/stl_uninitialized.h:604:5: note:   ‘std::__uninitialized_default_a’
     __uninitialized_default_a(_ForwardIterator __first,
     ^~~~~~~~~~~~~~~~~~~~~~~~~
In file included from /usr/include/c++/6/deque:66:0,
                 from /usr/local/include/boost/detail/container_fwd.hpp:91,
                 from /usr/local/include/boost/functional/hash/extensions.hpp:22,
                 from /usr/local/include/boost/functional/hash/hash.hpp:560,
                 from /usr/local/include/boost/functional/hash.hpp:6,
                 from src/solver.cc:3:
/usr/include/c++/6/bits/deque.tcc:83:11: error: ‘_Destroy’ is not a member of ‘hci::std’
           std::_Destroy(this->_M_impl._M_start, iterator(*__cur, __cur),
           ^~~
/usr/include/c++/6/bits/deque.tcc:83:11: note: suggested alternative:
In file included from /usr/include/c++/6/memory:64:0,
                 from /usr/local/include/boost/mpi/allocator.hpp:18,
                 from /usr/local/include/boost/mpi.hpp:22,
                 from src/solver.h:4,
                 from src/solver.cc:1:
/usr/include/c++/6/bits/stl_construct.h:148:5: note:   ‘std::_Destroy’
     _Destroy(_ForwardIterator __first, _ForwardIterator __last,
     ^~~~~~~~
In file included from /usr/include/c++/6/deque:66:0,
                 from /usr/local/include/boost/detail/container_fwd.hpp:91,
                 from /usr/local/include/boost/functional/hash/extensions.hpp:22,
                 from /usr/local/include/boost/functional/hash/hash.hpp:560,
                 from /usr/local/include/boost/functional/hash.hpp:6,
                 from src/solver.cc:3:
/usr/include/c++/6/bits/deque.tcc: In member function ‘hci::std::deque<_Tp, _Alloc>& hci::std::deque<_Tp, _Alloc>::operator=(const hci::std::deque<_Tp, _Alloc>&)’:
/usr/include/c++/6/bits/deque.tcc:106:5: error: ‘__alloc_on_copy’ is not a member of ‘hci::std’
     std::__alloc_on_copy(_M_get_Tp_allocator(),
     ^~~
/usr/include/c++/6/bits/deque.tcc:106:5: note: suggested alternative:
In file included from /usr/include/c++/6/ext/alloc_traits.h:36:0,
                 from /usr/include/c++/6/bits/basic_string.h:40,
                 from /usr/include/c++/6/string:52,
                 from /usr/local/include/boost/mpi/exception.hpp:18,
                 from /usr/local/include/boost/mpi/allocator.hpp:16,
                 from /usr/local/include/boost/mpi.hpp:22,
                 from src/solver.h:4,
                 from src/solver.cc:1:
/usr/include/c++/6/bits/alloc_traits.h:508:19: note:   ‘std::__alloc_on_copy’
     inline _Alloc __alloc_on_copy(const _Alloc& __a)
                   ^~~~~~~~~~~~~~~
In file included from /usr/include/c++/6/deque:66:0,
                 from /usr/local/include/boost/detail/container_fwd.hpp:91,
                 from /usr/local/include/boost/functional/hash/extensions.hpp:22,
                 from /usr/local/include/boost/functional/hash/hash.hpp:560,
                 from /usr/local/include/boost/functional/hash.hpp:6,
                 from src/solver.cc:3:
/usr/include/c++/6/bits/deque.tcc:110:8: error: ‘__alloc_on_copy’ is not a member of ‘hci::std’
        std::__alloc_on_copy(_M_get_Tp_allocator(),
        ^~~
/usr/include/c++/6/bits/deque.tcc:110:8: note: suggested alternative:
In file included from /usr/include/c++/6/ext/alloc_traits.h:36:0,
                 from /usr/include/c++/6/bits/basic_string.h:40,
                 from /usr/include/c++/6/string:52,
                 from /usr/local/include/boost/mpi/exception.hpp:18,
                 from /usr/local/include/boost/mpi/allocator.hpp:16,
                 from /usr/local/include/boost/mpi.hpp:22,
                 from src/solver.h:4,
                 from src/solver.cc:1:
/usr/include/c++/6/bits/alloc_traits.h:508:19: note:   ‘std::__alloc_on_copy’
     inline _Alloc __alloc_on_copy(const _Alloc& __a)
                   ^~~~~~~~~~~~~~~
In file included from /usr/include/c++/6/deque:66:0,
                 from /usr/local/include/boost/detail/container_fwd.hpp:91,
                 from /usr/local/include/boost/functional/hash/extensions.hpp:22,
                 from /usr/local/include/boost/functional/hash/hash.hpp:560,
                 from /usr/local/include/boost/functional/hash.hpp:6,
                 from src/solver.cc:3:
/usr/include/c++/6/bits/deque.tcc: In member function ‘void hci::std::deque<_Tp, _Alloc>::emplace_front(_Args&& ...)’:
/usr/include/c++/6/bits/deque.tcc:139:17: error: ‘forward’ is not a member of ‘hci::std’
                 std::forward<_Args>(__args)...);
                 ^~~
/usr/include/c++/6/bits/deque.tcc:139:17: note: suggested alternatives:
In file included from /usr/include/c++/6/bits/nested_exception.h:40:0,
                 from /usr/include/c++/6/exception:171,
                 from /usr/local/include/boost/mpi/exception.hpp:17,
                 from /usr/local/include/boost/mpi/allocator.hpp:16,
                 from /usr/local/include/boost/mpi.hpp:22,
                 from src/solver.h:4,
                 from src/solver.cc:1:
/usr/include/c++/6/bits/move.h:87:5: note:   ‘std::forward’
     forward(typename std::remove_reference<_Tp>::type&& __t) noexcept
     ^~~~~~~
In file included from /usr/local/include/boost/move/utility.hpp:29:0,
                 from /usr/local/include/boost/optional/optional.hpp:46,
                 from /usr/local/include/boost/optional.hpp:15,
                 from /usr/local/include/boost/mpi/communicator.hpp:20,
                 from /usr/local/include/boost/mpi/collectives.hpp:21,
                 from /usr/local/include/boost/mpi.hpp:23,
                 from src/solver.h:4,
                 from src/solver.cc:1:
/usr/local/include/boost/move/utility_core.hpp:252:37: note:   ‘boost::forward’
          BOOST_MOVE_FORCEINLINE T&& forward(typename ::boost::move_detail::remove_reference<T>::type&& t) BOOST_NOEXCEPT
                                     ^~~~~~~
In file included from /usr/include/c++/6/deque:66:0,
                 from /usr/local/include/boost/detail/container_fwd.hpp:91,
                 from /usr/local/include/boost/functional/hash/extensions.hpp:22,
                 from /usr/local/include/boost/functional/hash/hash.hpp:560,
                 from /usr/local/include/boost/functional/hash.hpp:6,
                 from src/solver.cc:3:
/usr/include/c++/6/bits/deque.tcc:139:35: error: expected primary-expression before ‘>’ token
                 std::forward<_Args>(__args)...);
                                   ^
/usr/include/c++/6/bits/deque.tcc:143:22: error: ‘forward’ is not a member of ‘hci::std’
    _M_push_front_aux(std::forward<_Args>(__args)...);
                      ^~~
/usr/include/c++/6/bits/deque.tcc:143:22: note: suggested alternatives:
In file included from /usr/include/c++/6/bits/nested_exception.h:40:0,
                 from /usr/include/c++/6/exception:171,
                 from /usr/local/include/boost/mpi/exception.hpp:17,
                 from /usr/local/include/boost/mpi/allocator.hpp:16,
                 from /usr/local/include/boost/mpi.hpp:22,
                 from src/solver.h:4,
                 from src/solver.cc:1:
/usr/include/c++/6/bits/move.h:87:5: note:   ‘std::forward’
     forward(typename std::remove_reference<_Tp>::type&& __t) noexcept
     ^~~~~~~
In file included from /usr/local/include/boost/move/utility.hpp:29:0,
                 from /usr/local/include/boost/optional/optional.hpp:46,
                 from /usr/local/include/boost/optional.hpp:15,
                 from /usr/local/include/boost/mpi/communicator.hpp:20,
                 from /usr/local/include/boost/mpi/collectives.hpp:21,
                 from /usr/local/include/boost/mpi.hpp:23,
                 from src/solver.h:4,
                 from src/solver.cc:1:
/usr/local/include/boost/move/utility_core.hpp:252:37: note:   ‘boost::forward’
          BOOST_MOVE_FORCEINLINE T&& forward(typename ::boost::move_detail::remove_reference<T>::type&& t) BOOST_NOEXCEPT
                                     ^~~~~~~
In file included from /usr/include/c++/6/deque:66:0,
                 from /usr/local/include/boost/detail/container_fwd.hpp:91,
                 from /usr/local/include/boost/functional/hash/extensions.hpp:22,
                 from /usr/local/include/boost/functional/hash/hash.hpp:560,
                 from /usr/local/include/boost/functional/hash.hpp:6,
                 from src/solver.cc:3:
/usr/include/c++/6/bits/deque.tcc:143:40: error: expected primary-expression before ‘>’ token
    _M_push_front_aux(std::forward<_Args>(__args)...);
                                        ^
/usr/include/c++/6/bits/deque.tcc: In member function ‘void hci::std::deque<_Tp, _Alloc>::emplace_back(_Args&& ...)’:
/usr/include/c++/6/bits/deque.tcc:157:17: error: ‘forward’ is not a member of ‘hci::std’
                 std::forward<_Args>(__args)...);
                 ^~~
/usr/include/c++/6/bits/deque.tcc:157:17: note: suggested alternatives:
In file included from /usr/include/c++/6/bits/nested_exception.h:40:0,
                 from /usr/include/c++/6/exception:171,
                 from /usr/local/include/boost/mpi/exception.hpp:17,
                 from /usr/local/include/boost/mpi/allocator.hpp:16,
                 from /usr/local/include/boost/mpi.hpp:22,
                 from src/solver.h:4,
                 from src/solver.cc:1:
/usr/include/c++/6/bits/move.h:87:5: note:   ‘std::forward’
     forward(typename std::remove_reference<_Tp>::type&& __t) noexcept
     ^~~~~~~
In file included from /usr/local/include/boost/move/utility.hpp:29:0,
                 from /usr/local/include/boost/optional/optional.hpp:46,
                 from /usr/local/include/boost/optional.hpp:15,
                 from /usr/local/include/boost/mpi/communicator.hpp:20,
                 from /usr/local/include/boost/mpi/collectives.hpp:21,
                 from /usr/local/include/boost/mpi.hpp:23,
                 from src/solver.h:4,
                 from src/solver.cc:1:
/usr/local/include/boost/move/utility_core.hpp:252:37: note:   ‘boost::forward’
          BOOST_MOVE_FORCEINLINE T&& forward(typename ::boost::move_detail::remove_reference<T>::type&& t) BOOST_NOEXCEPT
                                     ^~~~~~~
In file included from /usr/include/c++/6/deque:66:0,
                 from /usr/local/include/boost/detail/container_fwd.hpp:91,
                 from /usr/local/include/boost/functional/hash/extensions.hpp:22,
                 from /usr/local/include/boost/functional/hash/hash.hpp:560,
                 from /usr/local/include/boost/functional/hash.hpp:6,
                 from src/solver.cc:3:
/usr/include/c++/6/bits/deque.tcc:157:35: error: expected primary-expression before ‘>’ token
                 std::forward<_Args>(__args)...);
                                   ^
/usr/include/c++/6/bits/deque.tcc:161:21: error: ‘forward’ is not a member of ‘hci::std’
    _M_push_back_aux(std::forward<_Args>(__args)...);
                     ^~~
/usr/include/c++/6/bits/deque.tcc:161:21: note: suggested alternatives:
In file included from /usr/include/c++/6/bits/nested_exception.h:40:0,
                 from /usr/include/c++/6/exception:171,
                 from /usr/local/include/boost/mpi/exception.hpp:17,
                 from /usr/local/include/boost/mpi/allocator.hpp:16,
                 from /usr/local/include/boost/mpi.hpp:22,
                 from src/solver.h:4,
                 from src/solver.cc:1:
/usr/include/c++/6/bits/move.h:87:5: note:   ‘std::forward’
     forward(typename std::remove_reference<_Tp>::type&& __t) noexcept
     ^~~~~~~
In file included from /usr/local/include/boost/move/utility.hpp:29:0,
                 from /usr/local/include/boost/optional/optional.hpp:46,
                 from /usr/local/include/boost/optional.hpp:15,
                 from /usr/local/include/boost/mpi/communicator.hpp:20,
                 from /usr/local/include/boost/mpi/collectives.hpp:21,
                 from /usr/local/include/boost/mpi.hpp:23,
                 from src/solver.h:4,
                 from src/solver.cc:1:
/usr/local/include/boost/move/utility_core.hpp:252:37: note:   ‘boost::forward’
          BOOST_MOVE_FORCEINLINE T&& forward(typename ::boost::move_detail::remove_reference<T>::type&& t) BOOST_NOEXCEPT
                                     ^~~~~~~
In file included from /usr/include/c++/6/deque:66:0,
                 from /usr/local/include/boost/detail/container_fwd.hpp:91,
                 from /usr/local/include/boost/functional/hash/extensions.hpp:22,
                 from /usr/local/include/boost/functional/hash/hash.hpp:560,
                 from /usr/local/include/boost/functional/hash.hpp:6,
                 from src/solver.cc:3:
/usr/include/c++/6/bits/deque.tcc:161:39: error: expected primary-expression before ‘>’ token
    _M_push_back_aux(std::forward<_Args>(__args)...);
                                       ^
/usr/include/c++/6/bits/deque.tcc: In member function ‘hci::std::deque<_Tp, _Alloc>::iterator hci::std::deque<_Tp, _Alloc>::emplace(hci::std::deque<_Tp, _Alloc>::const_iterator, _Args&& ...)’:
/usr/include/c++/6/bits/deque.tcc:174:20: error: ‘forward’ is not a member of ‘hci::std’
      emplace_front(std::forward<_Args>(__args)...);
                    ^~~
/usr/include/c++/6/bits/deque.tcc:174:20: note: suggested alternatives:
In file included from /usr/include/c++/6/bits/nested_exception.h:40:0,
                 from /usr/include/c++/6/exception:171,
                 from /usr/local/include/boost/mpi/exception.hpp:17,
                 from /usr/local/include/boost/mpi/allocator.hpp:16,
                 from /usr/local/include/boost/mpi.hpp:22,
                 from src/solver.h:4,
                 from src/solver.cc:1:
/usr/include/c++/6/bits/move.h:87:5: note:   ‘std::forward’
     forward(typename std::remove_reference<_Tp>::type&& __t) noexcept
     ^~~~~~~
In file included from /usr/local/include/boost/move/utility.hpp:29:0,
                 from /usr/local/include/boost/optional/optional.hpp:46,
                 from /usr/local/include/boost/optional.hpp:15,
                 from /usr/local/include/boost/mpi/communicator.hpp:20,
                 from /usr/local/include/boost/mpi/collectives.hpp:21,
                 from /usr/local/include/boost/mpi.hpp:23,
                 from src/solver.h:4,
                 from src/solver.cc:1:
/usr/local/include/boost/move/utility_core.hpp:252:37: note:   ‘boost::forward’
          BOOST_MOVE_FORCEINLINE T&& forward(typename ::boost::move_detail::remove_reference<T>::type&& t) BOOST_NOEXCEPT
                                     ^~~~~~~
In file included from /usr/include/c++/6/deque:66:0,
                 from /usr/local/include/boost/detail/container_fwd.hpp:91,
                 from /usr/local/include/boost/functional/hash/extensions.hpp:22,
                 from /usr/local/include/boost/functional/hash/hash.hpp:560,
                 from /usr/local/include/boost/functional/hash.hpp:6,
                 from src/solver.cc:3:
/usr/include/c++/6/bits/deque.tcc:174:38: error: expected primary-expression before ‘>’ token
      emplace_front(std::forward<_Args>(__args)...);
                                      ^
/usr/include/c++/6/bits/deque.tcc:179:19: error: ‘forward’ is not a member of ‘hci::std’
      emplace_back(std::forward<_Args>(__args)...);
                   ^~~
/usr/include/c++/6/bits/deque.tcc:179:19: note: suggested alternatives:
In file included from /usr/include/c++/6/bits/nested_exception.h:40:0,
                 from /usr/include/c++/6/exception:171,
                 from /usr/local/include/boost/mpi/exception.hpp:17,
                 from /usr/local/include/boost/mpi/allocator.hpp:16,
                 from /usr/local/include/boost/mpi.hpp:22,
                 from src/solver.h:4,
                 from src/solver.cc:1:
/usr/include/c++/6/bits/move.h:87:5: note:   ‘std::forward’
     forward(typename std::remove_reference<_Tp>::type&& __t) noexcept
     ^~~~~~~
In file included from /usr/local/include/boost/move/utility.hpp:29:0,
                 from /usr/local/include/boost/optional/optional.hpp:46,
                 from /usr/local/include/boost/optional.hpp:15,
                 from /usr/local/include/boost/mpi/communicator.hpp:20,
                 from /usr/local/include/boost/mpi/collectives.hpp:21,
                 from /usr/local/include/boost/mpi.hpp:23,
                 from src/solver.h:4,
                 from src/solver.cc:1:
/usr/local/include/boost/move/utility_core.hpp:252:37: note:   ‘boost::forward’
          BOOST_MOVE_FORCEINLINE T&& forward(typename ::boost::move_detail::remove_reference<T>::type&& t) BOOST_NOEXCEPT
                                     ^~~~~~~
In file included from /usr/include/c++/6/deque:66:0,
                 from /usr/local/include/boost/detail/container_fwd.hpp:91,
                 from /usr/local/include/boost/functional/hash/extensions.hpp:22,
                 from /usr/local/include/boost/functional/hash/hash.hpp:560,
                 from /usr/local/include/boost/functional/hash.hpp:6,
                 from src/solver.cc:3:
/usr/include/c++/6/bits/deque.tcc:179:37: error: expected primary-expression before ‘>’ token
      emplace_back(std::forward<_Args>(__args)...);
                                     ^
/usr/include/c++/6/bits/deque.tcc:186:11: error: ‘forward’ is not a member of ‘hci::std’
           std::forward<_Args>(__args)...);
           ^~~
/usr/include/c++/6/bits/deque.tcc:186:11: note: suggested alternatives:
In file included from /usr/include/c++/6/bits/nested_exception.h:40:0,
                 from /usr/include/c++/6/exception:171,
                 from /usr/local/include/boost/mpi/exception.hpp:17,
                 from /usr/local/include/boost/mpi/allocator.hpp:16,
                 from /usr/local/include/boost/mpi.hpp:22,
                 from src/solver.h:4,
                 from src/solver.cc:1:
/usr/include/c++/6/bits/move.h:87:5: note:   ‘std::forward’
     forward(typename std::remove_reference<_Tp>::type&& __t) noexcept
     ^~~~~~~
In file included from /usr/local/include/boost/move/utility.hpp:29:0,
                 from /usr/local/include/boost/optional/optional.hpp:46,
                 from /usr/local/include/boost/optional.hpp:15,
                 from /usr/local/include/boost/mpi/communicator.hpp:20,
                 from /usr/local/include/boost/mpi/collectives.hpp:21,
                 from /usr/local/include/boost/mpi.hpp:23,
                 from src/solver.h:4,
                 from src/solver.cc:1:
/usr/local/include/boost/move/utility_core.hpp:252:37: note:   ‘boost::forward’
          BOOST_MOVE_FORCEINLINE T&& forward(typename ::boost::move_detail::remove_reference<T>::type&& t) BOOST_NOEXCEPT
                                     ^~~~~~~
In file included from /usr/include/c++/6/deque:66:0,
                 from /usr/local/include/boost/detail/container_fwd.hpp:91,
                 from /usr/local/include/boost/functional/hash/extensions.hpp:22,
                 from /usr/local/include/boost/functional/hash/hash.hpp:560,
                 from /usr/local/include/boost/functional/hash.hpp:6,
                 from src/solver.cc:3:
/usr/include/c++/6/bits/deque.tcc:186:29: error: expected primary-expression before ‘>’ token
           std::forward<_Args>(__args)...);
                             ^
/usr/include/c++/6/bits/deque.tcc: At global scope:
/usr/include/c++/6/bits/deque.tcc:275:12: error: ‘hci::std::input_iterator_tag’ has not been declared
       std::input_iterator_tag)
            ^~~~~~~~~~~~~~~~~~
/usr/include/c++/6/bits/deque.tcc: In member function ‘void hci::std::deque<_Tp, _Alloc>::_M_fill_insert(hci::std::deque<_Tp, _Alloc>::iterator, hci::std::deque<_Tp, _Alloc>::size_type, const value_type&)’:
/usr/include/c++/6/bits/deque.tcc:296:8: error: ‘__uninitialized_fill_a’ is not a member of ‘hci::std’
        std::__uninitialized_fill_a(__new_start, this->_M_impl._M_start,
        ^~~
/usr/include/c++/6/bits/deque.tcc:296:8: note: suggested alternative:
In file included from /usr/include/c++/6/memory:65:0,
                 from /usr/local/include/boost/mpi/allocator.hpp:18,
                 from /usr/local/include/boost/mpi.hpp:22,
                 from src/solver.h:4,
                 from src/solver.cc:1:
/usr/include/c++/6/bits/stl_uninitialized.h:328:5: note:   ‘std::__uninitialized_fill_a’
     __uninitialized_fill_a(_ForwardIterator __first, _ForwardIterator __last,
     ^~~~~~~~~~~~~~~~~~~~~~
In file included from /usr/include/c++/6/deque:66:0,
                 from /usr/local/include/boost/detail/container_fwd.hpp:91,
                 from /usr/local/include/boost/functional/hash/extensions.hpp:22,
                 from /usr/local/include/boost/functional/hash/hash.hpp:560,
                 from /usr/local/include/boost/functional/hash.hpp:6,
                 from src/solver.cc:3:
/usr/include/c++/6/bits/deque.tcc:312:8: error: ‘__uninitialized_fill_a’ is not a member of ‘hci::std’
        std::__uninitialized_fill_a(this->_M_impl._M_finish,
        ^~~
/usr/include/c++/6/bits/deque.tcc:312:8: note: suggested alternative:
In file included from /usr/include/c++/6/memory:65:0,
                 from /usr/local/include/boost/mpi/allocator.hpp:18,
                 from /usr/local/include/boost/mpi.hpp:22,
                 from src/solver.h:4,
                 from src/solver.cc:1:
/usr/include/c++/6/bits/stl_uninitialized.h:328:5: note:   ‘std::__uninitialized_fill_a’
     __uninitialized_fill_a(_ForwardIterator __first, _ForwardIterator __last,
     ^~~~~~~~~~~~~~~~~~~~~~
In file included from /usr/include/c++/6/deque:66:0,
                 from /usr/local/include/boost/detail/container_fwd.hpp:91,
                 from /usr/local/include/boost/functional/hash/extensions.hpp:22,
                 from /usr/local/include/boost/functional/hash/hash.hpp:560,
                 from /usr/local/include/boost/functional/hash.hpp:6,
                 from src/solver.cc:3:
/usr/include/c++/6/bits/deque.tcc: In member function ‘void hci::std::deque<_Tp, _Alloc>::_M_default_append(hci::std::deque<_Tp, _Alloc>::size_type)’:
/usr/include/c++/6/bits/deque.tcc:339:8: error: ‘__uninitialized_default_a’ is not a member of ‘hci::std’
        std::__uninitialized_default_a(this->_M_impl._M_finish,
        ^~~
/usr/include/c++/6/bits/deque.tcc:339:8: note: suggested alternative:
In file included from /usr/include/c++/6/memory:65:0,
                 from /usr/local/include/boost/mpi/allocator.hpp:18,
                 from /usr/local/include/boost/mpi.hpp:22,
                 from src/solver.h:4,
                 from src/solver.cc:1:
/usr/include/c++/6/bits/stl_uninitialized.h:604:5: note:   ‘std::__uninitialized_default_a’
     __uninitialized_default_a(_ForwardIterator __first,
     ^~~~~~~~~~~~~~~~~~~~~~~~~
In file included from /usr/include/c++/6/deque:66:0,
                 from /usr/local/include/boost/detail/container_fwd.hpp:91,
                 from /usr/local/include/boost/functional/hash/extensions.hpp:22,
                 from /usr/local/include/boost/functional/hash/hash.hpp:560,
                 from /usr/local/include/boost/functional/hash.hpp:6,
                 from src/solver.cc:3:
/usr/include/c++/6/bits/deque.tcc: In member function ‘bool hci::std::deque<_Tp, _Alloc>::_M_shrink_to_fit()’:
/usr/include/c++/6/bits/deque.tcc:368:14: error: ‘__shrink_to_fit_aux’ is not a member of ‘hci::std’
       return std::__shrink_to_fit_aux<deque>::_S_do_it(*this);
              ^~~
/usr/include/c++/6/bits/deque.tcc:368:14: note: suggested alternative:
In file included from /usr/include/c++/6/string:41:0,
                 from /usr/local/include/boost/mpi/exception.hpp:18,
                 from /usr/local/include/boost/mpi/allocator.hpp:16,
                 from /usr/local/include/boost/mpi.hpp:22,
                 from src/solver.h:4,
                 from src/solver.cc:1:
/usr/include/c++/6/bits/allocator.h:205:12: note:   ‘std::__shrink_to_fit_aux’
     struct __shrink_to_fit_aux
            ^~~~~~~~~~~~~~~~~~~
In file included from /usr/include/c++/6/deque:66:0,
                 from /usr/local/include/boost/detail/container_fwd.hpp:91,
                 from /usr/local/include/boost/functional/hash/extensions.hpp:22,
                 from /usr/local/include/boost/functional/hash/hash.hpp:560,
                 from /usr/local/include/boost/functional/hash.hpp:6,
                 from src/solver.cc:3:
/usr/include/c++/6/bits/deque.tcc:368:44: error: expected primary-expression before ‘>’ token
       return std::__shrink_to_fit_aux<deque>::_S_do_it(*this);
                                            ^
/usr/include/c++/6/bits/deque.tcc:368:45: error: ‘::_S_do_it’ has not been declared
       return std::__shrink_to_fit_aux<deque>::_S_do_it(*this);
                                             ^~
/usr/include/c++/6/bits/deque.tcc: In member function ‘void hci::std::deque<_Tp, _Alloc>::_M_fill_initialize(const value_type&)’:
/usr/include/c++/6/bits/deque.tcc:383:13: error: ‘__uninitialized_fill_a’ is not a member of ‘hci::std’
             std::__uninitialized_fill_a(*__cur, *__cur + _S_buffer_size(),
             ^~~
/usr/include/c++/6/bits/deque.tcc:383:13: note: suggested alternative:
In file included from /usr/include/c++/6/memory:65:0,
                 from /usr/local/include/boost/mpi/allocator.hpp:18,
                 from /usr/local/include/boost/mpi.hpp:22,
                 from src/solver.h:4,
                 from src/solver.cc:1:
/usr/include/c++/6/bits/stl_uninitialized.h:328:5: note:   ‘std::__uninitialized_fill_a’
     __uninitialized_fill_a(_ForwardIterator __first, _ForwardIterator __last,
     ^~~~~~~~~~~~~~~~~~~~~~
In file included from /usr/include/c++/6/deque:66:0,
                 from /usr/local/include/boost/detail/container_fwd.hpp:91,
                 from /usr/local/include/boost/functional/hash/extensions.hpp:22,
                 from /usr/local/include/boost/functional/hash/hash.hpp:560,
                 from /usr/local/include/boost/functional/hash.hpp:6,
                 from src/solver.cc:3:
/usr/include/c++/6/bits/deque.tcc:385:11: error: ‘__uninitialized_fill_a’ is not a member of ‘hci::std’
           std::__uninitialized_fill_a(this->_M_impl._M_finish._M_first,
           ^~~
/usr/include/c++/6/bits/deque.tcc:385:11: note: suggested alternative:
In file included from /usr/include/c++/6/memory:65:0,
                 from /usr/local/include/boost/mpi/allocator.hpp:18,
                 from /usr/local/include/boost/mpi.hpp:22,
                 from src/solver.h:4,
                 from src/solver.cc:1:
/usr/include/c++/6/bits/stl_uninitialized.h:328:5: note:   ‘std::__uninitialized_fill_a’
     __uninitialized_fill_a(_ForwardIterator __first, _ForwardIterator __last,
     ^~~~~~~~~~~~~~~~~~~~~~
In file included from /usr/include/c++/6/deque:66:0,
                 from /usr/local/include/boost/detail/container_fwd.hpp:91,
                 from /usr/local/include/boost/functional/hash/extensions.hpp:22,
                 from /usr/local/include/boost/functional/hash/hash.hpp:560,
                 from /usr/local/include/boost/functional/hash.hpp:6,
                 from src/solver.cc:3:
/usr/include/c++/6/bits/deque.tcc:391:11: error: ‘_Destroy’ is not a member of ‘hci::std’
           std::_Destroy(this->_M_impl._M_start, iterator(*__cur, __cur),
           ^~~
/usr/include/c++/6/bits/deque.tcc:391:11: note: suggested alternative:
In file included from /usr/include/c++/6/memory:64:0,
                 from /usr/local/include/boost/mpi/allocator.hpp:18,
                 from /usr/local/include/boost/mpi.hpp:22,
                 from src/solver.h:4,
                 from src/solver.cc:1:
/usr/include/c++/6/bits/stl_construct.h:148:5: note:   ‘std::_Destroy’
     _Destroy(_ForwardIterator __first, _ForwardIterator __last,
     ^~~~~~~~
In file included from /usr/include/c++/6/deque:66:0,
                 from /usr/local/include/boost/detail/container_fwd.hpp:91,
                 from /usr/local/include/boost/functional/hash/extensions.hpp:22,
                 from /usr/local/include/boost/functional/hash/hash.hpp:560,
                 from /usr/local/include/boost/functional/hash.hpp:6,
                 from src/solver.cc:3:
/usr/include/c++/6/bits/deque.tcc: At global scope:
/usr/include/c++/6/bits/deque.tcc:402:32: error: ‘hci::std::input_iterator_tag’ has not been declared
                           std::input_iterator_tag)
                                ^~~~~~~~~~~~~~~~~~
/usr/include/c++/6/bits/deque.tcc:426:32: error: ‘hci::std::forward_iterator_tag’ has not been declared
                           std::forward_iterator_tag)
                                ^~~~~~~~~~~~~~~~~~~~
/usr/include/c++/6/bits/deque.tcc:424:7: error: redefinition of ‘void hci::std::deque<_Tp, _Alloc>::_M_range_initialize(_ForwardIterator, _ForwardIterator, int)’
       deque<_Tp, _Alloc>::
       ^~~~~~~~~~~~~~~~~~
/usr/include/c++/6/bits/deque.tcc:400:7: note: ‘void hci::std::deque<_Tp, _Alloc>::_M_range_initialize(_InputIterator, _InputIterator, int)’ previously declared here
       deque<_Tp, _Alloc>::
       ^~~~~~~~~~~~~~~~~~
/usr/include/c++/6/bits/deque.tcc: In member function ‘void hci::std::deque<_Tp, _Alloc>::_M_push_back_aux(_Args&& ...)’:
/usr/include/c++/6/bits/deque.tcc:477:17: error: ‘forward’ is not a member of ‘hci::std’
                 std::forward<_Args>(__args)...);
                 ^~~
/usr/include/c++/6/bits/deque.tcc:477:17: note: suggested alternatives:
In file included from /usr/include/c++/6/bits/nested_exception.h:40:0,
                 from /usr/include/c++/6/exception:171,
                 from /usr/local/include/boost/mpi/exception.hpp:17,
                 from /usr/local/include/boost/mpi/allocator.hpp:16,
                 from /usr/local/include/boost/mpi.hpp:22,
                 from src/solver.h:4,
                 from src/solver.cc:1:
/usr/include/c++/6/bits/move.h:87:5: note:   ‘std::forward’
     forward(typename std::remove_reference<_Tp>::type&& __t) noexcept
     ^~~~~~~
In file included from /usr/local/include/boost/move/utility.hpp:29:0,
                 from /usr/local/include/boost/optional/optional.hpp:46,
                 from /usr/local/include/boost/optional.hpp:15,
                 from /usr/local/include/boost/mpi/communicator.hpp:20,
                 from /usr/local/include/boost/mpi/collectives.hpp:21,
                 from /usr/local/include/boost/mpi.hpp:23,
                 from src/solver.h:4,
                 from src/solver.cc:1:
/usr/local/include/boost/move/utility_core.hpp:252:37: note:   ‘boost::forward’
          BOOST_MOVE_FORCEINLINE T&& forward(typename ::boost::move_detail::remove_reference<T>::type&& t) BOOST_NOEXCEPT
                                     ^~~~~~~
In file included from /usr/include/c++/6/deque:66:0,
                 from /usr/local/include/boost/detail/container_fwd.hpp:91,
                 from /usr/local/include/boost/functional/hash/extensions.hpp:22,
                 from /usr/local/include/boost/functional/hash/hash.hpp:560,
                 from /usr/local/include/boost/functional/hash.hpp:6,
                 from src/solver.cc:3:
/usr/include/c++/6/bits/deque.tcc:477:35: error: expected primary-expression before ‘>’ token
                 std::forward<_Args>(__args)...);
                                   ^
/usr/include/c++/6/bits/deque.tcc: In member function ‘void hci::std::deque<_Tp, _Alloc>::_M_push_front_aux(_Args&& ...)’:
/usr/include/c++/6/bits/deque.tcc:515:17: error: ‘forward’ is not a member of ‘hci::std’
                 std::forward<_Args>(__args)...);
                 ^~~
/usr/include/c++/6/bits/deque.tcc:515:17: note: suggested alternatives:
In file included from /usr/include/c++/6/bits/nested_exception.h:40:0,
                 from /usr/include/c++/6/exception:171,
                 from /usr/local/include/boost/mpi/exception.hpp:17,
                 from /usr/local/include/boost/mpi/allocator.hpp:16,
                 from /usr/local/include/boost/mpi.hpp:22,
                 from src/solver.h:4,
                 from src/solver.cc:1:
/usr/include/c++/6/bits/move.h:87:5: note:   ‘std::forward’
     forward(typename std::remove_reference<_Tp>::type&& __t) noexcept
     ^~~~~~~
In file included from /usr/local/include/boost/move/utility.hpp:29:0,
                 from /usr/local/include/boost/optional/optional.hpp:46,
                 from /usr/local/include/boost/optional.hpp:15,
                 from /usr/local/include/boost/mpi/communicator.hpp:20,
                 from /usr/local/include/boost/mpi/collectives.hpp:21,
                 from /usr/local/include/boost/mpi.hpp:23,
                 from src/solver.h:4,
                 from src/solver.cc:1:
/usr/local/include/boost/move/utility_core.hpp:252:37: note:   ‘boost::forward’
          BOOST_MOVE_FORCEINLINE T&& forward(typename ::boost::move_detail::remove_reference<T>::type&& t) BOOST_NOEXCEPT
                                     ^~~~~~~
In file included from /usr/include/c++/6/deque:66:0,
                 from /usr/local/include/boost/detail/container_fwd.hpp:91,
                 from /usr/local/include/boost/functional/hash/extensions.hpp:22,
                 from /usr/local/include/boost/functional/hash/hash.hpp:560,
                 from /usr/local/include/boost/functional/hash.hpp:6,
                 from src/solver.cc:3:
/usr/include/c++/6/bits/deque.tcc:515:35: error: expected primary-expression before ‘>’ token
                 std::forward<_Args>(__args)...);
                                   ^
/usr/include/c++/6/bits/deque.tcc: At global scope:
/usr/include/c++/6/bits/deque.tcc:562:32: error: ‘hci::std::input_iterator_tag’ has not been declared
                           std::input_iterator_tag)
                                ^~~~~~~~~~~~~~~~~~
/usr/include/c++/6/bits/deque.tcc: In member function ‘void hci::std::deque<_Tp, _Alloc>::_M_range_insert_aux(hci::std::deque<_Tp, _Alloc>::iterator, _InputIterator, _InputIterator, int)’:
/usr/include/c++/6/bits/deque.tcc:563:36: error: ‘inserter’ is not a member of ‘hci::std’
       { std::copy(__first, __last, std::inserter(*this, __pos)); }
                                    ^~~
/usr/include/c++/6/bits/deque.tcc:563:36: note: suggested alternative:
In file included from /usr/include/c++/6/bits/stl_algobase.h:67:0,
                 from /usr/include/c++/6/bits/char_traits.h:39,
                 from /usr/include/c++/6/string:40,
                 from /usr/local/include/boost/mpi/exception.hpp:18,
                 from /usr/local/include/boost/mpi/allocator.hpp:16,
                 from /usr/local/include/boost/mpi.hpp:22,
                 from src/solver.h:4,
                 from src/solver.cc:1:
/usr/include/c++/6/bits/stl_iterator.h:732:5: note:   ‘std::inserter’
     inserter(_Container& __x, _Iterator __i)
     ^~~~~~~~
In file included from /usr/include/c++/6/deque:66:0,
                 from /usr/local/include/boost/detail/container_fwd.hpp:91,
                 from /usr/local/include/boost/functional/hash/extensions.hpp:22,
                 from /usr/local/include/boost/functional/hash/hash.hpp:560,
                 from /usr/local/include/boost/functional/hash.hpp:6,
                 from src/solver.cc:3:
/usr/include/c++/6/bits/deque.tcc: At global scope:
/usr/include/c++/6/bits/deque.tcc:571:32: error: ‘hci::std::forward_iterator_tag’ has not been declared
                           std::forward_iterator_tag)
                                ^~~~~~~~~~~~~~~~~~~~
/usr/include/c++/6/bits/deque.tcc:568:7: error: redefinition of ‘void hci::std::deque<_Tp, _Alloc>::_M_range_insert_aux(hci::std::deque<_Tp, _Alloc>::iterator, _ForwardIterator, _ForwardIterator, int)’
       deque<_Tp, _Alloc>::
       ^~~~~~~~~~~~~~~~~~
/usr/include/c++/6/bits/deque.tcc:559:7: note: ‘void hci::std::deque<_Tp, _Alloc>::_M_range_insert_aux(hci::std::deque<_Tp, _Alloc>::iterator, _InputIterator, _InputIterator, int)’ previously declared here
       deque<_Tp, _Alloc>::
       ^~~~~~~~~~~~~~~~~~
/usr/include/c++/6/bits/deque.tcc: In member function ‘hci::std::deque<_Tp, _Alloc>::iterator hci::std::deque<_Tp, _Alloc>::_M_insert_aux(hci::std::deque<_Tp, _Alloc>::iterator, _Args&& ...)’:
/usr/include/c++/6/bits/deque.tcc:618:22: error: ‘forward’ is not a member of ‘hci::std’
  value_type __x_copy(std::forward<_Args>(__args)...); // XXX copy
                      ^~~
/usr/include/c++/6/bits/deque.tcc:618:22: note: suggested alternatives:
In file included from /usr/include/c++/6/bits/nested_exception.h:40:0,
                 from /usr/include/c++/6/exception:171,
                 from /usr/local/include/boost/mpi/exception.hpp:17,
                 from /usr/local/include/boost/mpi/allocator.hpp:16,
                 from /usr/local/include/boost/mpi.hpp:22,
                 from src/solver.h:4,
                 from src/solver.cc:1:
/usr/include/c++/6/bits/move.h:87:5: note:   ‘std::forward’
     forward(typename std::remove_reference<_Tp>::type&& __t) noexcept
     ^~~~~~~
In file included from /usr/local/include/boost/move/utility.hpp:29:0,
                 from /usr/local/include/boost/optional/optional.hpp:46,
                 from /usr/local/include/boost/optional.hpp:15,
                 from /usr/local/include/boost/mpi/communicator.hpp:20,
                 from /usr/local/include/boost/mpi/collectives.hpp:21,
                 from /usr/local/include/boost/mpi.hpp:23,
                 from src/solver.h:4,
                 from src/solver.cc:1:
/usr/local/include/boost/move/utility_core.hpp:252:37: note:   ‘boost::forward’
          BOOST_MOVE_FORCEINLINE T&& forward(typename ::boost::move_detail::remove_reference<T>::type&& t) BOOST_NOEXCEPT
                                     ^~~~~~~
In file included from /usr/include/c++/6/deque:66:0,
                 from /usr/local/include/boost/detail/container_fwd.hpp:91,
                 from /usr/local/include/boost/functional/hash/extensions.hpp:22,
                 from /usr/local/include/boost/functional/hash/hash.hpp:560,
                 from /usr/local/include/boost/functional/hash.hpp:6,
                 from src/solver.cc:3:
/usr/include/c++/6/bits/deque.tcc:618:40: error: expected primary-expression before ‘>’ token
  value_type __x_copy(std::forward<_Args>(__args)...); // XXX copy
                                        ^
/usr/include/c++/6/bits/deque.tcc: In member function ‘void hci::std::deque<_Tp, _Alloc>::_M_insert_aux(hci::std::deque<_Tp, _Alloc>::iterator, hci::std::deque<_Tp, _Alloc>::size_type, const value_type&)’:
/usr/include/c++/6/bits/deque.tcc:672:5: error: ‘__uninitialized_move_a’ is not a member of ‘hci::std’
     std::__uninitialized_move_a(this->_M_impl._M_start,
     ^~~
/usr/include/c++/6/bits/deque.tcc:672:5: note: suggested alternative:
In file included from /usr/include/c++/6/memory:65:0,
                 from /usr/local/include/boost/mpi/allocator.hpp:18,
                 from /usr/local/include/boost/mpi.hpp:22,
                 from src/solver.h:4,
                 from src/solver.cc:1:
/usr/include/c++/6/bits/stl_uninitialized.h:286:5: note:   ‘std::__uninitialized_move_a’
     __uninitialized_move_a(_InputIterator __first, _InputIterator __last,
     ^~~~~~~~~~~~~~~~~~~~~~
In file included from /usr/include/c++/6/deque:66:0,
                 from /usr/local/include/boost/detail/container_fwd.hpp:91,
                 from /usr/local/include/boost/functional/hash/extensions.hpp:22,
                 from /usr/local/include/boost/functional/hash/hash.hpp:560,
                 from /usr/local/include/boost/functional/hash.hpp:6,
                 from src/solver.cc:3:
/usr/include/c++/6/bits/deque.tcc:681:5: error: ‘__uninitialized_move_fill’ is not a member of ‘hci::std’
     std::__uninitialized_move_fill(this->_M_impl._M_start,
     ^~~
/usr/include/c++/6/bits/deque.tcc:681:5: note: suggested alternative:
In file included from /usr/include/c++/6/memory:65:0,
                 from /usr/local/include/boost/mpi/allocator.hpp:18,
                 from /usr/local/include/boost/mpi.hpp:22,
                 from src/solver.h:4,
                 from src/solver.cc:1:
/usr/include/c++/6/bits/stl_uninitialized.h:450:5: note:   ‘std::__uninitialized_move_fill’
     __uninitialized_move_fill(_InputIterator __first1, _InputIterator __last1,
     ^~~~~~~~~~~~~~~~~~~~~~~~~
In file included from /usr/include/c++/6/deque:66:0,
                 from /usr/local/include/boost/detail/container_fwd.hpp:91,
                 from /usr/local/include/boost/functional/hash/extensions.hpp:22,
                 from /usr/local/include/boost/functional/hash/hash.hpp:560,
                 from /usr/local/include/boost/functional/hash.hpp:6,
                 from src/solver.cc:3:
/usr/include/c++/6/bits/deque.tcc:710:5: error: ‘__uninitialized_move_a’ is not a member of ‘hci::std’
     std::__uninitialized_move_a(__finish_n,
     ^~~
/usr/include/c++/6/bits/deque.tcc:710:5: note: suggested alternative:
In file included from /usr/include/c++/6/memory:65:0,
                 from /usr/local/include/boost/mpi/allocator.hpp:18,
                 from /usr/local/include/boost/mpi.hpp:22,
                 from src/solver.h:4,
                 from src/solver.cc:1:
/usr/include/c++/6/bits/stl_uninitialized.h:286:5: note:   ‘std::__uninitialized_move_a’
     __uninitialized_move_a(_InputIterator __first, _InputIterator __last,
     ^~~~~~~~~~~~~~~~~~~~~~
In file included from /usr/include/c++/6/deque:66:0,
                 from /usr/local/include/boost/detail/container_fwd.hpp:91,
                 from /usr/local/include/boost/functional/hash/extensions.hpp:22,
                 from /usr/local/include/boost/functional/hash/hash.hpp:560,
                 from /usr/local/include/boost/functional/hash.hpp:6,
                 from src/solver.cc:3:
/usr/include/c++/6/bits/deque.tcc:720:5: error: ‘__uninitialized_fill_move’ is not a member of ‘hci::std’
     std::__uninitialized_fill_move(this->_M_impl._M_finish,
     ^~~
/usr/include/c++/6/bits/deque.tcc:720:5: note: suggested alternative:
In file included from /usr/include/c++/6/memory:65:0,
                 from /usr/local/include/boost/mpi/allocator.hpp:18,
                 from /usr/local/include/boost/mpi.hpp:22,
                 from src/solver.h:4,
                 from src/solver.cc:1:
/usr/include/c++/6/bits/stl_uninitialized.h:428:5: note:   ‘std::__uninitialized_fill_move’
     __uninitialized_fill_move(_ForwardIterator __result, _ForwardIterator __mid,
     ^~~~~~~~~~~~~~~~~~~~~~~~~
In file included from /usr/include/c++/6/deque:66:0,
                 from /usr/local/include/boost/detail/container_fwd.hpp:91,
                 from /usr/local/include/boost/functional/hash/extensions.hpp:22,
                 from /usr/local/include/boost/functional/hash/hash.hpp:560,
                 from /usr/local/include/boost/functional/hash.hpp:6,
                 from src/solver.cc:3:
/usr/include/c++/6/bits/deque.tcc: In member function ‘void hci::std::deque<_Tp, _Alloc>::_M_insert_aux(hci::std::deque<_Tp, _Alloc>::iterator, _ForwardIterator, _ForwardIterator, hci::std::deque<_Tp, _Alloc>::size_type)’:
/usr/include/c++/6/bits/deque.tcc:759:7: error: ‘__uninitialized_move_a’ is not a member of ‘hci::std’
       std::__uninitialized_move_a(this->_M_impl._M_start,
       ^~~
/usr/include/c++/6/bits/deque.tcc:759:7: note: suggested alternative:
In file included from /usr/include/c++/6/memory:65:0,
                 from /usr/local/include/boost/mpi/allocator.hpp:18,
                 from /usr/local/include/boost/mpi.hpp:22,
                 from src/solver.h:4,
                 from src/solver.cc:1:
/usr/include/c++/6/bits/stl_uninitialized.h:286:5: note:   ‘std::__uninitialized_move_a’
     __uninitialized_move_a(_InputIterator __first, _InputIterator __last,
     ^~~~~~~~~~~~~~~~~~~~~~
In file included from /usr/include/c++/6/deque:66:0,
                 from /usr/local/include/boost/detail/container_fwd.hpp:91,
                 from /usr/local/include/boost/functional/hash/extensions.hpp:22,
                 from /usr/local/include/boost/functional/hash/hash.hpp:560,
                 from /usr/local/include/boost/functional/hash.hpp:6,
                 from src/solver.cc:3:
/usr/include/c++/6/bits/deque.tcc:769:7: error: ‘advance’ is not a member of ‘hci::std’
       std::advance(__mid, difference_type(__n) - __elemsbefore);
       ^~~
/usr/include/c++/6/bits/deque.tcc:769:7: note: suggested alternative:
In file included from /usr/include/c++/6/bits/stl_algobase.h:66:0,
                 from /usr/include/c++/6/bits/char_traits.h:39,
                 from /usr/include/c++/6/string:40,
                 from /usr/local/include/boost/mpi/exception.hpp:18,
                 from /usr/local/include/boost/mpi/allocator.hpp:16,
                 from /usr/local/include/boost/mpi.hpp:22,
                 from src/solver.h:4,
                 from src/solver.cc:1:
/usr/include/c++/6/bits/stl_iterator_base_funcs.h:194:5: note:   ‘std::advance’
     advance(_InputIterator& __i, _Distance __n)
     ^~~~~~~
In file included from /usr/include/c++/6/deque:66:0,
                 from /usr/local/include/boost/detail/container_fwd.hpp:91,
                 from /usr/local/include/boost/functional/hash/extensions.hpp:22,
                 from /usr/local/include/boost/functional/hash/hash.hpp:560,
                 from /usr/local/include/boost/functional/hash.hpp:6,
                 from src/solver.cc:3:
/usr/include/c++/6/bits/deque.tcc:770:7: error: ‘__uninitialized_move_copy’ is not a member of ‘hci::std’
       std::__uninitialized_move_copy(this->_M_impl._M_start,
       ^~~
/usr/include/c++/6/bits/deque.tcc:770:7: note: suggested alternative:
In file included from /usr/include/c++/6/memory:65:0,
                 from /usr/local/include/boost/mpi/allocator.hpp:18,
                 from /usr/local/include/boost/mpi.hpp:22,
                 from src/solver.h:4,
                 from src/solver.cc:1:
/usr/include/c++/6/bits/stl_uninitialized.h:401:5: note:   ‘std::__uninitialized_move_copy’
     __uninitialized_move_copy(_InputIterator1 __first1,
     ^~~~~~~~~~~~~~~~~~~~~~~~~
In file included from /usr/include/c++/6/deque:66:0,
                 from /usr/local/include/boost/detail/container_fwd.hpp:91,
                 from /usr/local/include/boost/functional/hash/extensions.hpp:22,
                 from /usr/local/include/boost/functional/hash/hash.hpp:560,
                 from /usr/local/include/boost/functional/hash.hpp:6,
                 from src/solver.cc:3:
/usr/include/c++/6/bits/deque.tcc:798:5: error: ‘__uninitialized_move_a’ is not a member of ‘hci::std’
     std::__uninitialized_move_a(__finish_n,
     ^~~
/usr/include/c++/6/bits/deque.tcc:798:5: note: suggested alternative:
In file included from /usr/include/c++/6/memory:65:0,
                 from /usr/local/include/boost/mpi/allocator.hpp:18,
                 from /usr/local/include/boost/mpi.hpp:22,
                 from src/solver.h:4,
                 from src/solver.cc:1:
/usr/include/c++/6/bits/stl_uninitialized.h:286:5: note:   ‘std::__uninitialized_move_a’
     __uninitialized_move_a(_InputIterator __first, _InputIterator __last,
     ^~~~~~~~~~~~~~~~~~~~~~
In file included from /usr/include/c++/6/deque:66:0,
                 from /usr/local/include/boost/detail/container_fwd.hpp:91,
                 from /usr/local/include/boost/functional/hash/extensions.hpp:22,
                 from /usr/local/include/boost/functional/hash/hash.hpp:560,
                 from /usr/local/include/boost/functional/hash.hpp:6,
                 from src/solver.cc:3:
/usr/include/c++/6/bits/deque.tcc:809:5: error: ‘advance’ is not a member of ‘hci::std’
     std::advance(__mid, __elemsafter);
     ^~~
/usr/include/c++/6/bits/deque.tcc:809:5: note: suggested alternative:
In file included from /usr/include/c++/6/bits/stl_algobase.h:66:0,
                 from /usr/include/c++/6/bits/char_traits.h:39,
                 from /usr/include/c++/6/string:40,
                 from /usr/local/include/boost/mpi/exception.hpp:18,
                 from /usr/local/include/boost/mpi/allocator.hpp:16,
                 from /usr/local/include/boost/mpi.hpp:22,
                 from src/solver.h:4,
                 from src/solver.cc:1:
/usr/include/c++/6/bits/stl_iterator_base_funcs.h:194:5: note:   ‘std::advance’
     advance(_InputIterator& __i, _Distance __n)
     ^~~~~~~
In file included from /usr/include/c++/6/deque:66:0,
                 from /usr/local/include/boost/detail/container_fwd.hpp:91,
                 from /usr/local/include/boost/functional/hash/extensions.hpp:22,
                 from /usr/local/include/boost/functional/hash/hash.hpp:560,
                 from /usr/local/include/boost/functional/hash.hpp:6,
                 from src/solver.cc:3:
/usr/include/c++/6/bits/deque.tcc:810:5: error: ‘__uninitialized_copy_move’ is not a member of ‘hci::std’
     std::__uninitialized_copy_move(__mid, __last, __pos,
     ^~~
/usr/include/c++/6/bits/deque.tcc:810:5: note: suggested alternative:
In file included from /usr/include/c++/6/memory:65:0,
                 from /usr/local/include/boost/mpi/allocator.hpp:18,
                 from /usr/local/include/boost/mpi.hpp:22,
                 from src/solver.h:4,
                 from src/solver.cc:1:
/usr/include/c++/6/bits/stl_uninitialized.h:373:5: note:   ‘std::__uninitialized_copy_move’
     __uninitialized_copy_move(_InputIterator1 __first1,
     ^~~~~~~~~~~~~~~~~~~~~~~~~
In file included from /usr/include/c++/6/deque:66:0,
                 from /usr/local/include/boost/detail/container_fwd.hpp:91,
                 from /usr/local/include/boost/functional/hash/extensions.hpp:22,
                 from /usr/local/include/boost/functional/hash/hash.hpp:560,
                 from /usr/local/include/boost/functional/hash.hpp:6,
                 from src/solver.cc:3:
/usr/include/c++/6/bits/deque.tcc: In member function ‘void hci::std::deque<_Tp, _Alloc>::_M_destroy_data_aux(hci::std::deque<_Tp, _Alloc>::iterator, hci::std::deque<_Tp, _Alloc>::iterator)’:
/usr/include/c++/6/bits/deque.tcc:834:3: error: ‘_Destroy’ is not a member of ‘hci::std’
   std::_Destroy(*__node, *__node + _S_buffer_size(),
   ^~~
/usr/include/c++/6/bits/deque.tcc:834:3: note: suggested alternative:
In file included from /usr/include/c++/6/memory:64:0,
                 from /usr/local/include/boost/mpi/allocator.hpp:18,
                 from /usr/local/include/boost/mpi.hpp:22,
                 from src/solver.h:4,
                 from src/solver.cc:1:
/usr/include/c++/6/bits/stl_construct.h:148:5: note:   ‘std::_Destroy’
     _Destroy(_ForwardIterator __first, _ForwardIterator __last,
     ^~~~~~~~
In file included from /usr/include/c++/6/deque:66:0,
                 from /usr/local/include/boost/detail/container_fwd.hpp:91,
                 from /usr/local/include/boost/functional/hash/extensions.hpp:22,
                 from /usr/local/include/boost/functional/hash/hash.hpp:560,
                 from /usr/local/include/boost/functional/hash.hpp:6,
                 from src/solver.cc:3:
/usr/include/c++/6/bits/deque.tcc:839:5: error: ‘_Destroy’ is not a member of ‘hci::std’
     std::_Destroy(__first._M_cur, __first._M_last,
     ^~~
/usr/include/c++/6/bits/deque.tcc:839:5: note: suggested alternative:
In file included from /usr/include/c++/6/memory:64:0,
                 from /usr/local/include/boost/mpi/allocator.hpp:18,
                 from /usr/local/include/boost/mpi.hpp:22,
                 from src/solver.h:4,
                 from src/solver.cc:1:
/usr/include/c++/6/bits/stl_construct.h:148:5: note:   ‘std::_Destroy’
     _Destroy(_ForwardIterator __first, _ForwardIterator __last,
     ^~~~~~~~
In file included from /usr/include/c++/6/deque:66:0,
                 from /usr/local/include/boost/detail/container_fwd.hpp:91,
                 from /usr/local/include/boost/functional/hash/extensions.hpp:22,
                 from /usr/local/include/boost/functional/hash/hash.hpp:560,
                 from /usr/local/include/boost/functional/hash.hpp:6,
                 from src/solver.cc:3:
/usr/include/c++/6/bits/deque.tcc:841:5: error: ‘_Destroy’ is not a member of ‘hci::std’
     std::_Destroy(__last._M_first, __last._M_cur,
     ^~~
/usr/include/c++/6/bits/deque.tcc:841:5: note: suggested alternative:
In file included from /usr/include/c++/6/memory:64:0,
                 from /usr/local/include/boost/mpi/allocator.hpp:18,
                 from /usr/local/include/boost/mpi.hpp:22,
                 from src/solver.h:4,
                 from src/solver.cc:1:
/usr/include/c++/6/bits/stl_construct.h:148:5: note:   ‘std::_Destroy’
     _Destroy(_ForwardIterator __first, _ForwardIterator __last,
     ^~~~~~~~
In file included from /usr/include/c++/6/deque:66:0,
                 from /usr/local/include/boost/detail/container_fwd.hpp:91,
                 from /usr/local/include/boost/functional/hash/extensions.hpp:22,
                 from /usr/local/include/boost/functional/hash/hash.hpp:560,
                 from /usr/local/include/boost/functional/hash.hpp:6,
                 from src/solver.cc:3:
/usr/include/c++/6/bits/deque.tcc:845:3: error: ‘_Destroy’ is not a member of ‘hci::std’
   std::_Destroy(__first._M_cur, __last._M_cur,
   ^~~
/usr/include/c++/6/bits/deque.tcc:845:3: note: suggested alternative:
In file included from /usr/include/c++/6/memory:64:0,
                 from /usr/local/include/boost/mpi/allocator.hpp:18,
                 from /usr/local/include/boost/mpi.hpp:22,
                 from src/solver.h:4,
                 from src/solver.cc:1:
/usr/include/c++/6/bits/stl_construct.h:148:5: note:   ‘std::_Destroy’
     _Destroy(_ForwardIterator __first, _ForwardIterator __last,
     ^~~~~~~~
In file included from /usr/include/c++/6/deque:66:0,
                 from /usr/local/include/boost/detail/container_fwd.hpp:91,
                 from /usr/local/include/boost/functional/hash/extensions.hpp:22,
                 from /usr/local/include/boost/functional/hash/hash.hpp:560,
                 from /usr/local/include/boost/functional/hash.hpp:6,
                 from src/solver.cc:3:
/usr/include/c++/6/bits/deque.tcc: In member function ‘void hci::std::deque<_Tp, _Alloc>::_M_new_elements_at_front(hci::std::deque<_Tp, _Alloc>::size_type)’:
/usr/include/c++/6/bits/deque.tcc:855:61: error: there are no arguments to ‘__throw_length_error’ that depend on a template parameter, so a declaration of ‘__throw_length_error’ must be available [-fpermissive]
  __throw_length_error(__N("deque::_M_new_elements_at_front"));
                                                             ^
/usr/include/c++/6/bits/deque.tcc: In member function ‘void hci::std::deque<_Tp, _Alloc>::_M_new_elements_at_back(hci::std::deque<_Tp, _Alloc>::size_type)’:
/usr/include/c++/6/bits/deque.tcc:880:60: error: there are no arguments to ‘__throw_length_error’ that depend on a template parameter, so a declaration of ‘__throw_length_error’ must be available [-fpermissive]
  __throw_length_error(__N("deque::_M_new_elements_at_back"));
                                                            ^
/usr/include/c++/6/bits/deque.tcc: In member function ‘void hci::std::deque<_Tp, _Alloc>::_M_reallocate_map(hci::std::deque<_Tp, _Alloc>::size_type, bool)’:
/usr/include/c++/6/bits/deque.tcc:926:33: error: ‘max’ is not a member of ‘hci::std’
                               + std::max(this->_M_impl._M_map_size,
                                 ^~~
/usr/include/c++/6/bits/deque.tcc:926:33: note: suggested alternative:
In file included from /usr/include/c++/6/algorithm:62:0,
                 from /usr/local/include/boost/core/swap.hpp:25,
                 from /usr/local/include/boost/optional/optional.hpp:27,
                 from /usr/local/include/boost/optional.hpp:15,
                 from /usr/local/include/boost/mpi/communicator.hpp:20,
                 from /usr/local/include/boost/mpi/collectives.hpp:21,
                 from /usr/local/include/boost/mpi.hpp:23,
                 from src/solver.h:4,
                 from src/solver.cc:1:
/usr/include/c++/6/bits/stl_algo.h:3465:5: note:   ‘std::max’
     max(initializer_list<_Tp> __l, _Compare __comp)
     ^~~
In file included from /usr/include/c++/6/deque:66:0,
                 from /usr/local/include/boost/detail/container_fwd.hpp:91,
                 from /usr/local/include/boost/functional/hash/extensions.hpp:22,
                 from /usr/local/include/boost/functional/hash/hash.hpp:560,
                 from /usr/local/include/boost/functional/hash.hpp:6,
                 from src/solver.cc:3:
/usr/include/c++/6/bits/deque.tcc: In function ‘hci::std::_Deque_iterator<_Tp, _Tp&, _Tp*> hci::std::copy(hci::std::_Deque_iterator<_Tp, const _Tp&, const _Tp*>, hci::std::_Deque_iterator<_Tp, const _Tp&, const _Tp*>, hci::std::_Deque_iterator<_Tp, _Tp&, _Tp*>)’:
/usr/include/c++/6/bits/deque.tcc:980:8: error: ‘min’ is not a member of ‘hci::std’
      = std::min(__len, std::min(__first._M_last - __first._M_cur,
        ^~~
/usr/include/c++/6/bits/deque.tcc:980:8: note: suggested alternative:
In file included from /usr/include/c++/6/algorithm:62:0,
                 from /usr/local/include/boost/core/swap.hpp:25,
                 from /usr/local/include/boost/optional/optional.hpp:27,
                 from /usr/local/include/boost/optional.hpp:15,
                 from /usr/local/include/boost/mpi/communicator.hpp:20,
                 from /usr/local/include/boost/mpi/collectives.hpp:21,
                 from /usr/local/include/boost/mpi.hpp:23,
                 from src/solver.h:4,
                 from src/solver.cc:1:
/usr/include/c++/6/bits/stl_algo.h:3453:5: note:   ‘std::min’
     min(initializer_list<_Tp> __l, _Compare __comp)
     ^~~
In file included from /usr/include/c++/6/deque:66:0,
                 from /usr/local/include/boost/detail/container_fwd.hpp:91,
                 from /usr/local/include/boost/functional/hash/extensions.hpp:22,
                 from /usr/local/include/boost/functional/hash/hash.hpp:560,
                 from /usr/local/include/boost/functional/hash.hpp:6,
                 from src/solver.cc:3:
/usr/include/c++/6/bits/deque.tcc:980:24: error: ‘min’ is not a member of ‘hci::std’
      = std::min(__len, std::min(__first._M_last - __first._M_cur,
                        ^~~
/usr/include/c++/6/bits/deque.tcc:980:24: note: suggested alternative:
In file included from /usr/include/c++/6/algorithm:62:0,
                 from /usr/local/include/boost/core/swap.hpp:25,
                 from /usr/local/include/boost/optional/optional.hpp:27,
                 from /usr/local/include/boost/optional.hpp:15,
                 from /usr/local/include/boost/mpi/communicator.hpp:20,
                 from /usr/local/include/boost/mpi/collectives.hpp:21,
                 from /usr/local/include/boost/mpi.hpp:23,
                 from src/solver.h:4,
                 from src/solver.cc:1:
/usr/include/c++/6/bits/stl_algo.h:3453:5: note:   ‘std::min’
     min(initializer_list<_Tp> __l, _Compare __comp)
     ^~~
In file included from /usr/include/c++/6/deque:66:0,
                 from /usr/local/include/boost/detail/container_fwd.hpp:91,
                 from /usr/local/include/boost/functional/hash/extensions.hpp:22,
                 from /usr/local/include/boost/functional/hash/hash.hpp:560,
                 from /usr/local/include/boost/functional/hash.hpp:6,
                 from src/solver.cc:3:
/usr/include/c++/6/bits/deque.tcc: In function ‘hci::std::_Deque_iterator<_Tp, _Tp&, _Tp*> hci::std::copy_backward(hci::std::_Deque_iterator<_Tp, const _Tp&, const _Tp*>, hci::std::_Deque_iterator<_Tp, const _Tp&, const _Tp*>, hci::std::_Deque_iterator<_Tp, _Tp&, _Tp*>)’:
/usr/include/c++/6/bits/deque.tcc:1019:35: error: ‘min’ is not a member of ‘hci::std’
    const difference_type __clen = std::min(__len,
                                   ^~~
/usr/include/c++/6/bits/deque.tcc:1019:35: note: suggested alternative:
In file included from /usr/include/c++/6/algorithm:62:0,
                 from /usr/local/include/boost/core/swap.hpp:25,
                 from /usr/local/include/boost/optional/optional.hpp:27,
                 from /usr/local/include/boost/optional.hpp:15,
                 from /usr/local/include/boost/mpi/communicator.hpp:20,
                 from /usr/local/include/boost/mpi/collectives.hpp:21,
                 from /usr/local/include/boost/mpi.hpp:23,
                 from src/solver.h:4,
                 from src/solver.cc:1:
/usr/include/c++/6/bits/stl_algo.h:3453:5: note:   ‘std::min’
     min(initializer_list<_Tp> __l, _Compare __comp)
     ^~~
In file included from /usr/include/c++/6/deque:66:0,
                 from /usr/local/include/boost/detail/container_fwd.hpp:91,
                 from /usr/local/include/boost/functional/hash/extensions.hpp:22,
                 from /usr/local/include/boost/functional/hash/hash.hpp:560,
                 from /usr/local/include/boost/functional/hash.hpp:6,
                 from src/solver.cc:3:
/usr/include/c++/6/bits/deque.tcc:1020:9: error: ‘min’ is not a member of ‘hci::std’
         std::min(__llen, __rlen));
         ^~~
/usr/include/c++/6/bits/deque.tcc:1020:9: note: suggested alternative:
In file included from /usr/include/c++/6/algorithm:62:0,
                 from /usr/local/include/boost/core/swap.hpp:25,
                 from /usr/local/include/boost/optional/optional.hpp:27,
                 from /usr/local/include/boost/optional.hpp:15,
                 from /usr/local/include/boost/mpi/communicator.hpp:20,
                 from /usr/local/include/boost/mpi/collectives.hpp:21,
                 from /usr/local/include/boost/mpi.hpp:23,
                 from src/solver.h:4,
                 from src/solver.cc:1:
/usr/include/c++/6/bits/stl_algo.h:3453:5: note:   ‘std::min’
     min(initializer_list<_Tp> __l, _Compare __comp)
     ^~~
In file included from /usr/include/c++/6/deque:66:0,
                 from /usr/local/include/boost/detail/container_fwd.hpp:91,
                 from /usr/local/include/boost/functional/hash/extensions.hpp:22,
                 from /usr/local/include/boost/functional/hash/hash.hpp:560,
                 from /usr/local/include/boost/functional/hash.hpp:6,
                 from src/solver.cc:3:
/usr/include/c++/6/bits/deque.tcc: In function ‘hci::std::_Deque_iterator<_Tp, _Tp&, _Tp*> hci::std::move(hci::std::_Deque_iterator<_Tp, const _Tp&, const _Tp*>, hci::std::_Deque_iterator<_Tp, const _Tp&, const _Tp*>, hci::std::_Deque_iterator<_Tp, _Tp&, _Tp*>)’:
/usr/include/c++/6/bits/deque.tcc:1043:8: error: ‘min’ is not a member of ‘hci::std’
      = std::min(__len, std::min(__first._M_last - __first._M_cur,
        ^~~
/usr/include/c++/6/bits/deque.tcc:1043:8: note: suggested alternative:
In file included from /usr/include/c++/6/algorithm:62:0,
                 from /usr/local/include/boost/core/swap.hpp:25,
                 from /usr/local/include/boost/optional/optional.hpp:27,
                 from /usr/local/include/boost/optional.hpp:15,
                 from /usr/local/include/boost/mpi/communicator.hpp:20,
                 from /usr/local/include/boost/mpi/collectives.hpp:21,
                 from /usr/local/include/boost/mpi.hpp:23,
                 from src/solver.h:4,
                 from src/solver.cc:1:
/usr/include/c++/6/bits/stl_algo.h:3453:5: note:   ‘std::min’
     min(initializer_list<_Tp> __l, _Compare __comp)
     ^~~
In file included from /usr/include/c++/6/deque:66:0,
                 from /usr/local/include/boost/detail/container_fwd.hpp:91,
                 from /usr/local/include/boost/functional/hash/extensions.hpp:22,
                 from /usr/local/include/boost/functional/hash/hash.hpp:560,
                 from /usr/local/include/boost/functional/hash.hpp:6,
                 from src/solver.cc:3:
/usr/include/c++/6/bits/deque.tcc:1043:24: error: ‘min’ is not a member of ‘hci::std’
      = std::min(__len, std::min(__first._M_last - __first._M_cur,
                        ^~~
/usr/include/c++/6/bits/deque.tcc:1043:24: note: suggested alternative:
In file included from /usr/include/c++/6/algorithm:62:0,
                 from /usr/local/include/boost/core/swap.hpp:25,
                 from /usr/local/include/boost/optional/optional.hpp:27,
                 from /usr/local/include/boost/optional.hpp:15,
                 from /usr/local/include/boost/mpi/communicator.hpp:20,
                 from /usr/local/include/boost/mpi/collectives.hpp:21,
                 from /usr/local/include/boost/mpi.hpp:23,
                 from src/solver.h:4,
                 from src/solver.cc:1:
/usr/include/c++/6/bits/stl_algo.h:3453:5: note:   ‘std::min’
     min(initializer_list<_Tp> __l, _Compare __comp)
     ^~~
In file included from /usr/include/c++/6/deque:66:0,
                 from /usr/local/include/boost/detail/container_fwd.hpp:91,
                 from /usr/local/include/boost/functional/hash/extensions.hpp:22,
                 from /usr/local/include/boost/functional/hash/hash.hpp:560,
                 from /usr/local/include/boost/functional/hash.hpp:6,
                 from src/solver.cc:3:
/usr/include/c++/6/bits/deque.tcc: In function ‘hci::std::_Deque_iterator<_Tp, _Tp&, _Tp*> hci::std::move_backward(hci::std::_Deque_iterator<_Tp, const _Tp&, const _Tp*>, hci::std::_Deque_iterator<_Tp, const _Tp&, const _Tp*>, hci::std::_Deque_iterator<_Tp, _Tp&, _Tp*>)’:
/usr/include/c++/6/bits/deque.tcc:1082:35: error: ‘min’ is not a member of ‘hci::std’
    const difference_type __clen = std::min(__len,
                                   ^~~
/usr/include/c++/6/bits/deque.tcc:1082:35: note: suggested alternative:
In file included from /usr/include/c++/6/algorithm:62:0,
                 from /usr/local/include/boost/core/swap.hpp:25,
                 from /usr/local/include/boost/optional/optional.hpp:27,
                 from /usr/local/include/boost/optional.hpp:15,
                 from /usr/local/include/boost/mpi/communicator.hpp:20,
                 from /usr/local/include/boost/mpi/collectives.hpp:21,
                 from /usr/local/include/boost/mpi.hpp:23,
                 from src/solver.h:4,
                 from src/solver.cc:1:
/usr/include/c++/6/bits/stl_algo.h:3453:5: note:   ‘std::min’
     min(initializer_list<_Tp> __l, _Compare __comp)
     ^~~
In file included from /usr/include/c++/6/deque:66:0,
                 from /usr/local/include/boost/detail/container_fwd.hpp:91,
                 from /usr/local/include/boost/functional/hash/extensions.hpp:22,
                 from /usr/local/include/boost/functional/hash/hash.hpp:560,
                 from /usr/local/include/boost/functional/hash.hpp:6,
                 from src/solver.cc:3:
/usr/include/c++/6/bits/deque.tcc:1083:9: error: ‘min’ is not a member of ‘hci::std’
         std::min(__llen, __rlen));
         ^~~
/usr/include/c++/6/bits/deque.tcc:1083:9: note: suggested alternative:
In file included from /usr/include/c++/6/algorithm:62:0,
                 from /usr/local/include/boost/core/swap.hpp:25,
                 from /usr/local/include/boost/optional/optional.hpp:27,
                 from /usr/local/include/boost/optional.hpp:15,
                 from /usr/local/include/boost/mpi/communicator.hpp:20,
                 from /usr/local/include/boost/mpi/collectives.hpp:21,
                 from /usr/local/include/boost/mpi.hpp:23,
                 from src/solver.h:4,
                 from src/solver.cc:1:
/usr/include/c++/6/bits/stl_algo.h:3453:5: note:   ‘std::min’
     min(initializer_list<_Tp> __l, _Compare __comp)
     ^~~
In file included from /usr/include/c++/6/map:60:0,
                 from /usr/local/include/boost/detail/container_fwd.hpp:94,
                 from /usr/local/include/boost/functional/hash/extensions.hpp:22,
                 from /usr/local/include/boost/functional/hash/hash.hpp:560,
                 from /usr/local/include/boost/functional/hash.hpp:6,
                 from src/solver.cc:3:
/usr/include/c++/6/bits/stl_tree.h: At global scope:
/usr/include/c++/6/bits/stl_tree.h:184:15: error: ‘bidirectional_iterator_tag’ does not name a type
       typedef bidirectional_iterator_tag iterator_category;
               ^~~~~~~~~~~~~~~~~~~~~~~~~~
/usr/include/c++/6/bits/stl_tree.h:256:15: error: ‘bidirectional_iterator_tag’ does not name a type
       typedef bidirectional_iterator_tag iterator_category;
               ^~~~~~~~~~~~~~~~~~~~~~~~~~
/usr/include/c++/6/bits/stl_tree.h:360:49: error: ‘allocator’ does not name a type
            typename _Compare, typename _Alloc = allocator<_Val> >
                                                 ^~~~~~~~~
/usr/include/c++/6/bits/stl_tree.h:360:58: error: expected ‘>’ before ‘<’ token
            typename _Compare, typename _Alloc = allocator<_Val> >
                                                          ^
/usr/include/c++/6/bits/stl_tree.h:735:20: error: ‘reverse_iterator’ in namespace ‘hci::std’ does not name a template type
       typedef std::reverse_iterator<iterator>       reverse_iterator;
                    ^~~~~~~~~~~~~~~~
/usr/include/c++/6/bits/stl_tree.h:736:20: error: ‘reverse_iterator’ in namespace ‘hci::std’ does not name a template type
       typedef std::reverse_iterator<const_iterator> const_reverse_iterator;
                    ^~~~~~~~~~~~~~~~
/usr/include/c++/6/bits/stl_tree.h:738:7: error: ‘pair’ does not name a type
       pair<_Base_ptr, _Base_ptr>
       ^~~~
/usr/include/c++/6/bits/stl_tree.h:741:7: error: ‘pair’ does not name a type
       pair<_Base_ptr, _Base_ptr>
       ^~~~
/usr/include/c++/6/bits/stl_tree.h:744:7: error: ‘pair’ does not name a type
       pair<_Base_ptr, _Base_ptr>
       ^~~~
/usr/include/c++/6/bits/stl_tree.h:748:7: error: ‘pair’ does not name a type
       pair<_Base_ptr, _Base_ptr>
       ^~~~
/usr/include/c++/6/bits/stl_tree.h:899:7: error: ‘reverse_iterator’ does not name a type
       reverse_iterator
       ^~~~~~~~~~~~~~~~
/usr/include/c++/6/bits/stl_tree.h:903:7: error: ‘const_reverse_iterator’ does not name a type
       const_reverse_iterator
       ^~~~~~~~~~~~~~~~~~~~~~
/usr/include/c++/6/bits/stl_tree.h:907:7: error: ‘reverse_iterator’ does not name a type
       reverse_iterator
       ^~~~~~~~~~~~~~~~
/usr/include/c++/6/bits/stl_tree.h:911:7: error: ‘const_reverse_iterator’ does not name a type
       const_reverse_iterator
       ^~~~~~~~~~~~~~~~~~~~~~
In file included from /usr/include/c++/6/cstdint:38:0,
                 from /usr/include/mpich/mpi.h:42,
                 from /usr/local/include/boost/mpi/config.hpp:20,
                 from /usr/local/include/boost/mpi/allocator.hpp:15,
                 from /usr/local/include/boost/mpi.hpp:22,
                 from src/solver.h:4,
                 from src/solver.cc:1:
/usr/include/c++/6/bits/stl_tree.h:929:7: error: ‘__is_nothrow_swappable’ was not declared in this scope
       _GLIBCXX_NOEXCEPT_IF(__is_nothrow_swappable<_Compare>::value);
       ^
/usr/include/c++/6/bits/stl_tree.h:929:7: note: suggested alternative:
In file included from /usr/include/c++/6/bits/move.h:57:0,
                 from /usr/include/c++/6/bits/nested_exception.h:40,
                 from /usr/include/c++/6/exception:171,
                 from /usr/local/include/boost/mpi/exception.hpp:17,
                 from /usr/local/include/boost/mpi/allocator.hpp:16,
                 from /usr/local/include/boost/mpi.hpp:22,
                 from src/solver.h:4,
                 from src/solver.cc:1:
/usr/include/c++/6/type_traits:2598:12: note:   ‘std::__is_nothrow_swappable’
     struct __is_nothrow_swappable;
            ^~~~~~~~~~~~~~~~~~~~~~
In file included from /usr/include/c++/6/cstdint:38:0,
                 from /usr/include/mpich/mpi.h:42,
                 from /usr/local/include/boost/mpi/config.hpp:20,
                 from /usr/local/include/boost/mpi/allocator.hpp:15,
                 from /usr/local/include/boost/mpi.hpp:22,
                 from src/solver.h:4,
                 from src/solver.cc:1:
/usr/include/c++/6/bits/stl_tree.h:929:7: error: expected primary-expression before ‘>’ token
       _GLIBCXX_NOEXCEPT_IF(__is_nothrow_swappable<_Compare>::value);
       ^
/usr/include/c++/6/bits/stl_tree.h:929:7: error: ‘::value’ has not been declared
       _GLIBCXX_NOEXCEPT_IF(__is_nothrow_swappable<_Compare>::value);
       ^
In file included from /usr/include/c++/6/map:60:0,
                 from /usr/local/include/boost/detail/container_fwd.hpp:94,
                 from /usr/local/include/boost/functional/hash/extensions.hpp:22,
                 from /usr/local/include/boost/functional/hash/hash.hpp:560,
                 from /usr/local/include/boost/functional/hash.hpp:6,
                 from src/solver.cc:3:
/usr/include/c++/6/bits/stl_tree.h:934:9: error: ‘pair’ does not name a type
         pair<iterator, bool>
         ^~~~
/usr/include/c++/6/bits/stl_tree.h:966:2: error: ‘pair’ does not name a type
  pair<iterator, bool>
  ^~~~
/usr/include/c++/6/bits/stl_tree.h:1117:7: error: ‘pair’ does not name a type
       pair<iterator, iterator>
       ^~~~
/usr/include/c++/6/bits/stl_tree.h:1120:7: error: ‘pair’ does not name a type
       pair<const_iterator, const_iterator>
       ^~~~
/usr/include/c++/6/bits/stl_tree.h:1248:12: error: ‘is_nothrow_move_assignable’ was not declared in this scope
         && is_nothrow_move_assignable<_Compare>::value);
            ^~~~~~~~~~~~~~~~~~~~~~~~~~
/usr/include/c++/6/bits/stl_tree.h:1248:12: note: suggested alternatives:
In file included from /usr/include/c++/6/bits/move.h:57:0,
                 from /usr/include/c++/6/bits/nested_exception.h:40,
                 from /usr/include/c++/6/exception:171,
                 from /usr/local/include/boost/mpi/exception.hpp:17,
                 from /usr/local/include/boost/mpi/allocator.hpp:16,
                 from /usr/local/include/boost/mpi.hpp:22,
                 from src/solver.h:4,
                 from src/solver.cc:1:
/usr/include/c++/6/type_traits:1347:12: note:   ‘std::is_nothrow_move_assignable’
     struct is_nothrow_move_assignable
            ^~~~~~~~~~~~~~~~~~~~~~~~~~
In file included from /usr/local/include/boost/optional/optional.hpp:42:0,
                 from /usr/local/include/boost/optional.hpp:15,
                 from /usr/local/include/boost/mpi/communicator.hpp:20,
                 from /usr/local/include/boost/mpi/collectives.hpp:21,
                 from /usr/local/include/boost/mpi.hpp:23,
                 from src/solver.h:4,
                 from src/solver.cc:1:
/usr/local/include/boost/type_traits/is_nothrow_move_assignable.hpp:53:8: note:   ‘boost::is_nothrow_move_assignable’
 struct is_nothrow_move_assignable : public integral_constant<bool, ::boost::detail::false_or_cpp11_noexcept_move_assignable<T>::value>{};
        ^~~~~~~~~~~~~~~~~~~~~~~~~~
In file included from /usr/local/include/boost/move/traits.hpp:31:0,
                 from /usr/local/include/boost/move/utility.hpp:30,
                 from /usr/local/include/boost/optional/optional.hpp:46,
                 from /usr/local/include/boost/optional.hpp:15,
                 from /usr/local/include/boost/mpi/communicator.hpp:20,
                 from /usr/local/include/boost/mpi/collectives.hpp:21,
                 from /usr/local/include/boost/mpi.hpp:23,
                 from src/solver.h:4,
                 from src/solver.cc:1:
/usr/local/include/boost/move/detail/type_traits.hpp:883:8: note:   ‘boost::move_detail::is_nothrow_move_assignable’
 struct is_nothrow_move_assignable
        ^~~~~~~~~~~~~~~~~~~~~~~~~~
In file included from /usr/include/c++/6/map:60:0,
                 from /usr/local/include/boost/detail/container_fwd.hpp:94,
                 from /usr/local/include/boost/functional/hash/extensions.hpp:22,
                 from /usr/local/include/boost/functional/hash/hash.hpp:560,
                 from /usr/local/include/boost/functional/hash.hpp:6,
                 from src/solver.cc:3:
/usr/include/c++/6/bits/stl_tree.h:1248:47: error: expected primary-expression before ‘>’ token
         && is_nothrow_move_assignable<_Compare>::value);
                                               ^
/usr/include/c++/6/bits/stl_tree.h:1248:48: error: ‘::value’ has not been declared
         && is_nothrow_move_assignable<_Compare>::value);
                                                ^~
/usr/include/c++/6/bits/stl_tree.h:1261:36: error: ‘hci::std::true_type’ has not been declared
       _M_move_data(_Rb_tree&, std::true_type);
                                    ^~~~~~~~~
/usr/include/c++/6/bits/stl_tree.h:1266:36: error: ‘hci::std::false_type’ has not been declared
       _M_move_data(_Rb_tree&, std::false_type);
                                    ^~~~~~~~~~
/usr/include/c++/6/bits/stl_tree.h:1266:7: error: ‘void hci::std::_Rb_tree<_Key, _Val, _KeyOfValue, _Compare, _Alloc>::_M_move_data(hci::std::_Rb_tree<_Key, _Val, _KeyOfValue, _Compare, _Alloc>&, int)’ cannot be overloaded
       _M_move_data(_Rb_tree&, std::false_type);
       ^~~~~~~~~~~~
/usr/include/c++/6/bits/stl_tree.h:1261:7: error: with ‘void hci::std::_Rb_tree<_Key, _Val, _KeyOfValue, _Compare, _Alloc>::_M_move_data(hci::std::_Rb_tree<_Key, _Val, _KeyOfValue, _Compare, _Alloc>&, int)’
       _M_move_data(_Rb_tree&, std::true_type);
       ^~~~~~~~~~~~
/usr/include/c++/6/bits/stl_tree.h:1270:38: error: ‘hci::std::true_type’ has not been declared
       _M_move_assign(_Rb_tree&, std::true_type);
                                      ^~~~~~~~~
/usr/include/c++/6/bits/stl_tree.h:1275:38: error: ‘hci::std::false_type’ has not been declared
       _M_move_assign(_Rb_tree&, std::false_type);
                                      ^~~~~~~~~~
/usr/include/c++/6/bits/stl_tree.h:1275:7: error: ‘void hci::std::_Rb_tree<_Key, _Val, _KeyOfValue, _Compare, _Alloc>::_M_move_assign(hci::std::_Rb_tree<_Key, _Val, _KeyOfValue, _Compare, _Alloc>&, int)’ cannot be overloaded
       _M_move_assign(_Rb_tree&, std::false_type);
       ^~~~~~~~~~~~~~
/usr/include/c++/6/bits/stl_tree.h:1270:7: error: with ‘void hci::std::_Rb_tree<_Key, _Val, _KeyOfValue, _Compare, _Alloc>::_M_move_assign(hci::std::_Rb_tree<_Key, _Val, _KeyOfValue, _Compare, _Alloc>&, int)’
       _M_move_assign(_Rb_tree&, std::true_type);
       ^~~~~~~~~~~~~~
In file included from /usr/include/c++/6/bits/nested_exception.h:40:0,
                 from /usr/include/c++/6/exception:171,
                 from /usr/local/include/boost/mpi/exception.hpp:17,
                 from /usr/local/include/boost/mpi/allocator.hpp:16,
                 from /usr/local/include/boost/mpi.hpp:22,
                 from src/solver.h:4,
                 from src/solver.cc:1:
/usr/include/c++/6/bits/stl_tree.h: In member function ‘hci::std::_Rb_tree_node<_Val>* hci::std::_Rb_tree<_Key, _Val, _KeyOfValue, _Compare, _Alloc>::_Reuse_or_alloc_node::operator()(_Arg&&)’:
/usr/include/c++/6/bits/stl_tree.h:412:34: error: ‘forward’ is not a member of ‘hci::std’
   _M_t._M_construct_node(__node, _GLIBCXX_FORWARD(_Arg, __arg));
                                  ^
/usr/include/c++/6/bits/stl_tree.h:412:34: note: suggested alternatives:
/usr/include/c++/6/bits/move.h:87:5: note:   ‘std::forward’
     forward(typename std::remove_reference<_Tp>::type&& __t) noexcept
     ^~~~~~~
In file included from /usr/local/include/boost/move/utility.hpp:29:0,
                 from /usr/local/include/boost/optional/optional.hpp:46,
                 from /usr/local/include/boost/optional.hpp:15,
                 from /usr/local/include/boost/mpi/communicator.hpp:20,
                 from /usr/local/include/boost/mpi/collectives.hpp:21,
                 from /usr/local/include/boost/mpi.hpp:23,
                 from src/solver.h:4,
                 from src/solver.cc:1:
/usr/local/include/boost/move/utility_core.hpp:252:37: note:   ‘boost::forward’
          BOOST_MOVE_FORCEINLINE T&& forward(typename ::boost::move_detail::remove_reference<T>::type&& t) BOOST_NOEXCEPT
                                     ^~~~~~~
In file included from /usr/include/c++/6/bits/nested_exception.h:40:0,
                 from /usr/include/c++/6/exception:171,
                 from /usr/local/include/boost/mpi/exception.hpp:17,
                 from /usr/local/include/boost/mpi/allocator.hpp:16,
                 from /usr/local/include/boost/mpi.hpp:22,
                 from src/solver.h:4,
                 from src/solver.cc:1:
/usr/include/c++/6/bits/stl_tree.h:412:34: error: expected primary-expression before ‘>’ token
   _M_t._M_construct_node(__node, _GLIBCXX_FORWARD(_Arg, __arg));
                                  ^
/usr/include/c++/6/bits/stl_tree.h:416:33: error: ‘forward’ is not a member of ‘hci::std’
      return _M_t._M_create_node(_GLIBCXX_FORWARD(_Arg, __arg));
                                 ^
/usr/include/c++/6/bits/stl_tree.h:416:33: note: suggested alternatives:
/usr/include/c++/6/bits/move.h:87:5: note:   ‘std::forward’
     forward(typename std::remove_reference<_Tp>::type&& __t) noexcept
     ^~~~~~~
In file included from /usr/local/include/boost/move/utility.hpp:29:0,
                 from /usr/local/include/boost/optional/optional.hpp:46,
                 from /usr/local/include/boost/optional.hpp:15,
                 from /usr/local/include/boost/mpi/communicator.hpp:20,
                 from /usr/local/include/boost/mpi/collectives.hpp:21,
                 from /usr/local/include/boost/mpi.hpp:23,
                 from src/solver.h:4,
                 from src/solver.cc:1:
/usr/local/include/boost/move/utility_core.hpp:252:37: note:   ‘boost::forward’
          BOOST_MOVE_FORCEINLINE T&& forward(typename ::boost::move_detail::remove_reference<T>::type&& t) BOOST_NOEXCEPT
                                     ^~~~~~~
In file included from /usr/include/c++/6/bits/nested_exception.h:40:0,
                 from /usr/include/c++/6/exception:171,
                 from /usr/local/include/boost/mpi/exception.hpp:17,
                 from /usr/local/include/boost/mpi/allocator.hpp:16,
                 from /usr/local/include/boost/mpi.hpp:22,
                 from src/solver.h:4,
                 from src/solver.cc:1:
/usr/include/c++/6/bits/stl_tree.h:416:33: error: expected primary-expression before ‘>’ token
      return _M_t._M_create_node(_GLIBCXX_FORWARD(_Arg, __arg));
                                 ^
/usr/include/c++/6/bits/stl_tree.h: In member function ‘hci::std::_Rb_tree_node<_Val>* hci::std::_Rb_tree<_Key, _Val, _KeyOfValue, _Compare, _Alloc>::_Alloc_node::operator()(_Arg&&) const’:
/usr/include/c++/6/bits/stl_tree.h:473:33: error: ‘forward’ is not a member of ‘hci::std’
    { return _M_t._M_create_node(_GLIBCXX_FORWARD(_Arg, __arg)); }
                                 ^
/usr/include/c++/6/bits/stl_tree.h:473:33: note: suggested alternatives:
/usr/include/c++/6/bits/move.h:87:5: note:   ‘std::forward’
     forward(typename std::remove_reference<_Tp>::type&& __t) noexcept
     ^~~~~~~
In file included from /usr/local/include/boost/move/utility.hpp:29:0,
                 from /usr/local/include/boost/optional/optional.hpp:46,
                 from /usr/local/include/boost/optional.hpp:15,
                 from /usr/local/include/boost/mpi/communicator.hpp:20,
                 from /usr/local/include/boost/mpi/collectives.hpp:21,
                 from /usr/local/include/boost/mpi.hpp:23,
                 from src/solver.h:4,
                 from src/solver.cc:1:
/usr/local/include/boost/move/utility_core.hpp:252:37: note:   ‘boost::forward’
          BOOST_MOVE_FORCEINLINE T&& forward(typename ::boost::move_detail::remove_reference<T>::type&& t) BOOST_NOEXCEPT
                                     ^~~~~~~
In file included from /usr/include/c++/6/bits/nested_exception.h:40:0,
                 from /usr/include/c++/6/exception:171,
                 from /usr/local/include/boost/mpi/exception.hpp:17,
                 from /usr/local/include/boost/mpi/allocator.hpp:16,
                 from /usr/local/include/boost/mpi.hpp:22,
                 from src/solver.h:4,
                 from src/solver.cc:1:
/usr/include/c++/6/bits/stl_tree.h:473:33: error: expected primary-expression before ‘>’ token
    { return _M_t._M_create_node(_GLIBCXX_FORWARD(_Arg, __arg)); }
                                 ^
In file included from /usr/include/c++/6/map:60:0,
                 from /usr/local/include/boost/detail/container_fwd.hpp:94,
                 from /usr/local/include/boost/functional/hash/extensions.hpp:22,
                 from /usr/local/include/boost/functional/hash/hash.hpp:560,
                 from /usr/local/include/boost/functional/hash.hpp:6,
                 from src/solver.cc:3:
/usr/include/c++/6/bits/stl_tree.h: In member function ‘void hci::std::_Rb_tree<_Key, _Val, _KeyOfValue, _Compare, _Alloc>::_M_construct_node(hci::std::_Rb_tree<_Key, _Val, _KeyOfValue, _Compare, _Alloc>::_Link_type, _Args&& ...)’:
/usr/include/c++/6/bits/stl_tree.h:545:12: error: ‘forward’ is not a member of ‘hci::std’
            std::forward<_Args>(__args)...);
            ^~~
/usr/include/c++/6/bits/stl_tree.h:545:12: note: suggested alternatives:
In file included from /usr/include/c++/6/bits/nested_exception.h:40:0,
                 from /usr/include/c++/6/exception:171,
                 from /usr/local/include/boost/mpi/exception.hpp:17,
                 from /usr/local/include/boost/mpi/allocator.hpp:16,
                 from /usr/local/include/boost/mpi.hpp:22,
                 from src/solver.h:4,
                 from src/solver.cc:1:
/usr/include/c++/6/bits/move.h:87:5: note:   ‘std::forward’
     forward(typename std::remove_reference<_Tp>::type&& __t) noexcept
     ^~~~~~~
In file included from /usr/local/include/boost/move/utility.hpp:29:0,
                 from /usr/local/include/boost/optional/optional.hpp:46,
                 from /usr/local/include/boost/optional.hpp:15,
                 from /usr/local/include/boost/mpi/communicator.hpp:20,
                 from /usr/local/include/boost/mpi/collectives.hpp:21,
                 from /usr/local/include/boost/mpi.hpp:23,
                 from src/solver.h:4,
                 from src/solver.cc:1:
/usr/local/include/boost/move/utility_core.hpp:252:37: note:   ‘boost::forward’
          BOOST_MOVE_FORCEINLINE T&& forward(typename ::boost::move_detail::remove_reference<T>::type&& t) BOOST_NOEXCEPT
                                     ^~~~~~~
In file included from /usr/include/c++/6/map:60:0,
                 from /usr/local/include/boost/detail/container_fwd.hpp:94,
                 from /usr/local/include/boost/functional/hash/extensions.hpp:22,
                 from /usr/local/include/boost/functional/hash/hash.hpp:560,
                 from /usr/local/include/boost/functional/hash.hpp:6,
                 from src/solver.cc:3:
/usr/include/c++/6/bits/stl_tree.h:545:30: error: expected primary-expression before ‘>’ token
            std::forward<_Args>(__args)...);
                              ^
/usr/include/c++/6/bits/stl_tree.h: In member function ‘hci::std::_Rb_tree_node<_Val>* hci::std::_Rb_tree<_Key, _Val, _KeyOfValue, _Compare, _Alloc>::_M_create_node(_Args&& ...)’:
/usr/include/c++/6/bits/stl_tree.h:560:29: error: ‘forward’ is not a member of ‘hci::std’
    _M_construct_node(__tmp, std::forward<_Args>(__args)...);
                             ^~~
/usr/include/c++/6/bits/stl_tree.h:560:29: note: suggested alternatives:
In file included from /usr/include/c++/6/bits/nested_exception.h:40:0,
                 from /usr/include/c++/6/exception:171,
                 from /usr/local/include/boost/mpi/exception.hpp:17,
                 from /usr/local/include/boost/mpi/allocator.hpp:16,
                 from /usr/local/include/boost/mpi.hpp:22,
                 from src/solver.h:4,
                 from src/solver.cc:1:
/usr/include/c++/6/bits/move.h:87:5: note:   ‘std::forward’
     forward(typename std::remove_reference<_Tp>::type&& __t) noexcept
     ^~~~~~~
In file included from /usr/local/include/boost/move/utility.hpp:29:0,
                 from /usr/local/include/boost/optional/optional.hpp:46,
                 from /usr/local/include/boost/optional.hpp:15,
                 from /usr/local/include/boost/mpi/communicator.hpp:20,
                 from /usr/local/include/boost/mpi/collectives.hpp:21,
                 from /usr/local/include/boost/mpi.hpp:23,
                 from src/solver.h:4,
                 from src/solver.cc:1:
/usr/local/include/boost/move/utility_core.hpp:252:37: note:   ‘boost::forward’
          BOOST_MOVE_FORCEINLINE T&& forward(typename ::boost::move_detail::remove_reference<T>::type&& t) BOOST_NOEXCEPT
                                     ^~~~~~~
In file included from /usr/include/c++/6/map:60:0,
                 from /usr/local/include/boost/detail/container_fwd.hpp:94,
                 from /usr/local/include/boost/functional/hash/extensions.hpp:22,
                 from /usr/local/include/boost/functional/hash/hash.hpp:560,
                 from /usr/local/include/boost/functional/hash.hpp:6,
                 from src/solver.cc:3:
/usr/include/c++/6/bits/stl_tree.h:560:47: error: expected primary-expression before ‘>’ token
    _M_construct_node(__tmp, std::forward<_Args>(__args)...);
                                               ^
/usr/include/c++/6/bits/stl_tree.h: In constructor ‘hci::std::_Rb_tree<_Key, _Val, _KeyOfValue, _Compare, _Alloc>::_Rb_tree(hci::std::_Rb_tree<_Key, _Val, _KeyOfValue, _Compare, _Alloc>&&)’:
/usr/include/c++/6/bits/stl_tree.h:862:22: error: ‘true_type’ is not a member of ‘hci::std’
    _M_move_data(__x, std::true_type());
                      ^~~
/usr/include/c++/6/bits/stl_tree.h:862:22: note: suggested alternatives:
In file included from /usr/include/c++/6/bits/move.h:57:0,
                 from /usr/include/c++/6/bits/nested_exception.h:40,
                 from /usr/include/c++/6/exception:171,
                 from /usr/local/include/boost/mpi/exception.hpp:17,
                 from /usr/local/include/boost/mpi/allocator.hpp:16,
                 from /usr/local/include/boost/mpi.hpp:22,
                 from src/solver.h:4,
                 from src/solver.cc:1:
/usr/include/c++/6/type_traits:87:45: note:   ‘std::true_type’
   typedef integral_constant<bool, true>     true_type;
                                             ^~~~~~~~~
In file included from /usr/local/include/boost/type_traits/alignment_of.hpp:16:0,
                 from /usr/local/include/boost/optional/optional.hpp:32,
                 from /usr/local/include/boost/optional.hpp:15,
                 from /usr/local/include/boost/mpi/communicator.hpp:20,
                 from /usr/local/include/boost/mpi/collectives.hpp:21,
                 from /usr/local/include/boost/mpi.hpp:23,
                 from src/solver.h:4,
                 from src/solver.cc:1:
/usr/local/include/boost/type_traits/integral_constant.hpp:101:42: note:   ‘boost::true_type’
    typedef integral_constant<bool, true> true_type;
                                          ^~~~~~~~~
In file included from /usr/local/include/boost/move/detail/meta_utils.hpp:22:0,
                 from /usr/local/include/boost/move/utility_core.hpp:31,
                 from /usr/local/include/boost/move/utility.hpp:29,
                 from /usr/local/include/boost/optional/optional.hpp:46,
                 from /usr/local/include/boost/optional.hpp:15,
                 from /usr/local/include/boost/mpi/communicator.hpp:20,
                 from /usr/local/include/boost/mpi/collectives.hpp:21,
                 from /usr/local/include/boost/mpi.hpp:23,
                 from src/solver.h:4,
                 from src/solver.cc:1:
/usr/local/include/boost/move/detail/meta_utils_core.hpp:98:41: note:   ‘boost::move_detail::true_type’
 typedef integral_constant<bool, true >  true_type;
                                         ^~~~~~~~~
In file included from /usr/include/c++/6/map:60:0,
                 from /usr/local/include/boost/detail/container_fwd.hpp:94,
                 from /usr/local/include/boost/functional/hash/extensions.hpp:22,
                 from /usr/local/include/boost/functional/hash/hash.hpp:560,
                 from /usr/local/include/boost/functional/hash.hpp:6,
                 from src/solver.cc:3:
/usr/include/c++/6/bits/stl_tree.h: In member function ‘hci::std::_Rb_tree<_Key, _Val, _KeyOfValue, _Compare, _Alloc>::iterator hci::std::_Rb_tree<_Key, _Val, _KeyOfValue, _Compare, _Alloc>::_M_insert_unique_(hci::std::_Rb_tree<_Key, _Val, _KeyOfValue, _Compare, _Alloc>::const_iterator, _Arg&&)’:
/usr/include/c++/6/bits/stl_tree.h:950:36: error: ‘forward’ is not a member of ‘hci::std’
    return _M_insert_unique_(__pos, std::forward<_Arg>(__x), __an);
                                    ^~~
/usr/include/c++/6/bits/stl_tree.h:950:36: note: suggested alternatives:
In file included from /usr/include/c++/6/bits/nested_exception.h:40:0,
                 from /usr/include/c++/6/exception:171,
                 from /usr/local/include/boost/mpi/exception.hpp:17,
                 from /usr/local/include/boost/mpi/allocator.hpp:16,
                 from /usr/local/include/boost/mpi.hpp:22,
                 from src/solver.h:4,
                 from src/solver.cc:1:
/usr/include/c++/6/bits/move.h:87:5: note:   ‘std::forward’
     forward(typename std::remove_reference<_Tp>::type&& __t) noexcept
     ^~~~~~~
In file included from /usr/local/include/boost/move/utility.hpp:29:0,
                 from /usr/local/include/boost/optional/optional.hpp:46,
                 from /usr/local/include/boost/optional.hpp:15,
                 from /usr/local/include/boost/mpi/communicator.hpp:20,
                 from /usr/local/include/boost/mpi/collectives.hpp:21,
                 from /usr/local/include/boost/mpi.hpp:23,
                 from src/solver.h:4,
                 from src/solver.cc:1:
/usr/local/include/boost/move/utility_core.hpp:252:37: note:   ‘boost::forward’
          BOOST_MOVE_FORCEINLINE T&& forward(typename ::boost::move_detail::remove_reference<T>::type&& t) BOOST_NOEXCEPT
                                     ^~~~~~~
In file included from /usr/include/c++/6/map:60:0,
                 from /usr/local/include/boost/detail/container_fwd.hpp:94,
                 from /usr/local/include/boost/functional/hash/extensions.hpp:22,
                 from /usr/local/include/boost/functional/hash/hash.hpp:560,
                 from /usr/local/include/boost/functional/hash.hpp:6,
                 from src/solver.cc:3:
/usr/include/c++/6/bits/stl_tree.h:950:53: error: expected primary-expression before ‘>’ token
    return _M_insert_unique_(__pos, std::forward<_Arg>(__x), __an);
                                                     ^
/usr/include/c++/6/bits/stl_tree.h: In member function ‘hci::std::_Rb_tree<_Key, _Val, _KeyOfValue, _Compare, _Alloc>::iterator hci::std::_Rb_tree<_Key, _Val, _KeyOfValue, _Compare, _Alloc>::_M_insert_equal_(hci::std::_Rb_tree<_Key, _Val, _KeyOfValue, _Compare, _Alloc>::const_iterator, _Arg&&)’:
/usr/include/c++/6/bits/stl_tree.h:962:35: error: ‘forward’ is not a member of ‘hci::std’
    return _M_insert_equal_(__pos, std::forward<_Arg>(__x), __an);
                                   ^~~
/usr/include/c++/6/bits/stl_tree.h:962:35: note: suggested alternatives:
In file included from /usr/include/c++/6/bits/nested_exception.h:40:0,
                 from /usr/include/c++/6/exception:171,
                 from /usr/local/include/boost/mpi/exception.hpp:17,
                 from /usr/local/include/boost/mpi/allocator.hpp:16,
                 from /usr/local/include/boost/mpi.hpp:22,
                 from src/solver.h:4,
                 from src/solver.cc:1:
/usr/include/c++/6/bits/move.h:87:5: note:   ‘std::forward’
     forward(typename std::remove_reference<_Tp>::type&& __t) noexcept
     ^~~~~~~
In file included from /usr/local/include/boost/move/utility.hpp:29:0,
                 from /usr/local/include/boost/optional/optional.hpp:46,
                 from /usr/local/include/boost/optional.hpp:15,
                 from /usr/local/include/boost/mpi/communicator.hpp:20,
                 from /usr/local/include/boost/mpi/collectives.hpp:21,
                 from /usr/local/include/boost/mpi.hpp:23,
                 from src/solver.h:4,
                 from src/solver.cc:1:
/usr/local/include/boost/move/utility_core.hpp:252:37: note:   ‘boost::forward’
          BOOST_MOVE_FORCEINLINE T&& forward(typename ::boost::move_detail::remove_reference<T>::type&& t) BOOST_NOEXCEPT
                                     ^~~~~~~
In file included from /usr/include/c++/6/map:60:0,
                 from /usr/local/include/boost/detail/container_fwd.hpp:94,
                 from /usr/local/include/boost/functional/hash/extensions.hpp:22,
                 from /usr/local/include/boost/functional/hash/hash.hpp:560,
                 from /usr/local/include/boost/functional/hash.hpp:6,
                 from src/solver.cc:3:
/usr/include/c++/6/bits/stl_tree.h:962:52: error: expected primary-expression before ‘>’ token
    return _M_insert_equal_(__pos, std::forward<_Arg>(__x), __an);
                                                    ^
/usr/include/c++/6/bits/stl_tree.h: In function ‘bool hci::std::operator==(const hci::std::_Rb_tree<_Key, _Val, _KeyOfValue, _Compare, _Alloc>&, const hci::std::_Rb_tree<_Key, _Val, _KeyOfValue, _Compare, _Alloc>&)’:
/usr/include/c++/6/bits/stl_tree.h:1286:10: error: ‘equal’ is not a member of ‘hci::std’
       && std::equal(__x.begin(), __x.end(), __y.begin());
          ^~~
/usr/include/c++/6/bits/stl_tree.h:1286:10: note: suggested alternative:
In file included from /usr/include/c++/6/bits/char_traits.h:39:0,
                 from /usr/include/c++/6/string:40,
                 from /usr/local/include/boost/mpi/exception.hpp:18,
                 from /usr/local/include/boost/mpi/allocator.hpp:16,
                 from /usr/local/include/boost/mpi.hpp:22,
                 from src/solver.h:4,
                 from src/solver.cc:1:
/usr/include/c++/6/bits/stl_algobase.h:1073:5: note:   ‘std::equal’
     equal(_IIter1 __first1, _IIter1 __last1,
     ^~~~~
In file included from /usr/include/c++/6/map:60:0,
                 from /usr/local/include/boost/detail/container_fwd.hpp:94,
                 from /usr/local/include/boost/functional/hash/extensions.hpp:22,
                 from /usr/local/include/boost/functional/hash/hash.hpp:560,
                 from /usr/local/include/boost/functional/hash.hpp:6,
                 from src/solver.cc:3:
/usr/include/c++/6/bits/stl_tree.h: In function ‘bool hci::std::operator<(const hci::std::_Rb_tree<_Key, _Val, _KeyOfValue, _Compare, _Alloc>&, const hci::std::_Rb_tree<_Key, _Val, _KeyOfValue, _Compare, _Alloc>&)’:
/usr/include/c++/6/bits/stl_tree.h:1295:14: error: ‘lexicographical_compare’ is not a member of ‘hci::std’
       return std::lexicographical_compare(__x.begin(), __x.end(),
              ^~~
/usr/include/c++/6/bits/stl_tree.h:1295:14: note: suggested alternative:
In file included from /usr/include/c++/6/bits/char_traits.h:39:0,
                 from /usr/include/c++/6/string:40,
                 from /usr/local/include/boost/mpi/exception.hpp:18,
                 from /usr/local/include/boost/mpi/allocator.hpp:16,
                 from /usr/local/include/boost/mpi.hpp:22,
                 from src/solver.h:4,
                 from src/solver.cc:1:
/usr/include/c++/6/bits/stl_algobase.h:1239:5: note:   ‘std::lexicographical_compare’
     lexicographical_compare(_II1 __first1, _II1 __last1,
     ^~~~~~~~~~~~~~~~~~~~~~~
In file included from /usr/include/c++/6/map:60:0,
                 from /usr/local/include/boost/detail/container_fwd.hpp:94,
                 from /usr/local/include/boost/functional/hash/extensions.hpp:22,
                 from /usr/local/include/boost/functional/hash/hash.hpp:560,
                 from /usr/local/include/boost/functional/hash.hpp:6,
                 from src/solver.cc:3:
/usr/include/c++/6/bits/stl_tree.h: At global scope:
/usr/include/c++/6/bits/stl_tree.h:1350:38: error: ‘hci::std::true_type’ has not been declared
     _M_move_data(_Rb_tree& __x, std::true_type)
                                      ^~~~~~~~~
/usr/include/c++/6/bits/stl_tree.h:1369:38: error: ‘hci::std::false_type’ has not been declared
     _M_move_data(_Rb_tree& __x, std::false_type)
                                      ^~~~~~~~~~
/usr/include/c++/6/bits/stl_tree.h:1368:5: error: redefinition of ‘void hci::std::_Rb_tree<_Key, _Val, _KeyOfValue, _Compare, _Alloc>::_M_move_data(hci::std::_Rb_tree<_Key, _Val, _KeyOfValue, _Compare, _Alloc>&, int)’
     _Rb_tree<_Key, _Val, _KeyOfValue, _Compare, _Alloc>::
     ^~~~~~~~~~~~~~~~~~~~~~~~~~~~~~~~~~~~~~~~~~~~~~~~~~~
/usr/include/c++/6/bits/stl_tree.h:1349:5: note: ‘void hci::std::_Rb_tree<_Key, _Val, _KeyOfValue, _Compare, _Alloc>::_M_move_data(hci::std::_Rb_tree<_Key, _Val, _KeyOfValue, _Compare, _Alloc>&, int)’ previously declared here
     _Rb_tree<_Key, _Val, _KeyOfValue, _Compare, _Alloc>::
     ^~~~~~~~~~~~~~~~~~~~~~~~~~~~~~~~~~~~~~~~~~~~~~~~~~~
/usr/include/c++/6/bits/stl_tree.h:1393:35: error: ‘true_type’ has not been declared
     _M_move_assign(_Rb_tree& __x, true_type)
                                   ^~~~~~~~~
/usr/include/c++/6/bits/stl_tree.h: In member function ‘void hci::std::_Rb_tree<_Key, _Val, _KeyOfValue, _Compare, _Alloc>::_M_move_assign(hci::std::_Rb_tree<_Key, _Val, _KeyOfValue, _Compare, _Alloc>&, int)’:
/usr/include/c++/6/bits/stl_tree.h:1397:20: error: ‘true_type’ is not a member of ‘hci::std’
  _M_move_data(__x, std::true_type());
                    ^~~
/usr/include/c++/6/bits/stl_tree.h:1397:20: note: suggested alternatives:
In file included from /usr/include/c++/6/bits/move.h:57:0,
                 from /usr/include/c++/6/bits/nested_exception.h:40,
                 from /usr/include/c++/6/exception:171,
                 from /usr/local/include/boost/mpi/exception.hpp:17,
                 from /usr/local/include/boost/mpi/allocator.hpp:16,
                 from /usr/local/include/boost/mpi.hpp:22,
                 from src/solver.h:4,
                 from src/solver.cc:1:
/usr/include/c++/6/type_traits:87:45: note:   ‘std::true_type’
   typedef integral_constant<bool, true>     true_type;
                                             ^~~~~~~~~
In file included from /usr/local/include/boost/type_traits/alignment_of.hpp:16:0,
                 from /usr/local/include/boost/optional/optional.hpp:32,
                 from /usr/local/include/boost/optional.hpp:15,
                 from /usr/local/include/boost/mpi/communicator.hpp:20,
                 from /usr/local/include/boost/mpi/collectives.hpp:21,
                 from /usr/local/include/boost/mpi.hpp:23,
                 from src/solver.h:4,
                 from src/solver.cc:1:
/usr/local/include/boost/type_traits/integral_constant.hpp:101:42: note:   ‘boost::true_type’
    typedef integral_constant<bool, true> true_type;
                                          ^~~~~~~~~
In file included from /usr/local/include/boost/move/detail/meta_utils.hpp:22:0,
                 from /usr/local/include/boost/move/utility_core.hpp:31,
                 from /usr/local/include/boost/move/utility.hpp:29,
                 from /usr/local/include/boost/optional/optional.hpp:46,
                 from /usr/local/include/boost/optional.hpp:15,
                 from /usr/local/include/boost/mpi/communicator.hpp:20,
                 from /usr/local/include/boost/mpi/collectives.hpp:21,
                 from /usr/local/include/boost/mpi.hpp:23,
                 from src/solver.h:4,
                 from src/solver.cc:1:
/usr/local/include/boost/move/detail/meta_utils_core.hpp:98:41: note:   ‘boost::move_detail::true_type’
 typedef integral_constant<bool, true >  true_type;
                                         ^~~~~~~~~
In file included from /usr/include/c++/6/map:60:0,
                 from /usr/local/include/boost/detail/container_fwd.hpp:94,
                 from /usr/local/include/boost/functional/hash/extensions.hpp:22,
                 from /usr/local/include/boost/functional/hash/hash.hpp:560,
                 from /usr/local/include/boost/functional/hash.hpp:6,
                 from src/solver.cc:3:
/usr/include/c++/6/bits/stl_tree.h:1398:7: error: ‘__alloc_on_move’ is not a member of ‘hci::std’
       std::__alloc_on_move(_M_get_Node_allocator(),
       ^~~
/usr/include/c++/6/bits/stl_tree.h:1398:7: note: suggested alternative:
In file included from /usr/include/c++/6/ext/alloc_traits.h:36:0,
                 from /usr/include/c++/6/bits/basic_string.h:40,
                 from /usr/include/c++/6/string:52,
                 from /usr/local/include/boost/mpi/exception.hpp:18,
                 from /usr/local/include/boost/mpi/allocator.hpp:16,
                 from /usr/local/include/boost/mpi.hpp:22,
                 from src/solver.h:4,
                 from src/solver.cc:1:
/usr/include/c++/6/bits/alloc_traits.h:523:17: note:   ‘std::__alloc_on_move’
     inline void __alloc_on_move(_Alloc& __one, _Alloc& __two)
                 ^~~~~~~~~~~~~~~
In file included from /usr/include/c++/6/map:60:0,
                 from /usr/local/include/boost/detail/container_fwd.hpp:94,
                 from /usr/local/include/boost/functional/hash/extensions.hpp:22,
                 from /usr/local/include/boost/functional/hash/hash.hpp:560,
                 from /usr/local/include/boost/functional/hash.hpp:6,
                 from src/solver.cc:3:
/usr/include/c++/6/bits/stl_tree.h: At global scope:
/usr/include/c++/6/bits/stl_tree.h:1406:35: error: ‘false_type’ has not been declared
     _M_move_assign(_Rb_tree& __x, false_type)
                                   ^~~~~~~~~~
/usr/include/c++/6/bits/stl_tree.h:1405:5: error: redefinition of ‘void hci::std::_Rb_tree<_Key, _Val, _KeyOfValue, _Compare, _Alloc>::_M_move_assign(hci::std::_Rb_tree<_Key, _Val, _KeyOfValue, _Compare, _Alloc>&, int)’
     _Rb_tree<_Key, _Val, _KeyOfValue, _Compare, _Alloc>::
     ^~~~~~~~~~~~~~~~~~~~~~~~~~~~~~~~~~~~~~~~~~~~~~~~~~~
/usr/include/c++/6/bits/stl_tree.h:1392:5: note: ‘void hci::std::_Rb_tree<_Key, _Val, _KeyOfValue, _Compare, _Alloc>::_M_move_assign(hci::std::_Rb_tree<_Key, _Val, _KeyOfValue, _Compare, _Alloc>&, int)’ previously declared here
     _Rb_tree<_Key, _Val, _KeyOfValue, _Compare, _Alloc>::
     ^~~~~~~~~~~~~~~~~~~~~~~~~~~~~~~~~~~~~~~~~~~~~~~~~~~
/usr/include/c++/6/bits/stl_tree.h:1437:10: error: ‘is_nothrow_move_assignable’ was not declared in this scope
       && is_nothrow_move_assignable<_Compare>::value)
          ^~~~~~~~~~~~~~~~~~~~~~~~~~
/usr/include/c++/6/bits/stl_tree.h:1437:10: note: suggested alternatives:
In file included from /usr/include/c++/6/bits/move.h:57:0,
                 from /usr/include/c++/6/bits/nested_exception.h:40,
                 from /usr/include/c++/6/exception:171,
                 from /usr/local/include/boost/mpi/exception.hpp:17,
                 from /usr/local/include/boost/mpi/allocator.hpp:16,
                 from /usr/local/include/boost/mpi.hpp:22,
                 from src/solver.h:4,
                 from src/solver.cc:1:
/usr/include/c++/6/type_traits:1347:12: note:   ‘std::is_nothrow_move_assignable’
     struct is_nothrow_move_assignable
            ^~~~~~~~~~~~~~~~~~~~~~~~~~
In file included from /usr/local/include/boost/optional/optional.hpp:42:0,
                 from /usr/local/include/boost/optional.hpp:15,
                 from /usr/local/include/boost/mpi/communicator.hpp:20,
                 from /usr/local/include/boost/mpi/collectives.hpp:21,
                 from /usr/local/include/boost/mpi.hpp:23,
                 from src/solver.h:4,
                 from src/solver.cc:1:
/usr/local/include/boost/type_traits/is_nothrow_move_assignable.hpp:53:8: note:   ‘boost::is_nothrow_move_assignable’
 struct is_nothrow_move_assignable : public integral_constant<bool, ::boost::detail::false_or_cpp11_noexcept_move_assignable<T>::value>{};
        ^~~~~~~~~~~~~~~~~~~~~~~~~~
In file included from /usr/local/include/boost/move/traits.hpp:31:0,
                 from /usr/local/include/boost/move/utility.hpp:30,
                 from /usr/local/include/boost/optional/optional.hpp:46,
                 from /usr/local/include/boost/optional.hpp:15,
                 from /usr/local/include/boost/mpi/communicator.hpp:20,
                 from /usr/local/include/boost/mpi/collectives.hpp:21,
                 from /usr/local/include/boost/mpi.hpp:23,
                 from src/solver.h:4,
                 from src/solver.cc:1:
/usr/local/include/boost/move/detail/type_traits.hpp:883:8: note:   ‘boost::move_detail::is_nothrow_move_assignable’
 struct is_nothrow_move_assignable
        ^~~~~~~~~~~~~~~~~~~~~~~~~~
In file included from /usr/include/c++/6/map:60:0,
                 from /usr/local/include/boost/detail/container_fwd.hpp:94,
                 from /usr/local/include/boost/functional/hash/extensions.hpp:22,
                 from /usr/local/include/boost/functional/hash/hash.hpp:560,
                 from /usr/local/include/boost/functional/hash.hpp:6,
                 from src/solver.cc:3:
/usr/include/c++/6/bits/stl_tree.h:1437:45: error: expected primary-expression before ‘>’ token
       && is_nothrow_move_assignable<_Compare>::value)
                                             ^
/usr/include/c++/6/bits/stl_tree.h:1437:46: error: ‘::value’ has not been declared
       && is_nothrow_move_assignable<_Compare>::value)
                                              ^~
/usr/include/c++/6/bits/stl_tree.h: In member function ‘hci::std::_Rb_tree<_Key, _Val, _KeyOfValue, _Compare, _Alloc>& hci::std::_Rb_tree<_Key, _Val, _KeyOfValue, _Compare, _Alloc>::operator=(hci::std::_Rb_tree<_Key, _Val, _KeyOfValue, _Compare, _Alloc>&&)’:
/usr/include/c++/6/bits/stl_tree.h:1443:27: error: ‘__bool_constant’ was not declared in this scope
       _M_move_assign(__x, __bool_constant<__move_storage>());
                           ^~~~~~~~~~~~~~~
/usr/include/c++/6/bits/stl_tree.h:1443:27: note: suggested alternative:
In file included from /usr/include/c++/6/bits/move.h:57:0,
                 from /usr/include/c++/6/bits/nested_exception.h:40,
                 from /usr/include/c++/6/exception:171,
                 from /usr/local/include/boost/mpi/exception.hpp:17,
                 from /usr/local/include/boost/mpi/allocator.hpp:16,
                 from /usr/local/include/boost/mpi.hpp:22,
                 from src/solver.h:4,
                 from src/solver.cc:1:
/usr/include/c++/6/type_traits:93:57: note:   ‘std::__bool_constant’
     using __bool_constant = integral_constant<bool, __v>;
                                                         ^
In file included from /usr/include/c++/6/map:60:0,
                 from /usr/local/include/boost/detail/container_fwd.hpp:94,
                 from /usr/local/include/boost/functional/hash/extensions.hpp:22,
                 from /usr/local/include/boost/functional/hash/hash.hpp:560,
                 from /usr/local/include/boost/functional/hash.hpp:6,
                 from src/solver.cc:3:
/usr/include/c++/6/bits/stl_tree.h:1443:59: error: expected primary-expression before ‘)’ token
       _M_move_assign(__x, __bool_constant<__move_storage>());
                                                           ^
/usr/include/c++/6/bits/stl_tree.h: In member function ‘hci::std::_Rb_tree<_Key, _Val, _KeyOfValue, _Compare, _Alloc>& hci::std::_Rb_tree<_Key, _Val, _KeyOfValue, _Compare, _Alloc>::operator=(const hci::std::_Rb_tree<_Key, _Val, _KeyOfValue, _Compare, _Alloc>&)’:
/usr/include/c++/6/bits/stl_tree.h:1494:5: error: ‘__alloc_on_copy’ is not a member of ‘hci::std’
     std::__alloc_on_copy(__this_alloc, __that_alloc);
     ^~~
/usr/include/c++/6/bits/stl_tree.h:1494:5: note: suggested alternative:
In file included from /usr/include/c++/6/ext/alloc_traits.h:36:0,
                 from /usr/include/c++/6/bits/basic_string.h:40,
                 from /usr/include/c++/6/string:52,
                 from /usr/local/include/boost/mpi/exception.hpp:18,
                 from /usr/local/include/boost/mpi/allocator.hpp:16,
                 from /usr/local/include/boost/mpi.hpp:22,
                 from src/solver.h:4,
                 from src/solver.cc:1:
/usr/include/c++/6/bits/alloc_traits.h:508:19: note:   ‘std::__alloc_on_copy’
     inline _Alloc __alloc_on_copy(const _Alloc& __a)
                   ^~~~~~~~~~~~~~~
In file included from /usr/include/c++/6/bits/nested_exception.h:40:0,
                 from /usr/include/c++/6/exception:171,
                 from /usr/local/include/boost/mpi/exception.hpp:17,
                 from /usr/local/include/boost/mpi/allocator.hpp:16,
                 from /usr/local/include/boost/mpi.hpp:22,
                 from src/solver.h:4,
                 from src/solver.cc:1:
/usr/include/c++/6/bits/stl_tree.h: In member function ‘hci::std::_Rb_tree<_Key, _Val, _KeyOfValue, _Compare, _Alloc>::iterator hci::std::_Rb_tree<_Key, _Val, _KeyOfValue, _Compare, _Alloc>::_M_insert_(hci::std::_Rb_tree<_Key, _Val, _KeyOfValue, _Compare, _Alloc>::_Base_ptr, hci::std::_Rb_tree<_Key, _Val, _KeyOfValue, _Compare, _Alloc>::_Base_ptr, _Arg&&, _NodeGen&)’:
/usr/include/c++/6/bits/stl_tree.h:1535:30: error: ‘forward’ is not a member of ‘hci::std’
  _Link_type __z = __node_gen(_GLIBCXX_FORWARD(_Arg, __v));
                              ^
/usr/include/c++/6/bits/stl_tree.h:1535:30: note: suggested alternatives:
/usr/include/c++/6/bits/move.h:87:5: note:   ‘std::forward’
     forward(typename std::remove_reference<_Tp>::type&& __t) noexcept
     ^~~~~~~
In file included from /usr/local/include/boost/move/utility.hpp:29:0,
                 from /usr/local/include/boost/optional/optional.hpp:46,
                 from /usr/local/include/boost/optional.hpp:15,
                 from /usr/local/include/boost/mpi/communicator.hpp:20,
                 from /usr/local/include/boost/mpi/collectives.hpp:21,
                 from /usr/local/include/boost/mpi.hpp:23,
                 from src/solver.h:4,
                 from src/solver.cc:1:
/usr/local/include/boost/move/utility_core.hpp:252:37: note:   ‘boost::forward’
          BOOST_MOVE_FORCEINLINE T&& forward(typename ::boost::move_detail::remove_reference<T>::type&& t) BOOST_NOEXCEPT
                                     ^~~~~~~
In file included from /usr/include/c++/6/bits/nested_exception.h:40:0,
                 from /usr/include/c++/6/exception:171,
                 from /usr/local/include/boost/mpi/exception.hpp:17,
                 from /usr/local/include/boost/mpi/allocator.hpp:16,
                 from /usr/local/include/boost/mpi.hpp:22,
                 from src/solver.h:4,
                 from src/solver.cc:1:
/usr/include/c++/6/bits/stl_tree.h:1535:30: error: expected primary-expression before ‘>’ token
  _Link_type __z = __node_gen(_GLIBCXX_FORWARD(_Arg, __v));
                              ^
/usr/include/c++/6/bits/stl_tree.h: In member function ‘hci::std::_Rb_tree<_Key, _Val, _KeyOfValue, _Compare, _Alloc>::iterator hci::std::_Rb_tree<_Key, _Val, _KeyOfValue, _Compare, _Alloc>::_M_insert_lower(hci::std::_Rb_tree<_Key, _Val, _KeyOfValue, _Compare, _Alloc>::_Base_ptr, _Arg&&)’:
/usr/include/c++/6/bits/stl_tree.h:1560:39: error: ‘forward’ is not a member of ‘hci::std’
       _Link_type __z = _M_create_node(_GLIBCXX_FORWARD(_Arg, __v));
                                       ^
/usr/include/c++/6/bits/stl_tree.h:1560:39: note: suggested alternatives:
/usr/include/c++/6/bits/move.h:87:5: note:   ‘std::forward’
     forward(typename std::remove_reference<_Tp>::type&& __t) noexcept
     ^~~~~~~
In file included from /usr/local/include/boost/move/utility.hpp:29:0,
                 from /usr/local/include/boost/optional/optional.hpp:46,
                 from /usr/local/include/boost/optional.hpp:15,
                 from /usr/local/include/boost/mpi/communicator.hpp:20,
                 from /usr/local/include/boost/mpi/collectives.hpp:21,
                 from /usr/local/include/boost/mpi.hpp:23,
                 from src/solver.h:4,
                 from src/solver.cc:1:
/usr/local/include/boost/move/utility_core.hpp:252:37: note:   ‘boost::forward’
          BOOST_MOVE_FORCEINLINE T&& forward(typename ::boost::move_detail::remove_reference<T>::type&& t) BOOST_NOEXCEPT
                                     ^~~~~~~
In file included from /usr/include/c++/6/bits/nested_exception.h:40:0,
                 from /usr/include/c++/6/exception:171,
                 from /usr/local/include/boost/mpi/exception.hpp:17,
                 from /usr/local/include/boost/mpi/allocator.hpp:16,
                 from /usr/local/include/boost/mpi.hpp:22,
                 from src/solver.h:4,
                 from src/solver.cc:1:
/usr/include/c++/6/bits/stl_tree.h:1560:39: error: expected primary-expression before ‘>’ token
       _Link_type __z = _M_create_node(_GLIBCXX_FORWARD(_Arg, __v));
                                       ^
/usr/include/c++/6/bits/stl_tree.h: In member function ‘hci::std::_Rb_tree<_Key, _Val, _KeyOfValue, _Compare, _Alloc>::iterator hci::std::_Rb_tree<_Key, _Val, _KeyOfValue, _Compare, _Alloc>::_M_insert_equal_lower(_Arg&&)’:
/usr/include/c++/6/bits/stl_tree.h:1589:35: error: ‘forward’ is not a member of ‘hci::std’
       return _M_insert_lower(__y, _GLIBCXX_FORWARD(_Arg, __v));
                                   ^
/usr/include/c++/6/bits/stl_tree.h:1589:35: note: suggested alternatives:
/usr/include/c++/6/bits/move.h:87:5: note:   ‘std::forward’
     forward(typename std::remove_reference<_Tp>::type&& __t) noexcept
     ^~~~~~~
In file included from /usr/local/include/boost/move/utility.hpp:29:0,
                 from /usr/local/include/boost/optional/optional.hpp:46,
                 from /usr/local/include/boost/optional.hpp:15,
                 from /usr/local/include/boost/mpi/communicator.hpp:20,
                 from /usr/local/include/boost/mpi/collectives.hpp:21,
                 from /usr/local/include/boost/mpi.hpp:23,
                 from src/solver.h:4,
                 from src/solver.cc:1:
/usr/local/include/boost/move/utility_core.hpp:252:37: note:   ‘boost::forward’
          BOOST_MOVE_FORCEINLINE T&& forward(typename ::boost::move_detail::remove_reference<T>::type&& t) BOOST_NOEXCEPT
                                     ^~~~~~~
In file included from /usr/include/c++/6/bits/nested_exception.h:40:0,
                 from /usr/include/c++/6/exception:171,
                 from /usr/local/include/boost/mpi/exception.hpp:17,
                 from /usr/local/include/boost/mpi/allocator.hpp:16,
                 from /usr/local/include/boost/mpi.hpp:22,
                 from src/solver.h:4,
                 from src/solver.cc:1:
/usr/include/c++/6/bits/stl_tree.h:1589:35: error: expected primary-expression before ‘>’ token
       return _M_insert_lower(__y, _GLIBCXX_FORWARD(_Arg, __v));
                                   ^
In file included from /usr/include/c++/6/map:60:0,
                 from /usr/local/include/boost/detail/container_fwd.hpp:94,
                 from /usr/local/include/boost/functional/hash/extensions.hpp:22,
                 from /usr/local/include/boost/functional/hash/hash.hpp:560,
                 from /usr/local/include/boost/functional/hash.hpp:6,
                 from src/solver.cc:3:
/usr/include/c++/6/bits/stl_tree.h: At global scope:
/usr/include/c++/6/bits/stl_tree.h:1711:5: error: ‘pair’ does not name a type
     pair<typename _Rb_tree<_Key, _Val, _KeyOfValue,
     ^~~~
/usr/include/c++/6/bits/stl_tree.h:1743:5: error: ‘pair’ does not name a type
     pair<typename _Rb_tree<_Key, _Val, _KeyOfValue,
     ^~~~
In file included from /usr/include/c++/6/cstdint:38:0,
                 from /usr/include/mpich/mpi.h:42,
                 from /usr/local/include/boost/mpi/config.hpp:20,
                 from /usr/local/include/boost/mpi/allocator.hpp:15,
                 from /usr/local/include/boost/mpi.hpp:22,
                 from src/solver.h:4,
                 from src/solver.cc:1:
/usr/include/c++/6/bits/stl_tree.h:1778:5: error: ‘__is_nothrow_swappable’ was not declared in this scope
     _GLIBCXX_NOEXCEPT_IF(__is_nothrow_swappable<_Compare>::value)
     ^
/usr/include/c++/6/bits/stl_tree.h:1778:5: note: suggested alternative:
In file included from /usr/include/c++/6/bits/move.h:57:0,
                 from /usr/include/c++/6/bits/nested_exception.h:40,
                 from /usr/include/c++/6/exception:171,
                 from /usr/local/include/boost/mpi/exception.hpp:17,
                 from /usr/local/include/boost/mpi/allocator.hpp:16,
                 from /usr/local/include/boost/mpi.hpp:22,
                 from src/solver.h:4,
                 from src/solver.cc:1:
/usr/include/c++/6/type_traits:2598:12: note:   ‘std::__is_nothrow_swappable’
     struct __is_nothrow_swappable;
            ^~~~~~~~~~~~~~~~~~~~~~
In file included from /usr/include/c++/6/cstdint:38:0,
                 from /usr/include/mpich/mpi.h:42,
                 from /usr/local/include/boost/mpi/config.hpp:20,
                 from /usr/local/include/boost/mpi/allocator.hpp:15,
                 from /usr/local/include/boost/mpi.hpp:22,
                 from src/solver.h:4,
                 from src/solver.cc:1:
/usr/include/c++/6/bits/stl_tree.h:1778:5: error: expected primary-expression before ‘>’ token
     _GLIBCXX_NOEXCEPT_IF(__is_nothrow_swappable<_Compare>::value)
     ^
/usr/include/c++/6/bits/stl_tree.h:1778:5: error: ‘::value’ has not been declared
     _GLIBCXX_NOEXCEPT_IF(__is_nothrow_swappable<_Compare>::value)
     ^
In file included from /usr/include/c++/6/map:60:0,
                 from /usr/local/include/boost/detail/container_fwd.hpp:94,
                 from /usr/local/include/boost/functional/hash/extensions.hpp:22,
                 from /usr/local/include/boost/functional/hash/hash.hpp:560,
                 from /usr/local/include/boost/functional/hash.hpp:6,
                 from src/solver.cc:3:
/usr/include/c++/6/bits/stl_tree.h:1822:5: error: ‘pair’ does not name a type
     pair<typename _Rb_tree<_Key, _Val, _KeyOfValue,
     ^~~~
/usr/include/c++/6/bits/stl_tree.h:1854:5: error: ‘pair’ does not name a type
     pair<typename _Rb_tree<_Key, _Val, _KeyOfValue,
     ^~~~
/usr/include/c++/6/bits/stl_tree.h:1878:5: error: ‘pair’ does not name a type
     pair<typename _Rb_tree<_Key, _Val, _KeyOfValue,
     ^~~~
/usr/include/c++/6/bits/stl_tree.h: In member function ‘hci::std::_Rb_tree<_Key, _Val, _KeyOfValue, _Compare, _Alloc>::iterator hci::std::_Rb_tree<_Key, _Val, _KeyOfValue, _Compare, _Alloc>::_M_insert_equal(_Arg&&)’:
/usr/include/c++/6/bits/stl_tree.h:1915:7: error: ‘pair’ was not declared in this scope
       pair<_Base_ptr, _Base_ptr> __res
       ^~~~
/usr/include/c++/6/bits/stl_tree.h:1915:7: note: suggested alternative:
In file included from /usr/include/c++/6/bits/stl_algobase.h:64:0,
                 from /usr/include/c++/6/bits/char_traits.h:39,
                 from /usr/include/c++/6/string:40,
                 from /usr/local/include/boost/mpi/exception.hpp:18,
                 from /usr/local/include/boost/mpi/allocator.hpp:16,
                 from /usr/local/include/boost/mpi.hpp:22,
                 from src/solver.h:4,
                 from src/solver.cc:1:
/usr/include/c++/6/bits/stl_pair.h:147:12: note:   ‘std::pair’
     struct pair
            ^~~~
In file included from /usr/include/c++/6/map:60:0,
                 from /usr/local/include/boost/detail/container_fwd.hpp:94,
                 from /usr/local/include/boost/functional/hash/extensions.hpp:22,
                 from /usr/local/include/boost/functional/hash/hash.hpp:560,
                 from /usr/local/include/boost/functional/hash.hpp:6,
                 from src/solver.cc:3:
/usr/include/c++/6/bits/stl_tree.h:1915:21: error: expected primary-expression before ‘,’ token
       pair<_Base_ptr, _Base_ptr> __res
                     ^
/usr/include/c++/6/bits/stl_tree.h:1915:32: error: expected primary-expression before ‘>’ token
       pair<_Base_ptr, _Base_ptr> __res
                                ^
/usr/include/c++/6/bits/stl_tree.h:1915:34: error: ‘__res’ was not declared in this scope
       pair<_Base_ptr, _Base_ptr> __res
                                  ^~~~~
In file included from /usr/include/c++/6/bits/nested_exception.h:40:0,
                 from /usr/include/c++/6/exception:171,
                 from /usr/local/include/boost/mpi/exception.hpp:17,
                 from /usr/local/include/boost/mpi/allocator.hpp:16,
                 from /usr/local/include/boost/mpi.hpp:22,
                 from src/solver.h:4,
                 from src/solver.cc:1:
/usr/include/c++/6/bits/stl_tree.h:1919:4: error: ‘forward’ is not a member of ‘hci::std’
    _GLIBCXX_FORWARD(_Arg, __v), __an);
    ^
/usr/include/c++/6/bits/stl_tree.h:1919:4: note: suggested alternatives:
/usr/include/c++/6/bits/move.h:87:5: note:   ‘std::forward’
     forward(typename std::remove_reference<_Tp>::type&& __t) noexcept
     ^~~~~~~
In file included from /usr/local/include/boost/move/utility.hpp:29:0,
                 from /usr/local/include/boost/optional/optional.hpp:46,
                 from /usr/local/include/boost/optional.hpp:15,
                 from /usr/local/include/boost/mpi/communicator.hpp:20,
                 from /usr/local/include/boost/mpi/collectives.hpp:21,
                 from /usr/local/include/boost/mpi.hpp:23,
                 from src/solver.h:4,
                 from src/solver.cc:1:
/usr/local/include/boost/move/utility_core.hpp:252:37: note:   ‘boost::forward’
          BOOST_MOVE_FORCEINLINE T&& forward(typename ::boost::move_detail::remove_reference<T>::type&& t) BOOST_NOEXCEPT
                                     ^~~~~~~
In file included from /usr/include/c++/6/bits/nested_exception.h:40:0,
                 from /usr/include/c++/6/exception:171,
                 from /usr/local/include/boost/mpi/exception.hpp:17,
                 from /usr/local/include/boost/mpi/allocator.hpp:16,
                 from /usr/local/include/boost/mpi.hpp:22,
                 from src/solver.h:4,
                 from src/solver.cc:1:
/usr/include/c++/6/bits/stl_tree.h:1919:4: error: expected primary-expression before ‘>’ token
    _GLIBCXX_FORWARD(_Arg, __v), __an);
    ^
In file included from /usr/include/c++/6/map:60:0,
                 from /usr/local/include/boost/detail/container_fwd.hpp:94,
                 from /usr/local/include/boost/functional/hash/extensions.hpp:22,
                 from /usr/local/include/boost/functional/hash/hash.hpp:560,
                 from /usr/local/include/boost/functional/hash.hpp:6,
                 from src/solver.cc:3:
/usr/include/c++/6/bits/stl_tree.h: At global scope:
/usr/include/c++/6/bits/stl_tree.h:1924:5: error: ‘pair’ does not name a type
     pair<typename _Rb_tree<_Key, _Val, _KeyOfValue,
     ^~~~
/usr/include/c++/6/bits/stl_tree.h: In member function ‘hci::std::_Rb_tree<_Key, _Val, _KeyOfValue, _Compare, _Alloc>::iterator hci::std::_Rb_tree<_Key, _Val, _KeyOfValue, _Compare, _Alloc>::_M_insert_unique_(hci::std::_Rb_tree<_Key, _Val, _KeyOfValue, _Compare, _Alloc>::const_iterator, _Arg&&, _NodeGen&)’:
/usr/include/c++/6/bits/stl_tree.h:1998:7: error: ‘pair’ was not declared in this scope
       pair<_Base_ptr, _Base_ptr> __res
       ^~~~
/usr/include/c++/6/bits/stl_tree.h:1998:7: note: suggested alternative:
In file included from /usr/include/c++/6/bits/stl_algobase.h:64:0,
                 from /usr/include/c++/6/bits/char_traits.h:39,
                 from /usr/include/c++/6/string:40,
                 from /usr/local/include/boost/mpi/exception.hpp:18,
                 from /usr/local/include/boost/mpi/allocator.hpp:16,
                 from /usr/local/include/boost/mpi.hpp:22,
                 from src/solver.h:4,
                 from src/solver.cc:1:
/usr/include/c++/6/bits/stl_pair.h:147:12: note:   ‘std::pair’
     struct pair
            ^~~~
In file included from /usr/include/c++/6/map:60:0,
                 from /usr/local/include/boost/detail/container_fwd.hpp:94,
                 from /usr/local/include/boost/functional/hash/extensions.hpp:22,
                 from /usr/local/include/boost/functional/hash/hash.hpp:560,
                 from /usr/local/include/boost/functional/hash.hpp:6,
                 from src/solver.cc:3:
/usr/include/c++/6/bits/stl_tree.h:1998:21: error: expected primary-expression before ‘,’ token
       pair<_Base_ptr, _Base_ptr> __res
                     ^
/usr/include/c++/6/bits/stl_tree.h:1998:32: error: expected primary-expression before ‘>’ token
       pair<_Base_ptr, _Base_ptr> __res
                                ^
/usr/include/c++/6/bits/stl_tree.h:1998:34: error: ‘__res’ was not declared in this scope
       pair<_Base_ptr, _Base_ptr> __res
                                  ^~~~~
In file included from /usr/include/c++/6/bits/nested_exception.h:40:0,
                 from /usr/include/c++/6/exception:171,
                 from /usr/local/include/boost/mpi/exception.hpp:17,
                 from /usr/local/include/boost/mpi/allocator.hpp:16,
                 from /usr/local/include/boost/mpi.hpp:22,
                 from src/solver.h:4,
                 from src/solver.cc:1:
/usr/include/c++/6/bits/stl_tree.h:2003:6: error: ‘forward’ is not a member of ‘hci::std’
      _GLIBCXX_FORWARD(_Arg, __v),
      ^
/usr/include/c++/6/bits/stl_tree.h:2003:6: note: suggested alternatives:
/usr/include/c++/6/bits/move.h:87:5: note:   ‘std::forward’
     forward(typename std::remove_reference<_Tp>::type&& __t) noexcept
     ^~~~~~~
In file included from /usr/local/include/boost/move/utility.hpp:29:0,
                 from /usr/local/include/boost/optional/optional.hpp:46,
                 from /usr/local/include/boost/optional.hpp:15,
                 from /usr/local/include/boost/mpi/communicator.hpp:20,
                 from /usr/local/include/boost/mpi/collectives.hpp:21,
                 from /usr/local/include/boost/mpi.hpp:23,
                 from src/solver.h:4,
                 from src/solver.cc:1:
/usr/local/include/boost/move/utility_core.hpp:252:37: note:   ‘boost::forward’
          BOOST_MOVE_FORCEINLINE T&& forward(typename ::boost::move_detail::remove_reference<T>::type&& t) BOOST_NOEXCEPT
                                     ^~~~~~~
In file included from /usr/include/c++/6/bits/nested_exception.h:40:0,
                 from /usr/include/c++/6/exception:171,
                 from /usr/local/include/boost/mpi/exception.hpp:17,
                 from /usr/local/include/boost/mpi/allocator.hpp:16,
                 from /usr/local/include/boost/mpi.hpp:22,
                 from src/solver.h:4,
                 from src/solver.cc:1:
/usr/include/c++/6/bits/stl_tree.h:2003:6: error: expected primary-expression before ‘>’ token
      _GLIBCXX_FORWARD(_Arg, __v),
      ^
In file included from /usr/include/c++/6/map:60:0,
                 from /usr/local/include/boost/detail/container_fwd.hpp:94,
                 from /usr/local/include/boost/functional/hash/extensions.hpp:22,
                 from /usr/local/include/boost/functional/hash/hash.hpp:560,
                 from /usr/local/include/boost/functional/hash.hpp:6,
                 from src/solver.cc:3:
/usr/include/c++/6/bits/stl_tree.h: At global scope:
/usr/include/c++/6/bits/stl_tree.h:2010:5: error: ‘pair’ does not name a type
     pair<typename _Rb_tree<_Key, _Val, _KeyOfValue,
     ^~~~
/usr/include/c++/6/bits/stl_tree.h: In member function ‘hci::std::_Rb_tree<_Key, _Val, _KeyOfValue, _Compare, _Alloc>::iterator hci::std::_Rb_tree<_Key, _Val, _KeyOfValue, _Compare, _Alloc>::_M_insert_equal_(hci::std::_Rb_tree<_Key, _Val, _KeyOfValue, _Compare, _Alloc>::const_iterator, _Arg&&, _NodeGen&)’:
/usr/include/c++/6/bits/stl_tree.h:2080:2: error: ‘pair’ was not declared in this scope
  pair<_Base_ptr, _Base_ptr> __res
  ^~~~
/usr/include/c++/6/bits/stl_tree.h:2080:2: note: suggested alternative:
In file included from /usr/include/c++/6/bits/stl_algobase.h:64:0,
                 from /usr/include/c++/6/bits/char_traits.h:39,
                 from /usr/include/c++/6/string:40,
                 from /usr/local/include/boost/mpi/exception.hpp:18,
                 from /usr/local/include/boost/mpi/allocator.hpp:16,
                 from /usr/local/include/boost/mpi.hpp:22,
                 from src/solver.h:4,
                 from src/solver.cc:1:
/usr/include/c++/6/bits/stl_pair.h:147:12: note:   ‘std::pair’
     struct pair
            ^~~~
In file included from /usr/include/c++/6/map:60:0,
                 from /usr/local/include/boost/detail/container_fwd.hpp:94,
                 from /usr/local/include/boost/functional/hash/extensions.hpp:22,
                 from /usr/local/include/boost/functional/hash/hash.hpp:560,
                 from /usr/local/include/boost/functional/hash.hpp:6,
                 from src/solver.cc:3:
/usr/include/c++/6/bits/stl_tree.h:2080:16: error: expected primary-expression before ‘,’ token
  pair<_Base_ptr, _Base_ptr> __res
                ^
/usr/include/c++/6/bits/stl_tree.h:2080:27: error: expected primary-expression before ‘>’ token
  pair<_Base_ptr, _Base_ptr> __res
                           ^
/usr/include/c++/6/bits/stl_tree.h:2080:29: error: ‘__res’ was not declared in this scope
  pair<_Base_ptr, _Base_ptr> __res
                             ^~~~~
In file included from /usr/include/c++/6/bits/nested_exception.h:40:0,
                 from /usr/include/c++/6/exception:171,
                 from /usr/local/include/boost/mpi/exception.hpp:17,
                 from /usr/local/include/boost/mpi/allocator.hpp:16,
                 from /usr/local/include/boost/mpi.hpp:22,
                 from src/solver.h:4,
                 from src/solver.cc:1:
/usr/include/c++/6/bits/stl_tree.h:2085:8: error: ‘forward’ is not a member of ‘hci::std’
        _GLIBCXX_FORWARD(_Arg, __v),
        ^
/usr/include/c++/6/bits/stl_tree.h:2085:8: note: suggested alternatives:
/usr/include/c++/6/bits/move.h:87:5: note:   ‘std::forward’
     forward(typename std::remove_reference<_Tp>::type&& __t) noexcept
     ^~~~~~~
In file included from /usr/local/include/boost/move/utility.hpp:29:0,
                 from /usr/local/include/boost/optional/optional.hpp:46,
                 from /usr/local/include/boost/optional.hpp:15,
                 from /usr/local/include/boost/mpi/communicator.hpp:20,
                 from /usr/local/include/boost/mpi/collectives.hpp:21,
                 from /usr/local/include/boost/mpi.hpp:23,
                 from src/solver.h:4,
                 from src/solver.cc:1:
/usr/local/include/boost/move/utility_core.hpp:252:37: note:   ‘boost::forward’
          BOOST_MOVE_FORCEINLINE T&& forward(typename ::boost::move_detail::remove_reference<T>::type&& t) BOOST_NOEXCEPT
                                     ^~~~~~~
In file included from /usr/include/c++/6/bits/nested_exception.h:40:0,
                 from /usr/include/c++/6/exception:171,
                 from /usr/local/include/boost/mpi/exception.hpp:17,
                 from /usr/local/include/boost/mpi/allocator.hpp:16,
                 from /usr/local/include/boost/mpi.hpp:22,
                 from src/solver.h:4,
                 from src/solver.cc:1:
/usr/include/c++/6/bits/stl_tree.h:2085:8: error: expected primary-expression before ‘>’ token
        _GLIBCXX_FORWARD(_Arg, __v),
        ^
/usr/include/c++/6/bits/stl_tree.h:2088:31: error: ‘forward’ is not a member of ‘hci::std’
  return _M_insert_equal_lower(_GLIBCXX_FORWARD(_Arg, __v));
                               ^
/usr/include/c++/6/bits/stl_tree.h:2088:31: note: suggested alternatives:
/usr/include/c++/6/bits/move.h:87:5: note:   ‘std::forward’
     forward(typename std::remove_reference<_Tp>::type&& __t) noexcept
     ^~~~~~~
In file included from /usr/local/include/boost/move/utility.hpp:29:0,
                 from /usr/local/include/boost/optional/optional.hpp:46,
                 from /usr/local/include/boost/optional.hpp:15,
                 from /usr/local/include/boost/mpi/communicator.hpp:20,
                 from /usr/local/include/boost/mpi/collectives.hpp:21,
                 from /usr/local/include/boost/mpi.hpp:23,
                 from src/solver.h:4,
                 from src/solver.cc:1:
/usr/local/include/boost/move/utility_core.hpp:252:37: note:   ‘boost::forward’
          BOOST_MOVE_FORCEINLINE T&& forward(typename ::boost::move_detail::remove_reference<T>::type&& t) BOOST_NOEXCEPT
                                     ^~~~~~~
In file included from /usr/include/c++/6/bits/nested_exception.h:40:0,
                 from /usr/include/c++/6/exception:171,
                 from /usr/local/include/boost/mpi/exception.hpp:17,
                 from /usr/local/include/boost/mpi/allocator.hpp:16,
                 from /usr/local/include/boost/mpi.hpp:22,
                 from src/solver.h:4,
                 from src/solver.cc:1:
/usr/include/c++/6/bits/stl_tree.h:2088:31: error: expected primary-expression before ‘>’ token
  return _M_insert_equal_lower(_GLIBCXX_FORWARD(_Arg, __v));
                               ^
In file included from /usr/include/c++/6/map:60:0,
                 from /usr/local/include/boost/detail/container_fwd.hpp:94,
                 from /usr/local/include/boost/functional/hash/extensions.hpp:22,
                 from /usr/local/include/boost/functional/hash/hash.hpp:560,
                 from /usr/local/include/boost/functional/hash.hpp:6,
                 from src/solver.cc:3:
/usr/include/c++/6/bits/stl_tree.h: At global scope:
/usr/include/c++/6/bits/stl_tree.h:2144:7: error: ‘pair’ does not name a type
       pair<typename _Rb_tree<_Key, _Val, _KeyOfValue,
       ^~~~
/usr/include/c++/6/bits/stl_tree.h: In member function ‘hci::std::_Rb_tree<_Key, _Val, _KeyOfValue, _Compare, _Alloc>::iterator hci::std::_Rb_tree<_Key, _Val, _KeyOfValue, _Compare, _Alloc>::_M_emplace_equal(_Args&& ...)’:
/usr/include/c++/6/bits/stl_tree.h:2175:34: error: ‘forward’ is not a member of ‘hci::std’
  _Link_type __z = _M_create_node(std::forward<_Args>(__args)...);
                                  ^~~
/usr/include/c++/6/bits/stl_tree.h:2175:34: note: suggested alternatives:
In file included from /usr/include/c++/6/bits/nested_exception.h:40:0,
                 from /usr/include/c++/6/exception:171,
                 from /usr/local/include/boost/mpi/exception.hpp:17,
                 from /usr/local/include/boost/mpi/allocator.hpp:16,
                 from /usr/local/include/boost/mpi.hpp:22,
                 from src/solver.h:4,
                 from src/solver.cc:1:
/usr/include/c++/6/bits/move.h:87:5: note:   ‘std::forward’
     forward(typename std::remove_reference<_Tp>::type&& __t) noexcept
     ^~~~~~~
In file included from /usr/local/include/boost/move/utility.hpp:29:0,
                 from /usr/local/include/boost/optional/optional.hpp:46,
                 from /usr/local/include/boost/optional.hpp:15,
                 from /usr/local/include/boost/mpi/communicator.hpp:20,
                 from /usr/local/include/boost/mpi/collectives.hpp:21,
                 from /usr/local/include/boost/mpi.hpp:23,
                 from src/solver.h:4,
                 from src/solver.cc:1:
/usr/local/include/boost/move/utility_core.hpp:252:37: note:   ‘boost::forward’
          BOOST_MOVE_FORCEINLINE T&& forward(typename ::boost::move_detail::remove_reference<T>::type&& t) BOOST_NOEXCEPT
                                     ^~~~~~~
In file included from /usr/include/c++/6/map:60:0,
                 from /usr/local/include/boost/detail/container_fwd.hpp:94,
                 from /usr/local/include/boost/functional/hash/extensions.hpp:22,
                 from /usr/local/include/boost/functional/hash/hash.hpp:560,
                 from /usr/local/include/boost/functional/hash.hpp:6,
                 from src/solver.cc:3:
/usr/include/c++/6/bits/stl_tree.h:2175:52: error: expected primary-expression before ‘>’ token
  _Link_type __z = _M_create_node(std::forward<_Args>(__args)...);
                                                    ^
/usr/include/c++/6/bits/stl_tree.h: In member function ‘hci::std::_Rb_tree<_Key, _Val, _KeyOfValue, _Compare, _Alloc>::iterator hci::std::_Rb_tree<_Key, _Val, _KeyOfValue, _Compare, _Alloc>::_M_emplace_hint_unique(hci::std::_Rb_tree<_Key, _Val, _KeyOfValue, _Compare, _Alloc>::const_iterator, _Args&& ...)’:
/usr/include/c++/6/bits/stl_tree.h:2196:34: error: ‘forward’ is not a member of ‘hci::std’
  _Link_type __z = _M_create_node(std::forward<_Args>(__args)...);
                                  ^~~
/usr/include/c++/6/bits/stl_tree.h:2196:34: note: suggested alternatives:
In file included from /usr/include/c++/6/bits/nested_exception.h:40:0,
                 from /usr/include/c++/6/exception:171,
                 from /usr/local/include/boost/mpi/exception.hpp:17,
                 from /usr/local/include/boost/mpi/allocator.hpp:16,
                 from /usr/local/include/boost/mpi.hpp:22,
                 from src/solver.h:4,
                 from src/solver.cc:1:
/usr/include/c++/6/bits/move.h:87:5: note:   ‘std::forward’
     forward(typename std::remove_reference<_Tp>::type&& __t) noexcept
     ^~~~~~~
In file included from /usr/local/include/boost/move/utility.hpp:29:0,
                 from /usr/local/include/boost/optional/optional.hpp:46,
                 from /usr/local/include/boost/optional.hpp:15,
                 from /usr/local/include/boost/mpi/communicator.hpp:20,
                 from /usr/local/include/boost/mpi/collectives.hpp:21,
                 from /usr/local/include/boost/mpi.hpp:23,
                 from src/solver.h:4,
                 from src/solver.cc:1:
/usr/local/include/boost/move/utility_core.hpp:252:37: note:   ‘boost::forward’
          BOOST_MOVE_FORCEINLINE T&& forward(typename ::boost::move_detail::remove_reference<T>::type&& t) BOOST_NOEXCEPT
                                     ^~~~~~~
In file included from /usr/include/c++/6/map:60:0,
                 from /usr/local/include/boost/detail/container_fwd.hpp:94,
                 from /usr/local/include/boost/functional/hash/extensions.hpp:22,
                 from /usr/local/include/boost/functional/hash/hash.hpp:560,
                 from /usr/local/include/boost/functional/hash.hpp:6,
                 from src/solver.cc:3:
/usr/include/c++/6/bits/stl_tree.h:2196:52: error: expected primary-expression before ‘>’ token
  _Link_type __z = _M_create_node(std::forward<_Args>(__args)...);
                                                    ^
/usr/include/c++/6/bits/stl_tree.h: In member function ‘hci::std::_Rb_tree<_Key, _Val, _KeyOfValue, _Compare, _Alloc>::iterator hci::std::_Rb_tree<_Key, _Val, _KeyOfValue, _Compare, _Alloc>::_M_emplace_hint_equal(hci::std::_Rb_tree<_Key, _Val, _KeyOfValue, _Compare, _Alloc>::const_iterator, _Args&& ...)’:
/usr/include/c++/6/bits/stl_tree.h:2222:34: error: ‘forward’ is not a member of ‘hci::std’
  _Link_type __z = _M_create_node(std::forward<_Args>(__args)...);
                                  ^~~
/usr/include/c++/6/bits/stl_tree.h:2222:34: note: suggested alternatives:
In file included from /usr/include/c++/6/bits/nested_exception.h:40:0,
                 from /usr/include/c++/6/exception:171,
                 from /usr/local/include/boost/mpi/exception.hpp:17,
                 from /usr/local/include/boost/mpi/allocator.hpp:16,
                 from /usr/local/include/boost/mpi.hpp:22,
                 from src/solver.h:4,
                 from src/solver.cc:1:
/usr/include/c++/6/bits/move.h:87:5: note:   ‘std::forward’
     forward(typename std::remove_reference<_Tp>::type&& __t) noexcept
     ^~~~~~~
In file included from /usr/local/include/boost/move/utility.hpp:29:0,
                 from /usr/local/include/boost/optional/optional.hpp:46,
                 from /usr/local/include/boost/optional.hpp:15,
                 from /usr/local/include/boost/mpi/communicator.hpp:20,
                 from /usr/local/include/boost/mpi/collectives.hpp:21,
                 from /usr/local/include/boost/mpi.hpp:23,
                 from src/solver.h:4,
                 from src/solver.cc:1:
/usr/local/include/boost/move/utility_core.hpp:252:37: note:   ‘boost::forward’
          BOOST_MOVE_FORCEINLINE T&& forward(typename ::boost::move_detail::remove_reference<T>::type&& t) BOOST_NOEXCEPT
                                     ^~~~~~~
In file included from /usr/include/c++/6/map:60:0,
                 from /usr/local/include/boost/detail/container_fwd.hpp:94,
                 from /usr/local/include/boost/functional/hash/extensions.hpp:22,
                 from /usr/local/include/boost/functional/hash/hash.hpp:560,
                 from /usr/local/include/boost/functional/hash.hpp:6,
                 from src/solver.cc:3:
/usr/include/c++/6/bits/stl_tree.h:2222:52: error: expected primary-expression before ‘>’ token
  _Link_type __z = _M_create_node(std::forward<_Args>(__args)...);
                                                    ^
/usr/include/c++/6/bits/stl_tree.h: In member function ‘hci::std::_Rb_tree<_Key, _Val, _KeyOfValue, _Compare, _Alloc>::size_type hci::std::_Rb_tree<_Key, _Val, _KeyOfValue, _Compare, _Alloc>::erase(const _Key&)’:
/usr/include/c++/6/bits/stl_tree.h:2298:7: error: ‘pair’ was not declared in this scope
       pair<iterator, iterator> __p = equal_range(__x);
       ^~~~
/usr/include/c++/6/bits/stl_tree.h:2298:7: note: suggested alternative:
In file included from /usr/include/c++/6/bits/stl_algobase.h:64:0,
                 from /usr/include/c++/6/bits/char_traits.h:39,
                 from /usr/include/c++/6/string:40,
                 from /usr/local/include/boost/mpi/exception.hpp:18,
                 from /usr/local/include/boost/mpi/allocator.hpp:16,
                 from /usr/local/include/boost/mpi.hpp:22,
                 from src/solver.h:4,
                 from src/solver.cc:1:
/usr/include/c++/6/bits/stl_pair.h:147:12: note:   ‘std::pair’
     struct pair
            ^~~~
In file included from /usr/include/c++/6/map:60:0,
                 from /usr/local/include/boost/detail/container_fwd.hpp:94,
                 from /usr/local/include/boost/functional/hash/extensions.hpp:22,
                 from /usr/local/include/boost/functional/hash/hash.hpp:560,
                 from /usr/local/include/boost/functional/hash.hpp:6,
                 from src/solver.cc:3:
/usr/include/c++/6/bits/stl_tree.h:2298:20: error: expected primary-expression before ‘,’ token
       pair<iterator, iterator> __p = equal_range(__x);
                    ^
/usr/include/c++/6/bits/stl_tree.h:2298:30: error: expected primary-expression before ‘>’ token
       pair<iterator, iterator> __p = equal_range(__x);
                              ^
/usr/include/c++/6/bits/stl_tree.h:2298:32: error: ‘__p’ was not declared in this scope
       pair<iterator, iterator> __p = equal_range(__x);
                                ^~~
/usr/include/c++/6/bits/stl_tree.h: In member function ‘hci::std::_Rb_tree<_Key, _Val, _KeyOfValue, _Compare, _Alloc>::size_type hci::std::_Rb_tree<_Key, _Val, _KeyOfValue, _Compare, _Alloc>::count(const _Key&) const’:
/usr/include/c++/6/bits/stl_tree.h:2346:7: error: ‘pair’ was not declared in this scope
       pair<const_iterator, const_iterator> __p = equal_range(__k);
       ^~~~
/usr/include/c++/6/bits/stl_tree.h:2346:7: note: suggested alternative:
In file included from /usr/include/c++/6/bits/stl_algobase.h:64:0,
                 from /usr/include/c++/6/bits/char_traits.h:39,
                 from /usr/include/c++/6/string:40,
                 from /usr/local/include/boost/mpi/exception.hpp:18,
                 from /usr/local/include/boost/mpi/allocator.hpp:16,
                 from /usr/local/include/boost/mpi.hpp:22,
                 from src/solver.h:4,
                 from src/solver.cc:1:
/usr/include/c++/6/bits/stl_pair.h:147:12: note:   ‘std::pair’
     struct pair
            ^~~~
In file included from /usr/include/c++/6/map:60:0,
                 from /usr/local/include/boost/detail/container_fwd.hpp:94,
                 from /usr/local/include/boost/functional/hash/extensions.hpp:22,
                 from /usr/local/include/boost/functional/hash/hash.hpp:560,
                 from /usr/local/include/boost/functional/hash.hpp:6,
                 from src/solver.cc:3:
/usr/include/c++/6/bits/stl_tree.h:2346:26: error: expected primary-expression before ‘,’ token
       pair<const_iterator, const_iterator> __p = equal_range(__k);
                          ^
/usr/include/c++/6/bits/stl_tree.h:2346:42: error: expected primary-expression before ‘>’ token
       pair<const_iterator, const_iterator> __p = equal_range(__k);
                                          ^
/usr/include/c++/6/bits/stl_tree.h:2346:44: error: ‘__p’ was not declared in this scope
       pair<const_iterator, const_iterator> __p = equal_range(__k);
                                            ^~~
/usr/include/c++/6/bits/stl_tree.h:2347:29: error: ‘distance’ is not a member of ‘hci::std’
       const size_type __n = std::distance(__p.first, __p.second);
                             ^~~
/usr/include/c++/6/bits/stl_tree.h:2347:29: note: suggested alternatives:
In file included from /usr/include/c++/6/bits/stl_algobase.h:66:0,
                 from /usr/include/c++/6/bits/char_traits.h:39,
                 from /usr/include/c++/6/string:40,
                 from /usr/local/include/boost/mpi/exception.hpp:18,
                 from /usr/local/include/boost/mpi/allocator.hpp:16,
                 from /usr/local/include/boost/mpi.hpp:22,
                 from src/solver.h:4,
                 from src/solver.cc:1:
/usr/include/c++/6/bits/stl_iterator_base_funcs.h:135:5: note:   ‘std::distance’
     distance(_InputIterator __first, _InputIterator __last)
     ^~~~~~~~
/usr/include/c++/6/bits/stl_iterator_base_funcs.h:135:5: note:   ‘std::distance’
In file included from /usr/include/c++/6/map:61:0,
                 from /usr/local/include/boost/detail/container_fwd.hpp:94,
                 from /usr/local/include/boost/functional/hash/extensions.hpp:22,
                 from /usr/local/include/boost/functional/hash/hash.hpp:560,
                 from /usr/local/include/boost/functional/hash.hpp:6,
                 from src/solver.cc:3:
/usr/include/c++/6/bits/stl_map.h: At global scope:
/usr/include/c++/6/bits/stl_map.h:94:67: error: ‘less’ in namespace ‘hci::std’ does not name a template type
   template <typename _Key, typename _Tp, typename _Compare = std::less<_Key>,
                                                                   ^~~~
/usr/include/c++/6/bits/stl_map.h:94:71: error: expected ‘>’ before ‘<’ token
   template <typename _Key, typename _Tp, typename _Compare = std::less<_Key>,
                                                                       ^
/usr/include/c++/6/bits/stl_map.h:101:20: error: ‘pair’ in namespace ‘hci::std’ does not name a template type
       typedef std::pair<const _Key, _Tp>                    value_type;
                    ^~~~
/usr/include/c++/6/bits/stl_map.h:103:15: error: ‘_Alloc’ does not name a type
       typedef _Alloc                                        allocator_type;
               ^~~~~~
/usr/include/c++/6/bits/stl_map.h:107:24: error: ‘_Alloc’ has not been declared
       typedef typename _Alloc::value_type                   _Alloc_value_type;
                        ^~~~~~
/usr/include/c++/6/bits/stl_map.h:115:36: error: expected template-name before ‘<’ token
       : public std::binary_function<value_type, value_type, bool>
                                    ^
/usr/include/c++/6/bits/stl_map.h:115:36: error: expected ‘{’ before ‘<’ token
/usr/include/c++/6/bits/stl_map.h:115:36: error: expected unqualified-id before ‘<’ token
src/solver.cc:173:1: error: expected ‘}’ at end of input
 }
 ^
src/solver.cc:173:1: error: expected ‘;’ at end of input
src/solver.cc:173:1: error: expected ‘}’ at end of input
src/solver.cc:173:1: error: expected ‘}’ at end of input
make: *** [build/solver.o] Error 1
